C:\Users\nguye\Documents\MCUXpressoIDE_11.9.1_2170\workspace\MKE16Z4_Project\drivers/fsl_gpio.h:329:20:GPIO_PinWrite	24	static
C:\Users\nguye\Documents\MCUXpressoIDE_11.9.1_2170\workspace\MKE16Z4_Project\drivers/fsl_gpio.h:411:24:GPIO_PinRead	16	static
C:\Users\nguye\Documents\MCUXpressoIDE_11.9.1_2170\workspace\MKE16Z4_Project\drivers/fsl_pdb.h:335:20:PDB_DoSoftwareTrigger	16	static
C:\Users\nguye\Documents\MCUXpressoIDE_11.9.1_2170\workspace\MKE16Z4_Project\drivers/fsl_pdb.h:348:20:PDB_DoLoadValues	16	static
C:\Users\nguye\Documents\MCUXpressoIDE_11.9.1_2170\workspace\MKE16Z4_Project\drivers/fsl_pdb.h:404:24:PDB_GetStatusFlags	16	static
C:\Users\nguye\Documents\MCUXpressoIDE_11.9.1_2170\workspace\MKE16Z4_Project\drivers/fsl_pdb.h:415:20:PDB_ClearStatusFlags	16	static
C:\Users\nguye\Documents\MCUXpressoIDE_11.9.1_2170\workspace\MKE16Z4_Project\drivers/fsl_pdb.h:428:20:PDB_SetModulusValue	16	static
C:\Users\nguye\Documents\MCUXpressoIDE_11.9.1_2170\workspace\MKE16Z4_Project\drivers/fsl_pdb.h:451:20:PDB_SetCounterDelayValue	16	static
C:\Users\nguye\Documents\MCUXpressoIDE_11.9.1_2170\workspace\MKE16Z4_Project\drivers/fsl_ftm.h:443:36:FTM_CalculateCounterClkDiv	40	static
C:\Users\nguye\Documents\MCUXpressoIDE_11.9.1_2170\workspace\MKE16Z4_Project\drivers/fsl_ftm.h:737:20:FTM_StartTimer	24	static
C:\Users\nguye\Documents\MCUXpressoIDE_11.9.1_2170\workspace\MKE16Z4_Project\drivers/fsl_ftm.h:1033:20:FTM_SetSoftwareTrigger	16	static
../source/MKE16Z4_Project.c:49:6:delay1msPDB	16	static
../source/MKE16Z4_Project.c:61:6:delay1ms	8	static
../source/MKE16Z4_Project.c:70:6:delayms	24	static
../source/MKE16Z4_Project.c:81:6:initGPIO	8	static
../source/MKE16Z4_Project.c:108:6:RmotorDCGoForward	8	static
../source/MKE16Z4_Project.c:114:6:RmotorDCGoBackward	8	static
../source/MKE16Z4_Project.c:120:6:RmotorDCStop	8	static
../source/MKE16Z4_Project.c:126:6:LmotorDCGoForward	8	static
../source/MKE16Z4_Project.c:132:6:LmotorDCGoBackward	8	static
../source/MKE16Z4_Project.c:138:6:LmotorDCStop	8	static
../source/MKE16Z4_Project.c:144:6:initPDB	16	static
../source/MKE16Z4_Project.c:157:6:initFTM	72	static
../source/MKE16Z4_Project.c:196:9:readSensor	16	static
../source/MKE16Z4_Project.c:208:6:runDirection	24	static
../source/MKE16Z4_Project.c:276:5:main	8	static
