C:\Users\trieu\Desktop\lap_trinh_nhung\MKE16Z4_Project_PWM\MKE16Z4_Project\drivers/fsl_gpio.h:329:20:GPIO_PinWrite	24	static
C:\Users\trieu\Desktop\lap_trinh_nhung\MKE16Z4_Project_PWM\MKE16Z4_Project\drivers/fsl_pdb.h:335:20:PDB_DoSoftwareTrigger	16	static
C:\Users\trieu\Desktop\lap_trinh_nhung\MKE16Z4_Project_PWM\MKE16Z4_Project\drivers/fsl_pdb.h:348:20:PDB_DoLoadValues	16	static
C:\Users\trieu\Desktop\lap_trinh_nhung\MKE16Z4_Project_PWM\MKE16Z4_Project\drivers/fsl_pdb.h:404:24:PDB_GetStatusFlags	16	static
C:\Users\trieu\Desktop\lap_trinh_nhung\MKE16Z4_Project_PWM\MKE16Z4_Project\drivers/fsl_pdb.h:415:20:PDB_ClearStatusFlags	16	static
C:\Users\trieu\Desktop\lap_trinh_nhung\MKE16Z4_Project_PWM\MKE16Z4_Project\drivers/fsl_pdb.h:428:20:PDB_SetModulusValue	16	static
C:\Users\trieu\Desktop\lap_trinh_nhung\MKE16Z4_Project_PWM\MKE16Z4_Project\drivers/fsl_pdb.h:451:20:PDB_SetCounterDelayValue	16	static
C:\Users\trieu\Desktop\lap_trinh_nhung\MKE16Z4_Project_PWM\MKE16Z4_Project\drivers/fsl_ftm.h:443:36:FTM_CalculateCounterClkDiv	40	static
C:\Users\trieu\Desktop\lap_trinh_nhung\MKE16Z4_Project_PWM\MKE16Z4_Project\drivers/fsl_ftm.h:737:20:FTM_StartTimer	24	static
C:\Users\trieu\Desktop\lap_trinh_nhung\MKE16Z4_Project_PWM\MKE16Z4_Project\drivers/fsl_ftm.h:1033:20:FTM_SetSoftwareTrigger	16	static
../source/MKE16Z4_Project.c:42:6:delay1msPDB	16	static
../source/MKE16Z4_Project.c:54:6:delay1ms	8	static
../source/MKE16Z4_Project.c:63:6:delay1s	16	static
../source/MKE16Z4_Project.c:74:6:initGPIO	8	static
../source/MKE16Z4_Project.c:89:6:motorDCGoForward	8	static
../source/MKE16Z4_Project.c:94:6:motorDCGoBackward	8	static
../source/MKE16Z4_Project.c:99:6:motorDCStop	8	static
../source/MKE16Z4_Project.c:104:6:initPDB	16	static
../source/MKE16Z4_Project.c:116:6:initFTM	72	static
../source/MKE16Z4_Project.c:154:5:main	16	static
