../drivers/fsl_clock.h:639:20:CLOCK_EnableClock	24	static
../drivers/fsl_clock.h:650:20:CLOCK_DisableClock	24	static
../drivers/fsl_clock.h:661:20:CLOCK_SetEr32kClock	16	static
../drivers/fsl_clock.h:713:20:CLOCK_SetPllFllSelClock	24	static
../drivers/fsl_clock.h:1155:20:OSC_SetExtRefClkConfig	24	static
../drivers/fsl_clock.h:1183:20:OSC_SetCapLoad	24	static
../drivers/fsl_clock.c:192:13:CLOCK_FllStableDelay	16	static
../drivers/fsl_clock.c:212:17:CLOCK_GetMcgExtClkFreq	16	static
../drivers/fsl_clock.c:239:17:CLOCK_GetFllExtRefClkFreq	16	static
../drivers/fsl_clock.c:293:17:CLOCK_GetInternalRefClkSelectFreq	8	static
../drivers/fsl_clock.c:307:17:CLOCK_GetFllRefClkFreq	8	static
../drivers/fsl_clock.c:321:17:CLOCK_GetPll0RefFreq	8	static
../drivers/fsl_clock.c:327:16:CLOCK_GetOscRangeFromFreq	24	static
../drivers/fsl_clock.c:352:10:CLOCK_GetOsc0ErClkUndivFreq	8	static
../drivers/fsl_clock.c:371:10:CLOCK_GetOsc0ErClkDivFreq	8	static
../drivers/fsl_clock.c:390:10:CLOCK_GetEr32kClkFreq	16	static
../drivers/fsl_clock.c:419:10:CLOCK_GetPllFllSelClkFreq	16	static
../drivers/fsl_clock.c:450:10:CLOCK_GetOsc0ErClkFreq	8	static
../drivers/fsl_clock.c:460:10:CLOCK_GetPlatClkFreq	8	static
../drivers/fsl_clock.c:470:10:CLOCK_GetFlashClkFreq	8	static
../drivers/fsl_clock.c:480:10:CLOCK_GetQspiBusClkFreq	8	static
../drivers/fsl_clock.c:490:10:CLOCK_GetBusClkFreq	8	static
../drivers/fsl_clock.c:500:10:CLOCK_GetCoreSysClkFreq	8	static
../drivers/fsl_clock.c:515:10:CLOCK_GetFreq	24	static
../drivers/fsl_clock.c:579:6:CLOCK_SetSimConfig	16	static
../drivers/fsl_clock.c:593:6:CLOCK_EnableUsbfs0Clock	24	static
../drivers/fsl_clock.c:645:10:CLOCK_GetOutClkFreq	16	static
../drivers/fsl_clock.c:680:10:CLOCK_GetFllFreq	16	static
../drivers/fsl_clock.c:714:10:CLOCK_GetInternalRefClkFreq	8	static
../drivers/fsl_clock.c:733:10:CLOCK_GetFixedFreqClkFreq	16	static
../drivers/fsl_clock.c:756:10:CLOCK_GetPll0Freq	16	static
../drivers/fsl_clock.c:793:10:CLOCK_SetExternalRefClkConfig	24	static
../drivers/fsl_clock.c:846:10:CLOCK_SetInternalRefClkConfig	32	static
../drivers/fsl_clock.c:909:10:CLOCK_CalcPllDiv	56	static
../drivers/fsl_clock.c:1019:6:CLOCK_EnablePll0	24	static
../drivers/fsl_clock.c:1046:6:CLOCK_SetOsc0MonitorMode	16	static
../drivers/fsl_clock.c:1076:6:CLOCK_SetRtcOscMonitorMode	24	static
../drivers/fsl_clock.c:1100:6:CLOCK_SetPll0MonitorMode	24	static
../drivers/fsl_clock.c:1156:10:CLOCK_GetStatusFlags	16	static
../drivers/fsl_clock.c:1200:6:CLOCK_ClearStatusFlags	24	static
../drivers/fsl_clock.c:1226:6:CLOCK_InitOsc0	32	static
../drivers/fsl_clock.c:1249:6:CLOCK_DeinitOsc0	8	static
../drivers/fsl_clock.c:1273:10:CLOCK_TrimInternalRefClk	40	static
../drivers/fsl_clock.c:1356:12:CLOCK_GetMode	32	static
../drivers/fsl_clock.c:1471:10:CLOCK_SetFeiMode	24	static
../drivers/fsl_clock.c:1546:10:CLOCK_SetFeeMode	32	static
../drivers/fsl_clock.c:1640:10:CLOCK_SetFbiMode	24	static
../drivers/fsl_clock.c:1719:10:CLOCK_SetFbeMode	32	static
../drivers/fsl_clock.c:1811:10:CLOCK_SetBlpiMode	8	static
../drivers/fsl_clock.c:1835:10:CLOCK_SetBlpeMode	8	static
../drivers/fsl_clock.c:1869:10:CLOCK_SetPbeMode	16	static
../drivers/fsl_clock.c:1922:10:CLOCK_SetPeeMode	8	static
../drivers/fsl_clock.c:1959:10:CLOCK_ExternalModeToFbeModeQuick	8	static
../drivers/fsl_clock.c:2001:10:CLOCK_InternalModeToFbiModeQuick	8	static
../drivers/fsl_clock.c:2036:10:CLOCK_BootToFeiMode	16	static
../drivers/fsl_clock.c:2056:10:CLOCK_BootToFeeMode	24	static
../drivers/fsl_clock.c:2077:10:CLOCK_BootToBlpiMode	24	static
../drivers/fsl_clock.c:2105:10:CLOCK_BootToBlpeMode	16	static
../drivers/fsl_clock.c:2150:10:CLOCK_BootToPeeMode	16	static
../drivers/fsl_clock.c:2210:10:CLOCK_SetMcgConfig	40	static
