C:\Users\trieu\Desktop\lap_trinh_nhung\frdmkl82z_i2c_polling_b2b_transfer_master\frdmkl82z_i2c_polling_b2b_transfer_master\CMSIS/core_cm0plus.h:733:22:__NVIC_EnableIRQ	16	static
../drivers/fsl_clock.h:639:20:CLOCK_EnableClock	24	static
../drivers/fsl_clock.h:650:20:CLOCK_DisableClock	24	static
../drivers/fsl_common.h:414:28:EnableIRQ	16	static
../drivers/fsl_lpuart.c:109:10:LPUART_GetInstance	24	static
../drivers/fsl_lpuart.c:133:8:LPUART_TransferGetRxRingBufferLength	24	static
../drivers/fsl_lpuart.c:151:13:LPUART_TransferIsRxRingBufferFull	24	static
../drivers/fsl_lpuart.c:168:13:LPUART_WriteNonBlocking	32	static
../drivers/fsl_lpuart.c:182:13:LPUART_ReadNonBlocking	32	static
../drivers/fsl_lpuart.c:236:10:LPUART_Init	64	static
../drivers/fsl_lpuart.c:452:6:LPUART_Deinit	24	static
../drivers/fsl_lpuart.c:516:6:LPUART_GetDefaultConfig	16	static
../drivers/fsl_lpuart.c:561:10:LPUART_SetBaudRate	64	static
../drivers/fsl_lpuart.c:659:6:LPUART_EnableInterrupts	16	static
../drivers/fsl_lpuart.c:683:6:LPUART_DisableInterrupts	16	static
../drivers/fsl_lpuart.c:714:10:LPUART_GetEnabledInterrupts	24	static
../drivers/fsl_lpuart.c:743:10:LPUART_GetStatusFlags	24	static
../drivers/fsl_lpuart.c:774:10:LPUART_ClearStatusFlags	24	static
../drivers/fsl_lpuart.c:829:6:LPUART_WriteBlocking	24	static
../drivers/fsl_lpuart.c:859:10:LPUART_ReadBlocking	32	static
../drivers/fsl_lpuart.c:939:6:LPUART_TransferCreateHandle	32	static
../drivers/fsl_lpuart.c:1003:6:LPUART_TransferStartRingBuffer	24	static
../drivers/fsl_lpuart.c:1029:6:LPUART_TransferStopRingBuffer	16	static
../drivers/fsl_lpuart.c:1063:10:LPUART_TransferSendNonBlocking	32	static
../drivers/fsl_lpuart.c:1102:6:LPUART_TransferAbortSend	16	static
../drivers/fsl_lpuart.c:1125:10:LPUART_TransferGetSendCount	24	static
../drivers/fsl_lpuart.c:1166:10:LPUART_TransferReceiveNonBlocking	56	static
../drivers/fsl_lpuart.c:1291:6:LPUART_TransferAbortReceive	16	static
../drivers/fsl_lpuart.c:1319:10:LPUART_TransferGetReceiveCount	24	static
../drivers/fsl_lpuart.c:1342:6:LPUART_TransferHandleIRQ	40	static
../drivers/fsl_lpuart.c:1558:6:LPUART_TransferHandleErrorIRQ	16	static
../drivers/fsl_lpuart.c:1664:6:LPUART0_DriverIRQHandler	8	static
../drivers/fsl_lpuart.c:1699:6:LPUART1_DriverIRQHandler	8	static
../drivers/fsl_lpuart.c:1733:6:LPUART2_DriverIRQHandler	8	static
