C:\Users\trieu\Desktop\lap_trinh_nhung\frdmkl82z_i2c_polling_b2b_transfer_master\frdmkl82z_i2c_polling_b2b_transfer_master\CMSIS/core_cm0plus.h:733:22:__NVIC_EnableIRQ	16	static
../drivers/fsl_clock.h:639:20:CLOCK_EnableClock	24	static
../drivers/fsl_clock.h:650:20:CLOCK_DisableClock	24	static
../drivers/fsl_common.h:414:28:EnableIRQ	16	static
../drivers/fsl_i2c.h:375:20:I2C_Enable	16	static
../drivers/fsl_i2c.h:408:24:I2C_SlaveGetStatusFlags	16	static
../drivers/fsl_i2c.h:426:20:I2C_MasterClearStatusFlags	16	static
../drivers/fsl_i2c.h:461:20:I2C_SlaveClearStatusFlags	16	static
../drivers/fsl_i2c.c:149:10:I2C_GetInstance	24	static
../drivers/fsl_i2c.c:167:13:I2C_SetHoldTime	64	static
../drivers/fsl_i2c.c:215:17:I2C_InitTransferStateMachine	40	static
../drivers/fsl_i2c.c:281:17:I2C_CheckAndClearError	24	static
../drivers/fsl_i2c.c:304:17:I2C_MasterTransferRunStateMachine	48	static
../drivers/fsl_i2c.c:470:13:I2C_TransferCommonIRQHandler	16	static
../drivers/fsl_i2c.c:509:6:I2C_MasterInit	32	static
../drivers/fsl_i2c.c:576:6:I2C_MasterDeinit	16	static
../drivers/fsl_i2c.c:600:6:I2C_MasterGetDefaultConfig	16	static
../drivers/fsl_i2c.c:637:6:I2C_EnableInterrupts	24	static
../drivers/fsl_i2c.c:687:6:I2C_DisableInterrupts	16	static
../drivers/fsl_i2c.c:716:6:I2C_MasterSetBaudRate	56	static
../drivers/fsl_i2c.c:770:10:I2C_MasterStart	24	static
../drivers/fsl_i2c.c:817:10:I2C_MasterRepeatedStart	32	static
../drivers/fsl_i2c.c:875:10:I2C_MasterStop	24	static
../drivers/fsl_i2c.c:909:10:I2C_MasterGetStatusFlags	24	static
../drivers/fsl_i2c.c:944:10:I2C_MasterWriteBlocking	32	static
../drivers/fsl_i2c.c:1045:10:I2C_MasterReadBlocking	32	static
../drivers/fsl_i2c.c:1149:10:I2C_MasterTransferBlocking	24	static
../drivers/fsl_i2c.c:1367:6:I2C_MasterTransferCreateHandle	32	static
../drivers/fsl_i2c.c:1408:10:I2C_MasterTransferNonBlocking	32	static
../drivers/fsl_i2c.c:1446:10:I2C_MasterTransferAbort	24	static
../drivers/fsl_i2c.c:1528:10:I2C_MasterTransferGetCount	24	static
../drivers/fsl_i2c.c:1548:6:I2C_MasterTransferHandleIRQ	40	static
../drivers/fsl_i2c.c:1619:6:I2C_SlaveInit	32	static
../drivers/fsl_i2c.c:1686:6:I2C_SlaveDeinit	16	static
../drivers/fsl_i2c.c:1709:6:I2C_SlaveGetDefaultConfig	16	static
../drivers/fsl_i2c.c:1750:10:I2C_SlaveWriteBlocking	40	static
../drivers/fsl_i2c.c:1808:10:I2C_SlaveReadBlocking	32	static
../drivers/fsl_i2c.c:1902:6:I2C_SlaveTransferCreateHandle	32	static
../drivers/fsl_i2c.c:1952:10:I2C_SlaveTransferNonBlocking	24	static
../drivers/fsl_i2c.c:1993:6:I2C_SlaveTransferAbort	16	static
../drivers/fsl_i2c.c:2019:10:I2C_SlaveTransferGetCount	24	static
../drivers/fsl_i2c.c:2047:6:I2C_SlaveTransferHandleIRQ	48	static
../drivers/fsl_i2c.c:2289:6:I2C0_DriverIRQHandler	8	static
../drivers/fsl_i2c.c:2296:6:I2C1_DriverIRQHandler	8	static
