Archive member included to satisfy reference by file (symbol)

c:/nxp/mcuxpressoide_11.9.1_2170/ide/plugins/com.nxp.mcuxpresso.tools.win32_11.9.1.202402080819/tools/bin/../lib/gcc/arm-none-eabi/12.3.1/../../../../arm-none-eabi/lib/thumb/v6-m/nofp\libcr_nohost_nf.a(_cr__main.o)
                              ./startup/startup_mke16z4.o (__main)
c:/nxp/mcuxpressoide_11.9.1_2170/ide/plugins/com.nxp.mcuxpresso.tools.win32_11.9.1.202402080819/tools/bin/../lib/gcc/arm-none-eabi/12.3.1/../../../../arm-none-eabi/lib/thumb/v6-m/nofp\libcr_c.a(memcpy.o)
                              ./utilities/fsl_str.o (memcpy)
c:/nxp/mcuxpressoide_11.9.1_2170/ide/plugins/com.nxp.mcuxpresso.tools.win32_11.9.1.202402080819/tools/bin/../lib/gcc/arm-none-eabi/12.3.1/../../../../arm-none-eabi/lib/thumb/v6-m/nofp\libcr_c.a(memset.o)
                              ./utilities/fsl_debug_console.o (memset)
c:/nxp/mcuxpressoide_11.9.1_2170/ide/plugins/com.nxp.mcuxpresso.tools.win32_11.9.1.202402080819/tools/bin/../lib/gcc/arm-none-eabi/12.3.1/../../../../arm-none-eabi/lib/thumb/v6-m/nofp\libcr_c.a(alloc.o)
                              ./drivers/fsl_common.o (malloc)
c:/nxp/mcuxpressoide_11.9.1_2170/ide/plugins/com.nxp.mcuxpresso.tools.win32_11.9.1.202402080819/tools/bin/../lib/gcc/arm-none-eabi/12.3.1/../../../../arm-none-eabi/lib/thumb/v6-m/nofp\libcr_c.a(errno.o)
                              ./utilities/fsl_str.o (errno)
c:/nxp/mcuxpressoide_11.9.1_2170/ide/plugins/com.nxp.mcuxpresso.tools.win32_11.9.1.202402080819/tools/bin/../lib/gcc/arm-none-eabi/12.3.1/../../../../arm-none-eabi/lib/thumb/v6-m/nofp\libcr_c.a(initio.o)
                              c:/nxp/mcuxpressoide_11.9.1_2170/ide/plugins/com.nxp.mcuxpresso.tools.win32_11.9.1.202402080819/tools/bin/../lib/gcc/arm-none-eabi/12.3.1/../../../../arm-none-eabi/lib/thumb/v6-m/nofp\libcr_nohost_nf.a(_cr__main.o) (_initio)
c:/nxp/mcuxpressoide_11.9.1_2170/ide/plugins/com.nxp.mcuxpresso.tools.win32_11.9.1.202402080819/tools/bin/../lib/gcc/arm-none-eabi/12.3.1/../../../../arm-none-eabi/lib/thumb/v6-m/nofp\libcr_c.a(scanf.o)
                              ./utilities/fsl_str.o (strtoul)
c:/nxp/mcuxpressoide_11.9.1_2170/ide/plugins/com.nxp.mcuxpresso.tools.win32_11.9.1.202402080819/tools/bin/../lib/gcc/arm-none-eabi/12.3.1/../../../../arm-none-eabi/lib/thumb/v6-m/nofp\libcr_c.a(setvbuf.o)
                              c:/nxp/mcuxpressoide_11.9.1_2170/ide/plugins/com.nxp.mcuxpresso.tools.win32_11.9.1.202402080819/tools/bin/../lib/gcc/arm-none-eabi/12.3.1/../../../../arm-none-eabi/lib/thumb/v6-m/nofp\libcr_c.a(initio.o) (setvbuf)
c:/nxp/mcuxpressoide_11.9.1_2170/ide/plugins/com.nxp.mcuxpresso.tools.win32_11.9.1.202402080819/tools/bin/../lib/gcc/arm-none-eabi/12.3.1/../../../../arm-none-eabi/lib/thumb/v6-m/nofp\libcr_c.a(strlen.o)
                              ./utilities/fsl_str.o (strlen)
c:/nxp/mcuxpressoide_11.9.1_2170/ide/plugins/com.nxp.mcuxpresso.tools.win32_11.9.1.202402080819/tools/bin/../lib/gcc/arm-none-eabi/12.3.1/../../../../arm-none-eabi/lib/thumb/v6-m/nofp\libcr_c.a(ungetc.o)
                              c:/nxp/mcuxpressoide_11.9.1_2170/ide/plugins/com.nxp.mcuxpresso.tools.win32_11.9.1.202402080819/tools/bin/../lib/gcc/arm-none-eabi/12.3.1/../../../../arm-none-eabi/lib/thumb/v6-m/nofp\libcr_c.a(scanf.o) (ungetc)
c:/nxp/mcuxpressoide_11.9.1_2170/ide/plugins/com.nxp.mcuxpresso.tools.win32_11.9.1.202402080819/tools/bin/../lib/gcc/arm-none-eabi/12.3.1/../../../../arm-none-eabi/lib/thumb/v6-m/nofp\libcr_c.a(__fillbuf.o)
                              c:/nxp/mcuxpressoide_11.9.1_2170/ide/plugins/com.nxp.mcuxpresso.tools.win32_11.9.1.202402080819/tools/bin/../lib/gcc/arm-none-eabi/12.3.1/../../../../arm-none-eabi/lib/thumb/v6-m/nofp\libcr_c.a(scanf.o) (__filbuf)
c:/nxp/mcuxpressoide_11.9.1_2170/ide/plugins/com.nxp.mcuxpresso.tools.win32_11.9.1.202402080819/tools/bin/../lib/gcc/arm-none-eabi/12.3.1/../../../../arm-none-eabi/lib/thumb/v6-m/nofp\libcr_c.a(__init_alloc.o)
                              c:/nxp/mcuxpressoide_11.9.1_2170/ide/plugins/com.nxp.mcuxpresso.tools.win32_11.9.1.202402080819/tools/bin/../lib/gcc/arm-none-eabi/12.3.1/../../../../arm-none-eabi/lib/thumb/v6-m/nofp\libcr_c.a(alloc.o) (__heaps)
c:/nxp/mcuxpressoide_11.9.1_2170/ide/plugins/com.nxp.mcuxpresso.tools.win32_11.9.1.202402080819/tools/bin/../lib/gcc/arm-none-eabi/12.3.1/../../../../arm-none-eabi/lib/thumb/v6-m/nofp\libcr_c.a(_cr_sbrk.o)
                              c:/nxp/mcuxpressoide_11.9.1_2170/ide/plugins/com.nxp.mcuxpresso.tools.win32_11.9.1.202402080819/tools/bin/../lib/gcc/arm-none-eabi/12.3.1/../../../../arm-none-eabi/lib/thumb/v6-m/nofp\libcr_c.a(alloc.o) (_sbrk)
c:/nxp/mcuxpressoide_11.9.1_2170/ide/plugins/com.nxp.mcuxpresso.tools.win32_11.9.1.202402080819/tools/bin/../lib/gcc/arm-none-eabi/12.3.1/../../../../arm-none-eabi/lib/thumb/v6-m/nofp\libcr_c.a(_deferredlazyseek.o)
[...]
Memory Configuration

Name             Origin             Length             Attributes
PROGRAM_FLASH    0x00000000         0x00010000         xr
SRAM             0x1ffff800         0x00002000         xrw
*default*        0x00000000         0xffffffff

Linker script and memory map

LOAD ./utilities/fsl_assert.o
LOAD ./utilities/fsl_debug_console.o
LOAD ./utilities/fsl_str.o
LOAD ./startup/startup_mke16z4.o
LOAD ./source/MKE16Z4_Project.o
LOAD ./source/mtb.o
LOAD ./source/semihost_hardfault.o
LOAD ./drivers/fsl_clock.o
LOAD ./drivers/fsl_common.o
LOAD ./drivers/fsl_common_arm.o
LOAD ./drivers/fsl_ftm.o
LOAD ./drivers/fsl_gpio.o
LOAD ./drivers/fsl_lpi2c.o
LOAD ./drivers/fsl_lpuart.o
LOAD ./drivers/fsl_pdb.o
LOAD ./drivers/fsl_smc.o
LOAD ./device/system_MKE16Z4.o
LOAD ./component/uart/fsl_adapter_lpuart.o
LOAD ./component/serial_manager/fsl_component_serial_manager.o
LOAD ./component/serial_manager/fsl_component_serial_port_uart.o
LOAD ./board/board.o
LOAD ./board/clock_config.o
LOAD ./board/peripherals.o
LOAD ./board/pin_mux.o
START GROUP
LOAD c:/nxp/mcuxpressoide_11.9.1_2170/ide/plugins/com.nxp.mcuxpresso.tools.win32_11.9.1.202402080819/tools/bin/../lib/gcc/arm-none-eabi/12.3.1/../../../../arm-none-eabi/lib/thumb/v6-m/nofp\libcr_nohost_nf.a
LOAD c:/nxp/mcuxpressoide_11.9.1_2170/ide/plugins/com.nxp.mcuxpresso.tools.win32_11.9.1.202402080819/tools/bin/../lib/gcc/arm-none-eabi/12.3.1/../../../../arm-none-eabi/lib/thumb/v6-m/nofp\libcr_c.a
LOAD c:/nxp/mcuxpressoide_11.9.1_2170/ide/plugins/com.nxp.mcuxpresso.tools.win32_11.9.1.202402080819/tools/bin/../lib/gcc/arm-none-eabi/12.3.1/thumb/v6-m/nofp\libcr_eabihelpers.a
LOAD c:/nxp/mcuxpressoide_11.9.1_2170/ide/plugins/com.nxp.mcuxpresso.tools.win32_11.9.1.202402080819/tools/bin/../lib/gcc/arm-none-eabi/12.3.1/thumb/v6-m/nofp\libgcc.a
END GROUP
                0x00000000                        __base_PROGRAM_FLASH = 0x0
                0x00000000                        __base_Flash = 0x0
                0x00010000                        __top_PROGRAM_FLASH = 0x10000
                0x00010000                        __top_Flash = 0x10000
                0x1ffff800                        __base_SRAM = 0x1ffff800
                0x1ffff800                        __base_RAM = 0x1ffff800
                0x20001800                        __top_SRAM = 0x20001800
                0x20001800                        __top_RAM = 0x20001800

.text           0x00000000     0x3858
 FILL mask 0xff
                0x00000000                        __vectors_start__ = ABSOLUTE (.)
 *(SORT_BY_ALIGNMENT(.isr_vector))
 .isr_vector    0x00000000       0xc0 ./startup/startup_mke16z4.o
                0x00000000                g_pfnVectors
                0x00000000                __Vectors
                0x000000c0                        . = ALIGN (0x4)
                0x000000c0                        __section_table_start = .
                0x000000c0                        __data_section_table = .
                0x000000c0        0x4 LONG 0x3858 LOADADDR (.data)
                0x000000c4        0x4 LONG 0x1ffff880 ADDR (.data)
                0x000000c8        0x4 LONG 0x8 SIZEOF (.data)
                0x000000cc                        __data_section_table_end = .
                0x000000cc                        __bss_section_table = .
                0x000000cc        0x4 LONG 0x1ffff888 ADDR (.bss)
                0x000000d0        0x4 LONG 0x108 SIZEOF (.bss)
                0x000000d4                        __bss_section_table_end = .
                0x000000d4                        __section_table_end = .
 *(SORT_BY_ALIGNMENT(.after_vectors*))
 .after_vectors.reset
                0x000000d4       0x4c ./startup/startup_mke16z4.o
                0x000000d4                ResetISR
 .after_vectors.init_data
                0x00000120       0x12 ./startup/startup_mke16z4.o
                0x00000120                data_init
 .after_vectors.init_bss
                0x00000132       0x10 ./startup/startup_mke16z4.o
                0x00000132                bss_init
 .after_vectors
                0x00000142      0x10c ./startup/startup_mke16z4.o
                0x00000142                NMI_Handler
                0x00000146                SVC_Handler
                0x00000148                PendSV_Handler
                0x0000014a                SysTick_Handler
                0x0000014c                Reserved37_DriverIRQHandler
                0x0000014c                Reserved39_DriverIRQHandler
                0x0000014c                MSCAN_DriverIRQHandler
                0x0000014c                FTM1_DriverIRQHandler
                0x0000014c                CMP0_DriverIRQHandler
                0x0000014c                ADC0_DriverIRQHandler
                0x0000014c                Reserved27_DriverIRQHandler
                0x0000014c                PWT_LPTMR0_DriverIRQHandler
                0x0000014c                LPIT0_DriverIRQHandler
                0x0000014c                PORTBCD_DriverIRQHandler
                0x0000014c                Reserved16_DriverIRQHandler
                0x0000014c                Reserved35_DriverIRQHandler
                0x0000014c                Reserved17_DriverIRQHandler
                0x0000014c                Reserved25_DriverIRQHandler
                0x0000014c                TSI_DriverIRQHandler
                0x0000014c                FTFA_DriverIRQHandler
                0x0000014c                FTM0_DriverIRQHandler
                0x0000014c                IntDefaultHandler
                0x0000014c                PORTAE_DriverIRQHandler
                0x0000014c                SCG_RCM_DriverIRQHandler
                0x0000014c                Reserved19_DriverIRQHandler
                0x0000014c                LVD_LVW_DriverIRQHandler
                0x0000014c                RTC_DriverIRQHandler
                0x0000014c                LPSPI0_DriverIRQHandler
                0x0000014c                PDB0_DriverIRQHandler
                0x0000014c                WDOG_EWM_DriverIRQHandler
                0x0000014c                Reserved20_DriverIRQHandler
                0x0000014c                Reserved18_DriverIRQHandler
                0x0000014e                Reserved16_IRQHandler
                0x00000156                Reserved17_IRQHandler
                0x0000015e                Reserved18_IRQHandler
                0x00000166                Reserved19_IRQHandler
                0x0000016e                Reserved20_IRQHandler
                0x00000176                FTFA_IRQHandler
                0x0000017e                LVD_LVW_IRQHandler
                0x00000186                PORTAE_IRQHandler
                0x0000018e                LPI2C0_IRQHandler
                0x00000196                Reserved25_IRQHandler
                0x0000019e                LPSPI0_IRQHandler
                0x000001a6                Reserved27_IRQHandler
                0x000001ae                LPUART0_IRQHandler
                0x000001b6                LPUART1_IRQHandler
                0x000001be                LPUART2_IRQHandler
                0x000001c6                ADC0_IRQHandler
                0x000001ce                CMP0_IRQHandler
                0x000001d6                FTM0_IRQHandler
                0x000001de                FTM1_IRQHandler
                0x000001e6                Reserved35_IRQHandler
                0x000001ee                RTC_IRQHandler
                0x000001f6                Reserved37_IRQHandler
                0x000001fe                LPIT0_IRQHandler
                0x00000206                Reserved39_IRQHandler
                0x0000020e                TSI_IRQHandler
                0x00000216                PDB0_IRQHandler
                0x0000021e                PORTBCD_IRQHandler
                0x00000226                SCG_RCM_IRQHandler
                0x0000022e                WDOG_EWM_IRQHandler
                0x00000236                PWT_LPTMR0_IRQHandler
                0x0000023e                MSCAN_Rx_IRQHandler
                0x00000246                MSCAN_ORed_IRQHandler
                0x00000400                        . = 0x400
 *fill*         0x0000024e      0x1b2 ff
                0x00000400                        PROVIDE (__FLASH_CONFIG_START__ = .)
 *(SORT_BY_ALIGNMENT(.FlashConfig))
 .FlashConfig   0x00000400       0x10 ./startup/startup_mke16z4.o
                0x00000400                Flash_Config
                0x00000410                        PROVIDE (__FLASH_CONFIG_END__ = .)
                0x00000001                        ASSERT (! ((__FLASH_CONFIG_START__ == __FLASH_CONFIG_END__)), Linker Flash Config Support Enabled, but no .FlashConfig section provided within application)
 *(SORT_BY_ALIGNMENT(.text*))
 .text.__assertion_failed
                0x00000410       0x34 ./utilities/fsl_assert.o
                0x00000410                __assertion_failed
 .text.DbgConsole_SendDataReliable
                0x00000444       0x5c ./utilities/fsl_debug_console.o
                0x00000444                DbgConsole_SendDataReliable
 .text.DbgConsole_Vprintf
                0x000004a0       0x74 ./utilities/fsl_debug_console.o
                0x000004a0                DbgConsole_Vprintf
 .text.PDB_ClearStatusFlags
                0x00000514       0x34 ./source/MKE16Z4_Project.o
 .text.FTM_CalculateCounterClkDiv
                0x00000548       0x98 ./source/MKE16Z4_Project.o
 .text.delay1msPDB
                0x000005e0       0x38 ./source/MKE16Z4_Project.o
                0x000005e0                delay1msPDB
 .text.initGPIO
                0x00000618       0x7c ./source/MKE16Z4_Project.o
                0x00000618                initGPIO
 .text.motorDCGoForward
                0x00000694       0x28 ./source/MKE16Z4_Project.o
                0x00000694                motorDCGoForward
 .text.motorDCStop
                0x000006bc       0x28 ./source/MKE16Z4_Project.o
                0x000006bc                motorDCStop
 .text.initPDB  0x000006e4       0x4c ./source/MKE16Z4_Project.o
                0x000006e4                initPDB
 .text.initFTM  0x00000730       0xfc ./source/MKE16Z4_Project.o
                0x00000730                initFTM
 .text.main     0x0000082c       0x9c ./source/MKE16Z4_Project.o
                0x0000082c                main
 .text.HardFault_Handler
                0x000008c8       0x38 ./source/semihost_hardfault.o
                0x000008c8                HardFault_Handler
 .text.CLOCK_InitSysOsc
                0x00000900      0x138 ./drivers/fsl_clock.o
                0x00000900                CLOCK_InitSysOsc
 .text.CLOCK_DeinitSysOsc
                0x00000a38       0x54 ./drivers/fsl_clock.o
                0x00000a38                CLOCK_DeinitSysOsc
 .text.CLOCK_InitSirc
                0x00000a8c       0x80 ./drivers/fsl_clock.o
                0x00000a8c                CLOCK_InitSirc
 .text.CLOCK_DeinitSirc
                0x00000b0c       0x50 ./drivers/fsl_clock.o
                0x00000b0c                CLOCK_DeinitSirc
 .text.CLOCK_InitFirc
                0x00000b5c      0x110 ./drivers/fsl_clock.o
                0x00000b5c                CLOCK_InitFirc
 .text.CLOCK_DeinitFirc
                0x00000c6c       0x54 ./drivers/fsl_clock.o
                0x00000c6c                CLOCK_DeinitFirc
 .text.CLOCK_InitLpFll
                0x00000cc0      0x13c ./drivers/fsl_clock.o
                0x00000cc0                CLOCK_InitLpFll
 .text.CLOCK_DeinitLpFll
                0x00000dfc       0x54 ./drivers/fsl_clock.o
                0x00000dfc                CLOCK_DeinitLpFll
 .text.CLOCK_EnableClock
                0x00000e50       0x34 ./drivers/fsl_ftm.o
 .text.FTM_GetInstance
                0x00000e84       0x54 ./drivers/fsl_ftm.o
 .text.FTM_SetPwmSync
                0x00000ed8      0x150 ./drivers/fsl_ftm.o
 .text.FTM_SetReloadPoints
                0x00001028      0x148 ./drivers/fsl_ftm.o
 .text.FTM_Init
                0x00001170      0x13c ./drivers/fsl_ftm.o
                0x00001170                FTM_Init
 .text.FTM_GetDefaultConfig
                0x000012ac       0x84 ./drivers/fsl_ftm.o
                0x000012ac                FTM_GetDefaultConfig
 .text.FTM_SetupPwm
                0x00001330      0x354 ./drivers/fsl_ftm.o
                0x00001330                FTM_SetupPwm
 .text.FTM_UpdatePwmDutycycle
                0x00001684      0x17c ./drivers/fsl_ftm.o
                0x00001684                FTM_UpdatePwmDutycycle
 .text.GPIO_PinInit
                0x00001800       0x64 ./drivers/fsl_gpio.o
                0x00001800                GPIO_PinInit
 .text.LPI2C_CommonIRQHandler
                0x00001864       0x70 ./drivers/fsl_lpi2c.o
 .text.LPI2C0_DriverIRQHandler
                0x000018d4       0x18 ./drivers/fsl_lpi2c.o
                0x000018d4                LPI2C0_DriverIRQHandler
 .text.LPUART_WriteBlocking
                0x000018ec       0x6c ./drivers/fsl_lpuart.o
                0x000018ec                LPUART_WriteBlocking
 .text.LPUART0_DriverIRQHandler
                0x00001958       0x24 ./drivers/fsl_lpuart.o
                0x00001958                LPUART0_DriverIRQHandler
 .text.LPUART1_DriverIRQHandler
                0x0000197c       0x24 ./drivers/fsl_lpuart.o
                0x0000197c                LPUART1_DriverIRQHandler
 .text.LPUART2_DriverIRQHandler
                0x000019a0       0x24 ./drivers/fsl_lpuart.o
                0x000019a0                LPUART2_DriverIRQHandler
 .text.CLOCK_EnableClock
                0x000019c4       0x34 ./drivers/fsl_pdb.o
 .text.PDB_GetInstance
                0x000019f8       0x48 ./drivers/fsl_pdb.o
 .text.PDB_Init
                0x00001a40       0xa0 ./drivers/fsl_pdb.o
                0x00001a40                PDB_Init
 .text.PDB_GetDefaultConfig
                0x00001ae0       0x4c ./drivers/fsl_pdb.o
                0x00001ae0                PDB_GetDefaultConfig
 .text.SystemInit
                0x00001b2c       0x5c ./device/system_MKE16Z4.o
                0x00001b2c                SystemInit
 .text.HAL_UartSendBlocking
                0x00001b88       0x6c ./component/uart/fsl_adapter_lpuart.o
                0x00001b88                HAL_UartSendBlocking
 .text.SerialManager_StartWriting
                0x00001bf4       0x44 ./component/serial_manager/fsl_component_serial_manager.o
 .text.CLOCK_SetRunModeSysClkConfig
                0x00001c38       0x34 ./board/clock_config.o
 .text.CLOCK_GetCurSysClkConfig
                0x00001c6c       0x34 ./board/clock_config.o
 .text.CLOCK_SetXtal0Freq
                0x00001ca0       0x1c ./board/clock_config.o
 .text.CLOCK_CONFIG_FircSafeConfig
                0x00001cbc       0xc8 ./board/clock_config.o
 .text.BOARD_BootClockRUN
                0x00001d84       0x7c ./board/clock_config.o
                0x00001d84                BOARD_BootClockRUN
 .text.CLOCK_EnableClock
                0x00001e00       0x34 ./board/pin_mux.o
 .text.PORT_SetPinConfig
                0x00001e34       0x38 ./board/pin_mux.o
 .text.PORT_SetPinMux
                0x00001e6c       0x40 ./board/pin_mux.o
 .text.BOARD_InitPins
                0x00001eac       0xb8 ./board/pin_mux.o
                0x00001eac                BOARD_InitPins
 .text.BOARD_InitDEBUG_UARTPins
                0x00001f64       0x78 ./board/pin_mux.o
                0x00001f64                BOARD_InitDEBUG_UARTPins
 .text._initio  0x00001fdc       0x7c c:/nxp/mcuxpressoide_11.9.1_2170/ide/plugins/com.nxp.mcuxpresso.tools.win32_11.9.1.202402080819/tools/bin/../lib/gcc/arm-none-eabi/12.3.1/../../../../arm-none-eabi/lib/thumb/v6-m/nofp\libcr_c.a(initio.o)
                0x00001fdc                _initio
 .text.setvbuf  0x00002058       0x4c c:/nxp/mcuxpressoide_11.9.1_2170/ide/plugins/com.nxp.mcuxpresso.tools.win32_11.9.1.202402080819/tools/bin/../lib/gcc/arm-none-eabi/12.3.1/../../../../arm-none-eabi/lib/thumb/v6-m/nofp\libcr_c.a(setvbuf.o)
                0x00002058                setvbuf
 .text.strlen   0x000020a4       0x5c c:/nxp/mcuxpressoide_11.9.1_2170/ide/plugins/com.nxp.mcuxpresso.tools.win32_11.9.1.202402080819/tools/bin/../lib/gcc/arm-none-eabi/12.3.1/../../../../arm-none-eabi/lib/thumb/v6-m/nofp\libcr_c.a(strlen.o)
                0x000020a4                strlen
 .text._deferredlazyseek
                0x00002100       0x40 c:/nxp/mcuxpressoide_11.9.1_2170/ide/plugins/com.nxp.mcuxpresso.tools.win32_11.9.1.202402080819/tools/bin/../lib/gcc/arm-none-eabi/12.3.1/../../../../arm-none-eabi/lib/thumb/v6-m/nofp\libcr_c.a(_deferredlazyseek.o)
                0x00002100                _deferredlazyseek
 .text._fdopen  0x00002140       0x74 c:/nxp/mcuxpressoide_11.9.1_2170/ide/plugins/com.nxp.mcuxpresso.tools.win32_11.9.1.202402080819/tools/bin/../lib/gcc/arm-none-eabi/12.3.1/../../../../arm-none-eabi/lib/thumb/v6-m/nofp\libcr_c.a(_fdopen.o)
                0x00002140                _fdopen
 .text._fflush  0x000021b4       0x5c c:/nxp/mcuxpressoide_11.9.1_2170/ide/plugins/com.nxp.mcuxpresso.tools.win32_11.9.1.202402080819/tools/bin/../lib/gcc/arm-none-eabi/12.3.1/../../../../arm-none-eabi/lib/thumb/v6-m/nofp\libcr_c.a(_fflush.o)
                0x000021b4                _fflush
 .text._Cwritebuf
                0x00002210       0x68 c:/nxp/mcuxpressoide_11.9.1_2170/ide/plugins/com.nxp.mcuxpresso.tools.win32_11.9.1.202402080819/tools/bin/../lib/gcc/arm-none-eabi/12.3.1/../../../../arm-none-eabi/lib/thumb/v6-m/nofp\libcr_c.a(_writebuf.o)
                0x00002210                _Cwritebuf
 .text.fclose   0x00002278       0x5c c:/nxp/mcuxpressoide_11.9.1_2170/ide/plugins/com.nxp.mcuxpresso.tools.win32_11.9.1.202402080819/tools/bin/../lib/gcc/arm-none-eabi/12.3.1/../../../../arm-none-eabi/lib/thumb/v6-m/nofp\libcr_c.a(fclose.o)
                0x00002278                fclose
 .text.fflush   0x000022d4       0x40 c:/nxp/mcuxpressoide_11.9.1_2170/ide/plugins/com.nxp.mcuxpresso.tools.win32_11.9.1.202402080819/tools/bin/../lib/gcc/arm-none-eabi/12.3.1/../../../../arm-none-eabi/lib/thumb/v6-m/nofp\libcr_c.a(fflush.o)
                0x000022d4                fflush
 .text.fseek    0x00002314       0xec c:/nxp/mcuxpressoide_11.9.1_2170/ide/plugins/com.nxp.mcuxpresso.tools.win32_11.9.1.202402080819/tools/bin/../lib/gcc/arm-none-eabi/12.3.1/../../../../arm-none-eabi/lib/thumb/v6-m/nofp\libcr_c.a(fseek.o)
                0x00002314                fseek
 .text.ftell    0x00002400       0x4c c:/nxp/mcuxpressoide_11.9.1_2170/ide/plugins/com.nxp.mcuxpresso.tools.win32_11.9.1.202402080819/tools/bin/../lib/gcc/arm-none-eabi/12.3.1/../../../../arm-none-eabi/lib/thumb/v6-m/nofp\libcr_c.a(ftell.o)
                0x00002400                ftell
 .text._do_fflush
                0x0000244c       0x48 c:/nxp/mcuxpressoide_11.9.1_2170/ide/plugins/com.nxp.mcuxpresso.tools.win32_11.9.1.202402080819/tools/bin/../lib/gcc/arm-none-eabi/12.3.1/../../../../arm-none-eabi/lib/thumb/v6-m/nofp\libcr_c.a(_do_fflush.o)
                0x0000244c                _do_fflush
 .text.fsl_assert_hook
                0x00002494       0x16 ./utilities/fsl_assert.o
                0x00002494                fsl_assert_hook
 .text.DbgConsole_PrintCallback
                0x000024aa       0x6c ./utilities/fsl_debug_console.o
 .text.DbgConsole_Printf
                0x00002516       0x32 ./utilities/fsl_debug_console.o
                0x00002516                DbgConsole_Printf
 .text.PrintGetWidth
                0x00002548       0x7c ./utilities/fsl_str.o
 .text.PrintGetPrecision
                0x000025c4       0xa0 ./utilities/fsl_str.o
 .text.PrintIsobpu
                0x00002664       0x3e ./utilities/fsl_str.o
 .text.PrintIsdi
                0x000026a2       0x2e ./utilities/fsl_str.o
 .text.PrintOutputdifFobpu
                0x000026d0       0x48 ./utilities/fsl_str.o
 .text.PrintOutputxX
                0x00002718       0x48 ./utilities/fsl_str.o
 .text.PrintIsfF
                0x00002760       0x2e ./utilities/fsl_str.o
 .text.PrintIsxX
                0x0000278e       0x2e ./utilities/fsl_str.o
 .text.PrintFilterLengthFlag
                0x000027bc       0x44 ./utilities/fsl_str.o
 .text.PrintGetRadixFromobpu
                0x00002800       0x58 ./utilities/fsl_str.o
 .text.ConvertRadixNumToString
                0x00002858       0xc0 ./utilities/fsl_str.o
 .text.StrFormatExaminedi
                0x00002918       0x22 ./utilities/fsl_str.o
 .text.StrFormatExaminexX
                0x0000293a       0x22 ./utilities/fsl_str.o
 .text.StrFormatExamineobpu
                0x0000295c       0x22 ./utilities/fsl_str.o
 .text.ConvertPrecisionWidthToLength
                0x0000297e       0x22 ./utilities/fsl_str.o
 .text.StrFormatPrintf
                0x000029a0      0x2d6 ./utilities/fsl_str.o
                0x000029a0                StrFormatPrintf
 .text.GPIO_PinWrite
                0x00002c76       0x34 ./source/MKE16Z4_Project.o
 .text.PDB_DoSoftwareTrigger
                0x00002caa       0x1e ./source/MKE16Z4_Project.o
 .text.PDB_DoLoadValues
                0x00002cc8       0x1c ./source/MKE16Z4_Project.o
 .text.PDB_GetStatusFlags
                0x00002ce4       0x18 ./source/MKE16Z4_Project.o
 .text.PDB_SetModulusValue
                0x00002cfc       0x1c ./source/MKE16Z4_Project.o
 .text.PDB_SetCounterDelayValue
                0x00002d18       0x1c ./source/MKE16Z4_Project.o
 .text.FTM_StartTimer
                0x00002d34       0x3a ./source/MKE16Z4_Project.o
 .text.FTM_SetSoftwareTrigger
                0x00002d6e       0x3a ./source/MKE16Z4_Project.o
 .text.delay1s  0x00002da8       0x2a ./source/MKE16Z4_Project.o
                0x00002da8                delay1s
 .text.FTM_SetPwmOutputEnable
                0x00002dd2       0x58 ./drivers/fsl_ftm.o
 .text.FTM_SetDeadTimeEnable
                0x00002e2a       0x5c ./drivers/fsl_ftm.o
 .text.FTM_SetComplementaryEnable
                0x00002e86       0x5c ./drivers/fsl_ftm.o
 .text.GPIO_PinWrite
                0x00002ee2       0x34 ./drivers/fsl_gpio.o
 .text.PDB_Enable
                0x00002f16       0x3a ./drivers/fsl_pdb.o
 .text.SystemInitHook
                0x00002f50        0xa ./device/system_MKE16Z4.o
                0x00002f50                SystemInitHook
 .text.SerialManager_Write
                0x00002f5a       0x44 ./component/serial_manager/fsl_component_serial_manager.o
 .text.SerialManager_WriteBlocking
                0x00002f9e       0x22 ./component/serial_manager/fsl_component_serial_manager.o
                0x00002f9e                SerialManager_WriteBlocking
 .text.Serial_UartWrite
                0x00002fc0       0x38 ./component/serial_manager/fsl_component_serial_port_uart.o
                0x00002fc0                Serial_UartWrite
 .text.BOARD_InitBootClocks
                0x00002ff8        0xe ./board/clock_config.o
                0x00002ff8                BOARD_InitBootClocks
 .text.BOARD_InitPeripherals
                0x00003006        0xa ./board/peripherals.o
                0x00003006                BOARD_InitPeripherals
 .text.BOARD_InitBootPeripherals
                0x00003010        0xe ./board/peripherals.o
                0x00003010                BOARD_InitBootPeripherals
 .text.BOARD_InitBootPins
                0x0000301e       0x12 ./board/pin_mux.o
                0x0000301e                BOARD_InitBootPins
 .text.__main   0x00003030        0xc c:/nxp/mcuxpressoide_11.9.1_2170/ide/plugins/com.nxp.mcuxpresso.tools.win32_11.9.1.202402080819/tools/bin/../lib/gcc/arm-none-eabi/12.3.1/../../../../arm-none-eabi/lib/thumb/v6-m/nofp\libcr_nohost_nf.a(_cr__main.o)
                0x00003030                __main
 .text.memcpy   0x0000303c        0x8 c:/nxp/mcuxpressoide_11.9.1_2170/ide/plugins/com.nxp.mcuxpresso.tools.win32_11.9.1.202402080819/tools/bin/../lib/gcc/arm-none-eabi/12.3.1/../../../../arm-none-eabi/lib/thumb/v6-m/nofp\libcr_c.a(memcpy.o)
                0x0000303c                memcpy
 .text.memset   0x00003044        0x8 c:/nxp/mcuxpressoide_11.9.1_2170/ide/plugins/com.nxp.mcuxpresso.tools.win32_11.9.1.202402080819/tools/bin/../lib/gcc/arm-none-eabi/12.3.1/../../../../arm-none-eabi/lib/thumb/v6-m/nofp\libcr_c.a(memset.o)
                0x00003044                memset
 .text.free     0x0000304c       0x2c c:/nxp/mcuxpressoide_11.9.1_2170/ide/plugins/com.nxp.mcuxpresso.tools.win32_11.9.1.202402080819/tools/bin/../lib/gcc/arm-none-eabi/12.3.1/../../../../arm-none-eabi/lib/thumb/v6-m/nofp\libcr_c.a(alloc.o)
                0x0000304c                free
 .text.remove   0x00003078       0x12 c:/nxp/mcuxpressoide_11.9.1_2170/ide/plugins/com.nxp.mcuxpresso.tools.win32_11.9.1.202402080819/tools/bin/../lib/gcc/arm-none-eabi/12.3.1/../../../../arm-none-eabi/lib/thumb/v6-m/nofp\libcr_c.a(remove.o)
                0x00003078                remove
 .text.__aeabi_division_idivmod
                0x0000308a       0x78 c:/nxp/mcuxpressoide_11.9.1_2170/ide/plugins/com.nxp.mcuxpresso.tools.win32_11.9.1.202402080819/tools/bin/../lib/gcc/arm-none-eabi/12.3.1/thumb/v6-m/nofp\libcr_eabihelpers.a(division_32.o)
                0x0000308a                __aeabi_idivmod
                0x0000308a                __aeabi_idiv
                0x00003090                __aeabi_uidivmod
                0x00003090                __aeabi_uidiv
 .text.__aeabi_division_idiv0
                0x00003102        0x2 c:/nxp/mcuxpressoide_11.9.1_2170/ide/plugins/com.nxp.mcuxpresso.tools.win32_11.9.1.202402080819/tools/bin/../lib/gcc/arm-none-eabi/12.3.1/thumb/v6-m/nofp\libcr_eabihelpers.a(division_idiv0.o)
                0x00003102                __aeabi_idiv0
 .text.__aeabi_memcpy
                0x00003104       0x2c c:/nxp/mcuxpressoide_11.9.1_2170/ide/plugins/com.nxp.mcuxpresso.tools.win32_11.9.1.202402080819/tools/bin/../lib/gcc/arm-none-eabi/12.3.1/thumb/v6-m/nofp\libcr_eabihelpers.a(memcpy.o)
                0x00003104                __aeabi_memcpy4
                0x00003104                __aeabi_memcpy8
                0x00003104                __aeabi_memcpy
 .text.__aeabi_memset_lowlevel
                0x00003130       0x2a c:/nxp/mcuxpressoide_11.9.1_2170/ide/plugins/com.nxp.mcuxpresso.tools.win32_11.9.1.202402080819/tools/bin/../lib/gcc/arm-none-eabi/12.3.1/thumb/v6-m/nofp\libcr_eabihelpers.a(memcpy.o)
                0x00003130                __aeabi_lowlevel_memset
 .text.__sys_close
                0x0000315a        0x6 c:/nxp/mcuxpressoide_11.9.1_2170/ide/plugins/com.nxp.mcuxpresso.tools.win32_11.9.1.202402080819/tools/bin/../lib/gcc/arm-none-eabi/12.3.1/../../../../arm-none-eabi/lib/thumb/v6-m/nofp\libcr_nohost_nf.a(__sys_close.o)
                0x0000315a                __sys_close
 .text.__sys_flen
                0x00003160        0x6 c:/nxp/mcuxpressoide_11.9.1_2170/ide/plugins/com.nxp.mcuxpresso.tools.win32_11.9.1.202402080819/tools/bin/../lib/gcc/arm-none-eabi/12.3.1/../../../../arm-none-eabi/lib/thumb/v6-m/nofp\libcr_nohost_nf.a(__sys_flen.o)
                0x00003160                __sys_flen
 .text.__sys_istty
                0x00003166        0x6 c:/nxp/mcuxpressoide_11.9.1_2170/ide/plugins/com.nxp.mcuxpresso.tools.win32_11.9.1.202402080819/tools/bin/../lib/gcc/arm-none-eabi/12.3.1/../../../../arm-none-eabi/lib/thumb/v6-m/nofp\libcr_nohost_nf.a(__sys_istty.o)
                0x00003166                __sys_istty
 .text.__sys_remove
                0x0000316c        0x6 c:/nxp/mcuxpressoide_11.9.1_2170/ide/plugins/com.nxp.mcuxpresso.tools.win32_11.9.1.202402080819/tools/bin/../lib/gcc/arm-none-eabi/12.3.1/../../../../arm-none-eabi/lib/thumb/v6-m/nofp\libcr_nohost_nf.a(__sys_remove.o)
                0x0000316c                __sys_remove
 .text.__sys_seek
                0x00003172        0x6 c:/nxp/mcuxpressoide_11.9.1_2170/ide/plugins/com.nxp.mcuxpresso.tools.win32_11.9.1.202402080819/tools/bin/../lib/gcc/arm-none-eabi/12.3.1/../../../../arm-none-eabi/lib/thumb/v6-m/nofp\libcr_nohost_nf.a(__sys_seek.o)
                0x00003172                __sys_seek
 .text.__sys_tmpnam
                0x00003178        0x6 c:/nxp/mcuxpressoide_11.9.1_2170/ide/plugins/com.nxp.mcuxpresso.tools.win32_11.9.1.202402080819/tools/bin/../lib/gcc/arm-none-eabi/12.3.1/../../../../arm-none-eabi/lib/thumb/v6-m/nofp\libcr_nohost_nf.a(__sys_tmpnam.o)
                0x00003178                __sys_tmpnam
 .text.__sys_write
                0x0000317e        0x4 c:/nxp/mcuxpressoide_11.9.1_2170/ide/plugins/com.nxp.mcuxpresso.tools.win32_11.9.1.202402080819/tools/bin/../lib/gcc/arm-none-eabi/12.3.1/../../../../arm-none-eabi/lib/thumb/v6-m/nofp\libcr_nohost_nf.a(__sys_write.o)
                0x0000317e                __sys_write
 *(SORT_BY_ALIGNMENT(.rodata) SORT_BY_ALIGNMENT(.rodata.*) SORT_BY_ALIGNMENT(.constdata) SORT_BY_ALIGNMENT(.constdata.*))
 *fill*         0x00003182        0x2 ff
 .rodata.__assertion_failed.str1.4
                0x00003184       0x14 ./utilities/fsl_assert.o
 .rodata.PDB_ClearStatusFlags.str1.4
                0x00003198       0x85 ./source/MKE16Z4_Project.o
 *fill*         0x0000321d        0x3 ff
 .rodata.FTM_CalculateCounterClkDiv.str1.4
                0x00003220      0x122 ./source/MKE16Z4_Project.o
 *fill*         0x00003342        0x2 ff
 .rodata.CLOCK_InitSysOsc.str1.4
                0x00003344       0x19 ./drivers/fsl_clock.o
 *fill*         0x0000335d        0x3 ff
 .rodata.CLOCK_InitSirc.str1.4
                0x00003360       0x19 ./drivers/fsl_clock.o
 *fill*         0x00003379        0x3 ff
 .rodata.CLOCK_InitFirc.str1.4
                0x0000337c       0x19 ./drivers/fsl_clock.o
 *fill*         0x00003395        0x3 ff
 .rodata.CLOCK_InitLpFll.str1.4
                0x00003398       0x19 ./drivers/fsl_clock.o
 *fill*         0x000033b1        0x3 ff
 .rodata.CLOCK_EnableClock.str1.4
                0x000033b4       0x50 ./drivers/fsl_ftm.o
 .rodata.s_ftmBases
                0x00003404        0x8 ./drivers/fsl_ftm.o
 .rodata.s_ftmClocks
                0x0000340c        0x8 ./drivers/fsl_ftm.o
 .rodata.FTM_GetInstance.str1.4
                0x00003414       0x28 ./drivers/fsl_ftm.o
 .rodata.FTM_SetPwmSync.str1.4
                0x0000343c       0x3b ./drivers/fsl_ftm.o
 *fill*         0x00003477        0x1 ff
 .rodata.FTM_SetReloadPoints.str1.4
                0x00003478       0x20 ./drivers/fsl_ftm.o
 .rodata.FTM_Init.str1.4
                0x00003498       0x17 ./drivers/fsl_ftm.o
 *fill*         0x000034af        0x1 ff
 .rodata.FTM_GetDefaultConfig.str1.4
                0x000034b0       0x1f ./drivers/fsl_ftm.o
 *fill*         0x000034cf        0x1 ff
 .rodata.FTM_SetupPwm.str1.4
                0x000034d0       0x23 ./drivers/fsl_ftm.o
 *fill*         0x000034f3        0x1 ff
 .rodata.GPIO_PinInit.str1.4
                0x000034f4       0x20 ./drivers/fsl_gpio.o
 .rodata.LPUART_WriteBlocking.str1.4
                0x00003514       0x21 ./drivers/fsl_lpuart.o
 .rodata.CLOCK_EnableClock.str1.4
                0x00003535       0x50 ./drivers/fsl_pdb.o
 *fill*         0x00003535        0x3 ff
 .rodata.PDB_GetInstance.str1.4
                0x00003538       0x31 ./drivers/fsl_pdb.o
 *fill*         0x00003569        0x3 ff
 .rodata.PDB_Init.str1.4
                0x0000356c       0x1e ./drivers/fsl_pdb.o
 *fill*         0x0000358a        0x2 ff
 .rodata.PDB_GetDefaultConfig.str1.4
                0x0000358c       0x1f ./drivers/fsl_pdb.o
 *fill*         0x000035ab        0x1 ff
 .rodata.s_LpuartAdapterBase
                0x000035ac        0xc ./component/uart/fsl_adapter_lpuart.o
 .rodata.HAL_UartSendBlocking.str1.4
                0x000035b8       0x7b ./component/uart/fsl_adapter_lpuart.o
 *fill*         0x00003633        0x1 ff
 .rodata.CLOCK_SetRunModeSysClkConfig.str1.4
                0x00003634       0x6c ./board/clock_config.o
 .rodata.CLOCK_GetCurSysClkConfig.str1.4
                0x000036a0       0x6c ./board/clock_config.o
 .rodata        0x0000370c        0x8 ./board/clock_config.o
 .rodata.g_sysClkConfig_BOARD_BootClockRUN
                0x00003714        0x4 ./board/clock_config.o
                0x00003714                g_sysClkConfig_BOARD_BootClockRUN
 .rodata.g_scgSysOscConfig_BOARD_BootClockRUN
                0x00003718        0xc ./board/clock_config.o
                0x00003718                g_scgSysOscConfig_BOARD_BootClockRUN
 .rodata.g_scgSircConfig_BOARD_BootClockRUN
                0x00003724        0x8 ./board/clock_config.o
                0x00003724                g_scgSircConfig_BOARD_BootClockRUN
 .rodata.g_scgFircConfig_BOARD_BootClockRUN
                0x0000372c        0xc ./board/clock_config.o
                0x0000372c                g_scgFircConfig_BOARD_BootClockRUN
 .rodata.g_scgLpFllConfig_BOARD_BootClockRUN
                0x00003738        0x8 ./board/clock_config.o
                0x00003738                g_scgLpFllConfig_BOARD_BootClockRUN
 .rodata.CLOCK_EnableClock.str1.4
                0x00003740       0xa3 ./board/pin_mux.o
 *fill*         0x000037e3        0x1 ff
 .rodata.PORT_SetPinConfig.str1.4
                0x000037e4       0x6b ./board/pin_mux.o
 *fill*         0x0000384f        0x1 ff
 .rodata.__num_Ciob_streams
                0x00003850        0x4 c:/nxp/mcuxpressoide_11.9.1_2170/ide/plugins/com.nxp.mcuxpresso.tools.win32_11.9.1.202402080819/tools/bin/../lib/gcc/arm-none-eabi/12.3.1/../../../../arm-none-eabi/lib/thumb/v6-m/nofp\libcr_nohost_nf.a(__ciob.o)
                0x00003850                __num_Ciob_streams
 .rodata._initio.str1.1
                0x00003854        0x4 c:/nxp/mcuxpressoide_11.9.1_2170/ide/plugins/com.nxp.mcuxpresso.tools.win32_11.9.1.202402080819/tools/bin/../lib/gcc/arm-none-eabi/12.3.1/../../../../arm-none-eabi/lib/thumb/v6-m/nofp\libcr_c.a(initio.o)
                0x00003858                        . = ALIGN (0x4)

.glue_7         0x00003858        0x0
 .glue_7        0x00003858        0x0 linker stubs

.glue_7t        0x00003858        0x0
 .glue_7t       0x00003858        0x0 linker stubs

.vfp11_veneer   0x00003858        0x0
 .vfp11_veneer  0x00003858        0x0 linker stubs

.v4_bx          0x00003858        0x0
 .v4_bx         0x00003858        0x0 linker stubs

.iplt           0x00003858        0x0
 .iplt          0x00003858        0x0 ./utilities/fsl_assert.o

.rel.dyn        0x00003858        0x0
 .rel.iplt      0x00003858        0x0 ./utilities/fsl_assert.o

.ARM.extab
 *(SORT_BY_ALIGNMENT(.ARM.extab*) SORT_BY_ALIGNMENT(.gnu.linkonce.armextab.*))

.ARM.exidx      0x00003858        0x0
                0x00003858                        __exidx_start = .
 *(SORT_BY_ALIGNMENT(.ARM.exidx*) SORT_BY_ALIGNMENT(.gnu.linkonce.armexidx.*))
                0x00003858                        __exidx_end = .
                0x00003858                        _etext = .

.mtb_buffer_default
                0x1ffff800       0x80
 *(SORT_BY_ALIGNMENT(.mtb*))
 .mtb.$RAM1     0x1ffff800       0x80 ./source/mtb.o
                0x1ffff800                __mtb_buffer__

.uninit_RESERVED
                0x1ffff880        0x0
                0x1ffff880                        _start_uninit_RESERVED = .
 *(SORT_BY_ALIGNMENT(.bss.$RESERVED*))
                0x1ffff880                        . = ALIGN (0x4)
                0x1ffff880                        _end_uninit_RESERVED = .

.data           0x1ffff880        0x8 load address 0x00003858
 FILL mask 0xff
                0x1ffff880                        _data = .
                [!provide]                        PROVIDE (__start_data_RAM = .)
                [!provide]                        PROVIDE (__start_data_SRAM = .)
 *(SORT_BY_ALIGNMENT(vtable))
 *(SORT_BY_ALIGNMENT(.ramfunc*))
 *(SORT_BY_ALIGNMENT(CodeQuickAccess))
 *(SORT_BY_ALIGNMENT(DataQuickAccess))
 *(SORT_BY_ALIGNMENT(RamFunction))
 *(SORT_BY_ALIGNMENT(.data*))
 .data.pin_config_out
                0x1ffff880        0x2 ./source/MKE16Z4_Project.o
                0x1ffff880                pin_config_out
 *fill*         0x1ffff882        0x2 ff
 .data.SystemCoreClock
                0x1ffff884        0x4 ./device/system_MKE16Z4.o
                0x1ffff884                SystemCoreClock
                0x1ffff888                        . = ALIGN (0x4)
                0x1ffff888                        _edata = .
                [!provide]                        PROVIDE (__end_data_RAM = .)
                [!provide]                        PROVIDE (__end_data_SRAM = .)

.igot.plt       0x1ffff888        0x0 load address 0x00003860
 .igot.plt      0x1ffff888        0x0 ./utilities/fsl_assert.o

.bss            0x1ffff888      0x108
                0x1ffff888                        _bss = .
                [!provide]                        PROVIDE (__start_bss_RAM = .)
                [!provide]                        PROVIDE (__start_bss_SRAM = .)
 *(SORT_BY_ALIGNMENT(.bss*))
 .bss.s_debugConsoleState
                0x1ffff888       0x20 ./utilities/fsl_debug_console.o
 .bss.g_serialHandle
                0x1ffff8a8        0x4 ./utilities/fsl_debug_console.o
                0x1ffff8a8                g_serialHandle
 .bss.g_xtal0Freq
                0x1ffff8ac        0x4 ./drivers/fsl_clock.o
                0x1ffff8ac                g_xtal0Freq
 .bss.s_lpi2cMasterIsr
                0x1ffff8b0        0x4 ./drivers/fsl_lpi2c.o
                0x1ffff8b0                s_lpi2cMasterIsr
 .bss.s_lpi2cMasterHandle
                0x1ffff8b4        0x4 ./drivers/fsl_lpi2c.o
                0x1ffff8b4                s_lpi2cMasterHandle
 .bss.s_lpi2cSlaveIsr
                0x1ffff8b8        0x4 ./drivers/fsl_lpi2c.o
 .bss.s_lpi2cSlaveHandle
                0x1ffff8bc        0x4 ./drivers/fsl_lpi2c.o
 .bss.s_lpuartHandle
                0x1ffff8c0        0xc ./drivers/fsl_lpuart.o
                0x1ffff8c0                s_lpuartHandle
 .bss.s_lpuartIsr
                0x1ffff8cc        0xc ./drivers/fsl_lpuart.o
                0x1ffff8cc                s_lpuartIsr
 .bss.errno     0x1ffff8d8        0x4 c:/nxp/mcuxpressoide_11.9.1_2170/ide/plugins/com.nxp.mcuxpresso.tools.win32_11.9.1.202402080819/tools/bin/../lib/gcc/arm-none-eabi/12.3.1/../../../../arm-none-eabi/lib/thumb/v6-m/nofp\libcr_c.a(errno.o)
                0x1ffff8d8                errno
 .bss.__Ciob    0x1ffff8dc       0xb4 c:/nxp/mcuxpressoide_11.9.1_2170/ide/plugins/com.nxp.mcuxpresso.tools.win32_11.9.1.202402080819/tools/bin/../lib/gcc/arm-none-eabi/12.3.1/../../../../arm-none-eabi/lib/thumb/v6-m/nofp\libcr_nohost_nf.a(__ciob.o)
                0x1ffff8dc                __Ciob
 *(SORT_BY_ALIGNMENT(COMMON))
                0x1ffff990                        . = ALIGN (0x4)
                0x1ffff990                        _ebss = .
                [!provide]                        PROVIDE (__end_bss_RAM = .)
                [!provide]                        PROVIDE (__end_bss_SRAM = .)
                [!provide]                        PROVIDE (end = .)

.noinit         0x1ffff990        0x0
                0x1ffff990                        _noinit = .
                [!provide]                        PROVIDE (__start_noinit_RAM = .)
                [!provide]                        PROVIDE (__start_noinit_SRAM = .)
 *(SORT_BY_ALIGNMENT(.noinit*))
                0x1ffff990                        . = ALIGN (0x4)
                0x1ffff990                        _end_noinit = .
                [!provide]                        PROVIDE (__end_noinit_RAM = .)
                [!provide]                        PROVIDE (__end_noinit_SRAM = .)
                0x00000200                        _HeapSize = 0x200

.heap           0x1ffff990      0x200
                0x1ffff990                        _pvHeapStart = .
                0x1ffffb90                        . = (. + _HeapSize)
 *fill*         0x1ffff990      0x200 
                0x1ffffb90                        . = ALIGN (0x4)
                0x1ffffb90                        _pvHeapLimit = .
                0x00000200                        _StackSize = 0x200

.heap2stackfill
                0x1ffffb90      0x200
                0x1ffffd90                        . = (. + _StackSize)
 *fill*         0x1ffffb90      0x200 

.stack          0x20001600        0x0
                0x20001600                        _vStackBase = .
                0x20001600                        . = ALIGN (0x4)
                0x20001800                        _vStackTop = (. + _StackSize)
                0x00000000                        _image_start = LOADADDR (.text)
                0x00003860                        _image_end = (LOADADDR (.data) + SIZEOF (.data))
                0x00003860                        _image_size = (_image_end - _image_start)
OUTPUT(MKE16Z4_Project.axf elf32-littlearm)
LOAD linker stubs

.debug_info     0x00000000    0x11f50
 .debug_info    0x00000000      0x127 ./utilities/fsl_assert.o
 .debug_info    0x00000127      0xe29 ./utilities/fsl_debug_console.o
 .debug_info    0x00000f50      0xd5e ./utilities/fsl_str.o
 .debug_info    0x00001cae      0x681 ./startup/startup_mke16z4.o
 .debug_info    0x0000232f     0x11bf ./source/MKE16Z4_Project.o
 .debug_info    0x000034ee       0x53 ./source/mtb.o
 .debug_info    0x00003541       0x3c ./source/semihost_hardfault.o
 .debug_info    0x0000357d     0x139a ./drivers/fsl_clock.o
 .debug_info    0x00004917     0x1754 ./drivers/fsl_ftm.o
 .debug_info    0x0000606b      0x90a ./drivers/fsl_gpio.o
 .debug_info    0x00006975     0x2841 ./drivers/fsl_lpi2c.o
 .debug_info    0x000091b6     0x1e59 ./drivers/fsl_lpuart.o
 .debug_info    0x0000b00f      0x925 ./drivers/fsl_pdb.o
 .debug_info    0x0000b934      0x383 ./device/system_MKE16Z4.o
 .debug_info    0x0000bcb7      0xbdf ./component/uart/fsl_adapter_lpuart.o
 .debug_info    0x0000c896      0xd92 ./component/serial_manager/fsl_component_serial_manager.o
 .debug_info    0x0000d628      0x54a ./component/serial_manager/fsl_component_serial_port_uart.o
 .debug_info    0x0000db72     0x10b2 ./board/clock_config.o
 .debug_info    0x0000ec24       0x4e ./board/peripherals.o
 .debug_info    0x0000ec72      0x92c ./board/pin_mux.o
 .debug_info    0x0000f59e       0x85 c:/nxp/mcuxpressoide_11.9.1_2170/ide/plugins/com.nxp.mcuxpresso.tools.win32_11.9.1.202402080819/tools/bin/../lib/gcc/arm-none-eabi/12.3.1/../../../../arm-none-eabi/lib/thumb/v6-m/nofp\libcr_nohost_nf.a(_cr__main.o)
 .debug_info    0x0000f623      0x119 c:/nxp/mcuxpressoide_11.9.1_2170/ide/plugins/com.nxp.mcuxpresso.tools.win32_11.9.1.202402080819/tools/bin/../lib/gcc/arm-none-eabi/12.3.1/../../../../arm-none-eabi/lib/thumb/v6-m/nofp\libcr_c.a(memcpy.o)
 .debug_info    0x0000f73c       0xe3 c:/nxp/mcuxpressoide_11.9.1_2170/ide/plugins/com.nxp.mcuxpresso.tools.win32_11.9.1.202402080819/tools/bin/../lib/gcc/arm-none-eabi/12.3.1/../../../../arm-none-eabi/lib/thumb/v6-m/nofp\libcr_c.a(memset.o)
 .debug_info    0x0000f81f      0x50c c:/nxp/mcuxpressoide_11.9.1_2170/ide/plugins/com.nxp.mcuxpresso.tools.win32_11.9.1.202402080819/tools/bin/../lib/gcc/arm-none-eabi/12.3.1/../../../../arm-none-eabi/lib/thumb/v6-m/nofp\libcr_c.a(alloc.o)
 .debug_info    0x0000fd2b       0x44 c:/nxp/mcuxpressoide_11.9.1_2170/ide/plugins/com.nxp.mcuxpresso.tools.win32_11.9.1.202402080819/tools/bin/../lib/gcc/arm-none-eabi/12.3.1/../../../../arm-none-eabi/lib/thumb/v6-m/nofp\libcr_c.a(errno.o)
 .debug_info    0x0000fd6f      0x353 c:/nxp/mcuxpressoide_11.9.1_2170/ide/plugins/com.nxp.mcuxpresso.tools.win32_11.9.1.202402080819/tools/bin/../lib/gcc/arm-none-eabi/12.3.1/../../../../arm-none-eabi/lib/thumb/v6-m/nofp\libcr_c.a(initio.o)
 .debug_info    0x000100c2      0x1f6 c:/nxp/mcuxpressoide_11.9.1_2170/ide/plugins/com.nxp.mcuxpresso.tools.win32_11.9.1.202402080819/tools/bin/../lib/gcc/arm-none-eabi/12.3.1/../../../../arm-none-eabi/lib/thumb/v6-m/nofp\libcr_c.a(setvbuf.o)
 .debug_info    0x000102b8       0xd6 c:/nxp/mcuxpressoide_11.9.1_2170/ide/plugins/com.nxp.mcuxpresso.tools.win32_11.9.1.202402080819/tools/bin/../lib/gcc/arm-none-eabi/12.3.1/../../../../arm-none-eabi/lib/thumb/v6-m/nofp\libcr_c.a(strlen.o)
 .debug_info    0x0001038e      0x35d c:/nxp/mcuxpressoide_11.9.1_2170/ide/plugins/com.nxp.mcuxpresso.tools.win32_11.9.1.202402080819/tools/bin/../lib/gcc/arm-none-eabi/12.3.1/../../../../arm-none-eabi/lib/thumb/v6-m/nofp\libcr_c.a(_deferredlazyseek.o)
 .debug_info    0x000106eb      0x244 c:/nxp/mcuxpressoide_11.9.1_2170/ide/plugins/com.nxp.mcuxpresso.tools.win32_11.9.1.202402080819/tools/bin/../lib/gcc/arm-none-eabi/12.3.1/../../../../arm-none-eabi/lib/thumb/v6-m/nofp\libcr_c.a(_fdopen.o)
 .debug_info    0x0001092f      0x1e3 c:/nxp/mcuxpressoide_11.9.1_2170/ide/plugins/com.nxp.mcuxpresso.tools.win32_11.9.1.202402080819/tools/bin/../lib/gcc/arm-none-eabi/12.3.1/../../../../arm-none-eabi/lib/thumb/v6-m/nofp\libcr_c.a(_fflush.o)
 .debug_info    0x00010b12      0x283 c:/nxp/mcuxpressoide_11.9.1_2170/ide/plugins/com.nxp.mcuxpresso.tools.win32_11.9.1.202402080819/tools/bin/../lib/gcc/arm-none-eabi/12.3.1/../../../../arm-none-eabi/lib/thumb/v6-m/nofp\libcr_c.a(_writebuf.o)
 .debug_info    0x00010d95      0x31e c:/nxp/mcuxpressoide_11.9.1_2170/ide/plugins/com.nxp.mcuxpresso.tools.win32_11.9.1.202402080819/tools/bin/../lib/gcc/arm-none-eabi/12.3.1/../../../../arm-none-eabi/lib/thumb/v6-m/nofp\libcr_c.a(fclose.o)
 .debug_info    0x000110b3      0x203 c:/nxp/mcuxpressoide_11.9.1_2170/ide/plugins/com.nxp.mcuxpresso.tools.win32_11.9.1.202402080819/tools/bin/../lib/gcc/arm-none-eabi/12.3.1/../../../../arm-none-eabi/lib/thumb/v6-m/nofp\libcr_c.a(fflush.o)
 .debug_info    0x000112b6      0x278 c:/nxp/mcuxpressoide_11.9.1_2170/ide/plugins/com.nxp.mcuxpresso.tools.win32_11.9.1.202402080819/tools/bin/../lib/gcc/arm-none-eabi/12.3.1/../../../../arm-none-eabi/lib/thumb/v6-m/nofp\libcr_c.a(fseek.o)
 .debug_info    0x0001152e      0x190 c:/nxp/mcuxpressoide_11.9.1_2170/ide/plugins/com.nxp.mcuxpresso.tools.win32_11.9.1.202402080819/tools/bin/../lib/gcc/arm-none-eabi/12.3.1/../../../../arm-none-eabi/lib/thumb/v6-m/nofp\libcr_c.a(ftell.o)
 .debug_info    0x000116be      0x1c9 c:/nxp/mcuxpressoide_11.9.1_2170/ide/plugins/com.nxp.mcuxpresso.tools.win32_11.9.1.202402080819/tools/bin/../lib/gcc/arm-none-eabi/12.3.1/../../../../arm-none-eabi/lib/thumb/v6-m/nofp\libcr_c.a(remove.o)
 .debug_info    0x00011887      0x23a c:/nxp/mcuxpressoide_11.9.1_2170/ide/plugins/com.nxp.mcuxpresso.tools.win32_11.9.1.202402080819/tools/bin/../lib/gcc/arm-none-eabi/12.3.1/../../../../arm-none-eabi/lib/thumb/v6-m/nofp\libcr_c.a(_do_fflush.o)
 .debug_info    0x00011ac1      0x18b c:/nxp/mcuxpressoide_11.9.1_2170/ide/plugins/com.nxp.mcuxpresso.tools.win32_11.9.1.202402080819/tools/bin/../lib/gcc/arm-none-eabi/12.3.1/../../../../arm-none-eabi/lib/thumb/v6-m/nofp\libcr_nohost_nf.a(__ciob.o)
 .debug_info    0x00011c4c       0x5c c:/nxp/mcuxpressoide_11.9.1_2170/ide/plugins/com.nxp.mcuxpresso.tools.win32_11.9.1.202402080819/tools/bin/../lib/gcc/arm-none-eabi/12.3.1/../../../../arm-none-eabi/lib/thumb/v6-m/nofp\libcr_nohost_nf.a(__sys_close.o)
 .debug_info    0x00011ca8       0x5c c:/nxp/mcuxpressoide_11.9.1_2170/ide/plugins/com.nxp.mcuxpresso.tools.win32_11.9.1.202402080819/tools/bin/../lib/gcc/arm-none-eabi/12.3.1/../../../../arm-none-eabi/lib/thumb/v6-m/nofp\libcr_nohost_nf.a(__sys_flen.o)
 .debug_info    0x00011d04       0x5c c:/nxp/mcuxpressoide_11.9.1_2170/ide/plugins/com.nxp.mcuxpresso.tools.win32_11.9.1.202402080819/tools/bin/../lib/gcc/arm-none-eabi/12.3.1/../../../../arm-none-eabi/lib/thumb/v6-m/nofp\libcr_nohost_nf.a(__sys_istty.o)
 .debug_info    0x00011d60       0x7c c:/nxp/mcuxpressoide_11.9.1_2170/ide/plugins/com.nxp.mcuxpresso.tools.win32_11.9.1.202402080819/tools/bin/../lib/gcc/arm-none-eabi/12.3.1/../../../../arm-none-eabi/lib/thumb/v6-m/nofp\libcr_nohost_nf.a(__sys_remove.o)
 .debug_info    0x00011ddc       0x6a c:/nxp/mcuxpressoide_11.9.1_2170/ide/plugins/com.nxp.mcuxpresso.tools.win32_11.9.1.202402080819/tools/bin/../lib/gcc/arm-none-eabi/12.3.1/../../../../arm-none-eabi/lib/thumb/v6-m/nofp\libcr_nohost_nf.a(__sys_seek.o)
 .debug_info    0x00011e46       0x85 c:/nxp/mcuxpressoide_11.9.1_2170/ide/plugins/com.nxp.mcuxpresso.tools.win32_11.9.1.202402080819/tools/bin/../lib/gcc/arm-none-eabi/12.3.1/../../../../arm-none-eabi/lib/thumb/v6-m/nofp\libcr_nohost_nf.a(__sys_tmpnam.o)
 .debug_info    0x00011ecb       0x85 c:/nxp/mcuxpressoide_11.9.1_2170/ide/plugins/com.nxp.mcuxpresso.tools.win32_11.9.1.202402080819/tools/bin/../lib/gcc/arm-none-eabi/12.3.1/../../../../arm-none-eabi/lib/thumb/v6-m/nofp\libcr_nohost_nf.a(__sys_write.o)

.debug_abbrev   0x00000000     0x3f86
 .debug_abbrev  0x00000000       0xbd ./utilities/fsl_assert.o
 .debug_abbrev  0x000000bd      0x270 ./utilities/fsl_debug_console.o
 .debug_abbrev  0x0000032d      0x270 ./utilities/fsl_str.o
 .debug_abbrev  0x0000059d      0x1a7 ./startup/startup_mke16z4.o
 .debug_abbrev  0x00000744      0x313 ./source/MKE16Z4_Project.o
 .debug_abbrev  0x00000a57       0x46 ./source/mtb.o
 .debug_abbrev  0x00000a9d       0x31 ./source/semihost_hardfault.o
 .debug_abbrev  0x00000ace      0x2ab ./drivers/fsl_clock.o
 .debug_abbrev  0x00000d79      0x310 ./drivers/fsl_ftm.o
 .debug_abbrev  0x00001089      0x248 ./drivers/fsl_gpio.o
 .debug_abbrev  0x000012d1      0x390 ./drivers/fsl_lpi2c.o
 .debug_abbrev  0x00001661      0x435 ./drivers/fsl_lpuart.o
 .debug_abbrev  0x00001a96      0x20b ./drivers/fsl_pdb.o
 .debug_abbrev  0x00001ca1      0x148 ./device/system_MKE16Z4.o
 .debug_abbrev  0x00001de9      0x1e7 ./component/uart/fsl_adapter_lpuart.o
 .debug_abbrev  0x00001fd0      0x2bb ./component/serial_manager/fsl_component_serial_manager.o
 .debug_abbrev  0x0000228b      0x18c ./component/serial_manager/fsl_component_serial_port_uart.o
 .debug_abbrev  0x00002417      0x326 ./board/clock_config.o
 .debug_abbrev  0x0000273d       0x4b ./board/peripherals.o
 .debug_abbrev  0x00002788      0x25a ./board/pin_mux.o
 .debug_abbrev  0x000029e2       0x62 c:/nxp/mcuxpressoide_11.9.1_2170/ide/plugins/com.nxp.mcuxpresso.tools.win32_11.9.1.202402080819/tools/bin/../lib/gcc/arm-none-eabi/12.3.1/../../../../arm-none-eabi/lib/thumb/v6-m/nofp\libcr_nohost_nf.a(_cr__main.o)
 .debug_abbrev  0x00002a44       0xb3 c:/nxp/mcuxpressoide_11.9.1_2170/ide/plugins/com.nxp.mcuxpresso.tools.win32_11.9.1.202402080819/tools/bin/../lib/gcc/arm-none-eabi/12.3.1/../../../../arm-none-eabi/lib/thumb/v6-m/nofp\libcr_c.a(memcpy.o)
 .debug_abbrev  0x00002af7       0xa5 c:/nxp/mcuxpressoide_11.9.1_2170/ide/plugins/com.nxp.mcuxpresso.tools.win32_11.9.1.202402080819/tools/bin/../lib/gcc/arm-none-eabi/12.3.1/../../../../arm-none-eabi/lib/thumb/v6-m/nofp\libcr_c.a(memset.o)
 .debug_abbrev  0x00002b9c      0x27b c:/nxp/mcuxpressoide_11.9.1_2170/ide/plugins/com.nxp.mcuxpresso.tools.win32_11.9.1.202402080819/tools/bin/../lib/gcc/arm-none-eabi/12.3.1/../../../../arm-none-eabi/lib/thumb/v6-m/nofp\libcr_c.a(alloc.o)
 .debug_abbrev  0x00002e17       0x44 c:/nxp/mcuxpressoide_11.9.1_2170/ide/plugins/com.nxp.mcuxpresso.tools.win32_11.9.1.202402080819/tools/bin/../lib/gcc/arm-none-eabi/12.3.1/../../../../arm-none-eabi/lib/thumb/v6-m/nofp\libcr_c.a(errno.o)
 .debug_abbrev  0x00002e5b      0x14b c:/nxp/mcuxpressoide_11.9.1_2170/ide/plugins/com.nxp.mcuxpresso.tools.win32_11.9.1.202402080819/tools/bin/../lib/gcc/arm-none-eabi/12.3.1/../../../../arm-none-eabi/lib/thumb/v6-m/nofp\libcr_c.a(initio.o)
 .debug_abbrev  0x00002fa6       0xe1 c:/nxp/mcuxpressoide_11.9.1_2170/ide/plugins/com.nxp.mcuxpresso.tools.win32_11.9.1.202402080819/tools/bin/../lib/gcc/arm-none-eabi/12.3.1/../../../../arm-none-eabi/lib/thumb/v6-m/nofp\libcr_c.a(setvbuf.o)
 .debug_abbrev  0x00003087       0xa5 c:/nxp/mcuxpressoide_11.9.1_2170/ide/plugins/com.nxp.mcuxpresso.tools.win32_11.9.1.202402080819/tools/bin/../lib/gcc/arm-none-eabi/12.3.1/../../../../arm-none-eabi/lib/thumb/v6-m/nofp\libcr_c.a(strlen.o)
 .debug_abbrev  0x0000312c      0x147 c:/nxp/mcuxpressoide_11.9.1_2170/ide/plugins/com.nxp.mcuxpresso.tools.win32_11.9.1.202402080819/tools/bin/../lib/gcc/arm-none-eabi/12.3.1/../../../../arm-none-eabi/lib/thumb/v6-m/nofp\libcr_c.a(_deferredlazyseek.o)
 .debug_abbrev  0x00003273      0x119 c:/nxp/mcuxpressoide_11.9.1_2170/ide/plugins/com.nxp.mcuxpresso.tools.win32_11.9.1.202402080819/tools/bin/../lib/gcc/arm-none-eabi/12.3.1/../../../../arm-none-eabi/lib/thumb/v6-m/nofp\libcr_c.a(_fdopen.o)
 .debug_abbrev  0x0000338c       0xf1 c:/nxp/mcuxpressoide_11.9.1_2170/ide/plugins/com.nxp.mcuxpresso.tools.win32_11.9.1.202402080819/tools/bin/../lib/gcc/arm-none-eabi/12.3.1/../../../../arm-none-eabi/lib/thumb/v6-m/nofp\libcr_c.a(_fflush.o)
 .debug_abbrev  0x0000347d      0x126 c:/nxp/mcuxpressoide_11.9.1_2170/ide/plugins/com.nxp.mcuxpresso.tools.win32_11.9.1.202402080819/tools/bin/../lib/gcc/arm-none-eabi/12.3.1/../../../../arm-none-eabi/lib/thumb/v6-m/nofp\libcr_c.a(_writebuf.o)
 .debug_abbrev  0x000035a3      0x158 c:/nxp/mcuxpressoide_11.9.1_2170/ide/plugins/com.nxp.mcuxpresso.tools.win32_11.9.1.202402080819/tools/bin/../lib/gcc/arm-none-eabi/12.3.1/../../../../arm-none-eabi/lib/thumb/v6-m/nofp\libcr_c.a(fclose.o)
 .debug_abbrev  0x000036fb      0x122 c:/nxp/mcuxpressoide_11.9.1_2170/ide/plugins/com.nxp.mcuxpresso.tools.win32_11.9.1.202402080819/tools/bin/../lib/gcc/arm-none-eabi/12.3.1/../../../../arm-none-eabi/lib/thumb/v6-m/nofp\libcr_c.a(fflush.o)
 .debug_abbrev  0x0000381d      0x11b c:/nxp/mcuxpressoide_11.9.1_2170/ide/plugins/com.nxp.mcuxpresso.tools.win32_11.9.1.202402080819/tools/bin/../lib/gcc/arm-none-eabi/12.3.1/../../../../arm-none-eabi/lib/thumb/v6-m/nofp\libcr_c.a(fseek.o)
 .debug_abbrev  0x00003938       0xc2 c:/nxp/mcuxpressoide_11.9.1_2170/ide/plugins/com.nxp.mcuxpresso.tools.win32_11.9.1.202402080819/tools/bin/../lib/gcc/arm-none-eabi/12.3.1/../../../../arm-none-eabi/lib/thumb/v6-m/nofp\libcr_c.a(ftell.o)
 .debug_abbrev  0x000039fa       0xed c:/nxp/mcuxpressoide_11.9.1_2170/ide/plugins/com.nxp.mcuxpresso.tools.win32_11.9.1.202402080819/tools/bin/../lib/gcc/arm-none-eabi/12.3.1/../../../../arm-none-eabi/lib/thumb/v6-m/nofp\libcr_c.a(remove.o)
 .debug_abbrev  0x00003ae7      0x12c c:/nxp/mcuxpressoide_11.9.1_2170/ide/plugins/com.nxp.mcuxpresso.tools.win32_11.9.1.202402080819/tools/bin/../lib/gcc/arm-none-eabi/12.3.1/../../../../arm-none-eabi/lib/thumb/v6-m/nofp\libcr_c.a(_do_fflush.o)
 .debug_abbrev  0x00003c13       0xb5 c:/nxp/mcuxpressoide_11.9.1_2170/ide/plugins/com.nxp.mcuxpresso.tools.win32_11.9.1.202402080819/tools/bin/../lib/gcc/arm-none-eabi/12.3.1/../../../../arm-none-eabi/lib/thumb/v6-m/nofp\libcr_nohost_nf.a(__ciob.o)
 .debug_abbrev  0x00003cc8       0x51 c:/nxp/mcuxpressoide_11.9.1_2170/ide/plugins/com.nxp.mcuxpresso.tools.win32_11.9.1.202402080819/tools/bin/../lib/gcc/arm-none-eabi/12.3.1/../../../../arm-none-eabi/lib/thumb/v6-m/nofp\libcr_nohost_nf.a(__sys_close.o)
 .debug_abbrev  0x00003d19       0x51 c:/nxp/mcuxpressoide_11.9.1_2170/ide/plugins/com.nxp.mcuxpresso.tools.win32_11.9.1.202402080819/tools/bin/../lib/gcc/arm-none-eabi/12.3.1/../../../../arm-none-eabi/lib/thumb/v6-m/nofp\libcr_nohost_nf.a(__sys_flen.o)
 .debug_abbrev  0x00003d6a       0x51 c:/nxp/mcuxpressoide_11.9.1_2170/ide/plugins/com.nxp.mcuxpresso.tools.win32_11.9.1.202402080819/tools/bin/../lib/gcc/arm-none-eabi/12.3.1/../../../../arm-none-eabi/lib/thumb/v6-m/nofp\libcr_nohost_nf.a(__sys_istty.o)
 .debug_abbrev  0x00003dbb       0x7d c:/nxp/mcuxpressoide_11.9.1_2170/ide/plugins/com.nxp.mcuxpresso.tools.win32_11.9.1.202402080819/tools/bin/../lib/gcc/arm-none-eabi/12.3.1/../../../../arm-none-eabi/lib/thumb/v6-m/nofp\libcr_nohost_nf.a(__sys_remove.o)
 .debug_abbrev  0x00003e38       0x62 c:/nxp/mcuxpressoide_11.9.1_2170/ide/plugins/com.nxp.mcuxpresso.tools.win32_11.9.1.202402080819/tools/bin/../lib/gcc/arm-none-eabi/12.3.1/../../../../arm-none-eabi/lib/thumb/v6-m/nofp\libcr_nohost_nf.a(__sys_seek.o)
 .debug_abbrev  0x00003e9a       0x76 c:/nxp/mcuxpressoide_11.9.1_2170/ide/plugins/com.nxp.mcuxpresso.tools.win32_11.9.1.202402080819/tools/bin/../lib/gcc/arm-none-eabi/12.3.1/../../../../arm-none-eabi/lib/thumb/v6-m/nofp\libcr_nohost_nf.a(__sys_tmpnam.o)
 .debug_abbrev  0x00003f10       0x76 c:/nxp/mcuxpressoide_11.9.1_2170/ide/plugins/com.nxp.mcuxpresso.tools.win32_11.9.1.202402080819/tools/bin/../lib/gcc/arm-none-eabi/12.3.1/../../../../arm-none-eabi/lib/thumb/v6-m/nofp\libcr_nohost_nf.a(__sys_write.o)

.debug_aranges  0x00000000      0xfd0
 .debug_aranges
                0x00000000       0x28 ./utilities/fsl_assert.o
 .debug_aranges
                0x00000028       0xa8 ./utilities/fsl_debug_console.o
 .debug_aranges
                0x000000d0       0xe8 ./utilities/fsl_str.o
 .debug_aranges
                0x000001b8      0x160 ./startup/startup_mke16z4.o
 .debug_aranges
                0x00000318       0xb8 ./source/MKE16Z4_Project.o
 .debug_aranges
                0x000003d0       0x18 ./source/mtb.o
 .debug_aranges
                0x000003e8       0x20 ./source/semihost_hardfault.o
 .debug_aranges
                0x00000408       0xd8 ./drivers/fsl_clock.o
 .debug_aranges
                0x000004e0       0xe0 ./drivers/fsl_ftm.o
 .debug_aranges
                0x000005c0       0x68 ./drivers/fsl_gpio.o
 .debug_aranges
                0x00000628      0x1f0 ./drivers/fsl_lpi2c.o
 .debug_aranges
                0x00000818      0x170 ./drivers/fsl_lpuart.o
 .debug_aranges
                0x00000988       0x50 ./drivers/fsl_pdb.o
 .debug_aranges
                0x000009d8       0x30 ./device/system_MKE16Z4.o
 .debug_aranges
                0x00000a08       0x58 ./component/uart/fsl_adapter_lpuart.o
 .debug_aranges
                0x00000a60       0xa0 ./component/serial_manager/fsl_component_serial_manager.o
 .debug_aranges
                0x00000b00       0x48 ./component/serial_manager/fsl_component_serial_port_uart.o
 .debug_aranges
                0x00000b48       0x68 ./board/clock_config.o
 .debug_aranges
                0x00000bb0       0x28 ./board/peripherals.o
 .debug_aranges
                0x00000bd8       0x90 ./board/pin_mux.o
 .debug_aranges
                0x00000c68       0x20 c:/nxp/mcuxpressoide_11.9.1_2170/ide/plugins/com.nxp.mcuxpresso.tools.win32_11.9.1.202402080819/tools/bin/../lib/gcc/arm-none-eabi/12.3.1/../../../../arm-none-eabi/lib/thumb/v6-m/nofp\libcr_nohost_nf.a(_cr__main.o)
 .debug_aranges
                0x00000c88       0x20 c:/nxp/mcuxpressoide_11.9.1_2170/ide/plugins/com.nxp.mcuxpresso.tools.win32_11.9.1.202402080819/tools/bin/../lib/gcc/arm-none-eabi/12.3.1/../../../../arm-none-eabi/lib/thumb/v6-m/nofp\libcr_c.a(memcpy.o)
 .debug_aranges
                0x00000ca8       0x20 c:/nxp/mcuxpressoide_11.9.1_2170/ide/plugins/com.nxp.mcuxpresso.tools.win32_11.9.1.202402080819/tools/bin/../lib/gcc/arm-none-eabi/12.3.1/../../../../arm-none-eabi/lib/thumb/v6-m/nofp\libcr_c.a(memset.o)
 .debug_aranges
                0x00000cc8       0x40 c:/nxp/mcuxpressoide_11.9.1_2170/ide/plugins/com.nxp.mcuxpresso.tools.win32_11.9.1.202402080819/tools/bin/../lib/gcc/arm-none-eabi/12.3.1/../../../../arm-none-eabi/lib/thumb/v6-m/nofp\libcr_c.a(alloc.o)
 .debug_aranges
                0x00000d08       0x18 c:/nxp/mcuxpressoide_11.9.1_2170/ide/plugins/com.nxp.mcuxpresso.tools.win32_11.9.1.202402080819/tools/bin/../lib/gcc/arm-none-eabi/12.3.1/../../../../arm-none-eabi/lib/thumb/v6-m/nofp\libcr_c.a(errno.o)
 .debug_aranges
                0x00000d20       0x28 c:/nxp/mcuxpressoide_11.9.1_2170/ide/plugins/com.nxp.mcuxpresso.tools.win32_11.9.1.202402080819/tools/bin/../lib/gcc/arm-none-eabi/12.3.1/../../../../arm-none-eabi/lib/thumb/v6-m/nofp\libcr_c.a(initio.o)
 .debug_aranges
                0x00000d48       0x20 c:/nxp/mcuxpressoide_11.9.1_2170/ide/plugins/com.nxp.mcuxpresso.tools.win32_11.9.1.202402080819/tools/bin/../lib/gcc/arm-none-eabi/12.3.1/../../../../arm-none-eabi/lib/thumb/v6-m/nofp\libcr_c.a(setvbuf.o)
 .debug_aranges
                0x00000d68       0x20 c:/nxp/mcuxpressoide_11.9.1_2170/ide/plugins/com.nxp.mcuxpresso.tools.win32_11.9.1.202402080819/tools/bin/../lib/gcc/arm-none-eabi/12.3.1/../../../../arm-none-eabi/lib/thumb/v6-m/nofp\libcr_c.a(strlen.o)
 .debug_aranges
                0x00000d88       0x28 c:/nxp/mcuxpressoide_11.9.1_2170/ide/plugins/com.nxp.mcuxpresso.tools.win32_11.9.1.202402080819/tools/bin/../lib/gcc/arm-none-eabi/12.3.1/../../../../arm-none-eabi/lib/thumb/v6-m/nofp\libcr_c.a(_deferredlazyseek.o)
 .debug_aranges
                0x00000db0       0x20 c:/nxp/mcuxpressoide_11.9.1_2170/ide/plugins/com.nxp.mcuxpresso.tools.win32_11.9.1.202402080819/tools/bin/../lib/gcc/arm-none-eabi/12.3.1/../../../../arm-none-eabi/lib/thumb/v6-m/nofp\libcr_c.a(_fdopen.o)
 .debug_aranges
                0x00000dd0       0x20 c:/nxp/mcuxpressoide_11.9.1_2170/ide/plugins/com.nxp.mcuxpresso.tools.win32_11.9.1.202402080819/tools/bin/../lib/gcc/arm-none-eabi/12.3.1/../../../../arm-none-eabi/lib/thumb/v6-m/nofp\libcr_c.a(_fflush.o)
 .debug_aranges
                0x00000df0       0x20 c:/nxp/mcuxpressoide_11.9.1_2170/ide/plugins/com.nxp.mcuxpresso.tools.win32_11.9.1.202402080819/tools/bin/../lib/gcc/arm-none-eabi/12.3.1/../../../../arm-none-eabi/lib/thumb/v6-m/nofp\libcr_c.a(_writebuf.o)
 .debug_aranges
                0x00000e10       0x20 c:/nxp/mcuxpressoide_11.9.1_2170/ide/plugins/com.nxp.mcuxpresso.tools.win32_11.9.1.202402080819/tools/bin/../lib/gcc/arm-none-eabi/12.3.1/../../../../arm-none-eabi/lib/thumb/v6-m/nofp\libcr_c.a(fclose.o)
 .debug_aranges
                0x00000e30       0x20 c:/nxp/mcuxpressoide_11.9.1_2170/ide/plugins/com.nxp.mcuxpresso.tools.win32_11.9.1.202402080819/tools/bin/../lib/gcc/arm-none-eabi/12.3.1/../../../../arm-none-eabi/lib/thumb/v6-m/nofp\libcr_c.a(fflush.o)
 .debug_aranges
                0x00000e50       0x20 c:/nxp/mcuxpressoide_11.9.1_2170/ide/plugins/com.nxp.mcuxpresso.tools.win32_11.9.1.202402080819/tools/bin/../lib/gcc/arm-none-eabi/12.3.1/../../../../arm-none-eabi/lib/thumb/v6-m/nofp\libcr_c.a(fseek.o)
 .debug_aranges
                0x00000e70       0x20 c:/nxp/mcuxpressoide_11.9.1_2170/ide/plugins/com.nxp.mcuxpresso.tools.win32_11.9.1.202402080819/tools/bin/../lib/gcc/arm-none-eabi/12.3.1/../../../../arm-none-eabi/lib/thumb/v6-m/nofp\libcr_c.a(ftell.o)
 .debug_aranges
                0x00000e90       0x28 c:/nxp/mcuxpressoide_11.9.1_2170/ide/plugins/com.nxp.mcuxpresso.tools.win32_11.9.1.202402080819/tools/bin/../lib/gcc/arm-none-eabi/12.3.1/../../../../arm-none-eabi/lib/thumb/v6-m/nofp\libcr_c.a(remove.o)
 .debug_aranges
                0x00000eb8       0x20 c:/nxp/mcuxpressoide_11.9.1_2170/ide/plugins/com.nxp.mcuxpresso.tools.win32_11.9.1.202402080819/tools/bin/../lib/gcc/arm-none-eabi/12.3.1/../../../../arm-none-eabi/lib/thumb/v6-m/nofp\libcr_c.a(_do_fflush.o)
 .debug_aranges
                0x00000ed8       0x18 c:/nxp/mcuxpressoide_11.9.1_2170/ide/plugins/com.nxp.mcuxpresso.tools.win32_11.9.1.202402080819/tools/bin/../lib/gcc/arm-none-eabi/12.3.1/../../../../arm-none-eabi/lib/thumb/v6-m/nofp\libcr_nohost_nf.a(__ciob.o)
 .debug_aranges
                0x00000ef0       0x20 c:/nxp/mcuxpressoide_11.9.1_2170/ide/plugins/com.nxp.mcuxpresso.tools.win32_11.9.1.202402080819/tools/bin/../lib/gcc/arm-none-eabi/12.3.1/../../../../arm-none-eabi/lib/thumb/v6-m/nofp\libcr_nohost_nf.a(__sys_close.o)
 .debug_aranges
                0x00000f10       0x20 c:/nxp/mcuxpressoide_11.9.1_2170/ide/plugins/com.nxp.mcuxpresso.tools.win32_11.9.1.202402080819/tools/bin/../lib/gcc/arm-none-eabi/12.3.1/../../../../arm-none-eabi/lib/thumb/v6-m/nofp\libcr_nohost_nf.a(__sys_flen.o)
 .debug_aranges
                0x00000f30       0x20 c:/nxp/mcuxpressoide_11.9.1_2170/ide/plugins/com.nxp.mcuxpresso.tools.win32_11.9.1.202402080819/tools/bin/../lib/gcc/arm-none-eabi/12.3.1/../../../../arm-none-eabi/lib/thumb/v6-m/nofp\libcr_nohost_nf.a(__sys_istty.o)
 .debug_aranges
                0x00000f50       0x20 c:/nxp/mcuxpressoide_11.9.1_2170/ide/plugins/com.nxp.mcuxpresso.tools.win32_11.9.1.202402080819/tools/bin/../lib/gcc/arm-none-eabi/12.3.1/../../../../arm-none-eabi/lib/thumb/v6-m/nofp\libcr_nohost_nf.a(__sys_remove.o)
 .debug_aranges
                0x00000f70       0x20 c:/nxp/mcuxpressoide_11.9.1_2170/ide/plugins/com.nxp.mcuxpresso.tools.win32_11.9.1.202402080819/tools/bin/../lib/gcc/arm-none-eabi/12.3.1/../../../../arm-none-eabi/lib/thumb/v6-m/nofp\libcr_nohost_nf.a(__sys_seek.o)
 .debug_aranges
                0x00000f90       0x20 c:/nxp/mcuxpressoide_11.9.1_2170/ide/plugins/com.nxp.mcuxpresso.tools.win32_11.9.1.202402080819/tools/bin/../lib/gcc/arm-none-eabi/12.3.1/../../../../arm-none-eabi/lib/thumb/v6-m/nofp\libcr_nohost_nf.a(__sys_tmpnam.o)
 .debug_aranges
                0x00000fb0       0x20 c:/nxp/mcuxpressoide_11.9.1_2170/ide/plugins/com.nxp.mcuxpresso.tools.win32_11.9.1.202402080819/tools/bin/../lib/gcc/arm-none-eabi/12.3.1/../../../../arm-none-eabi/lib/thumb/v6-m/nofp\libcr_nohost_nf.a(__sys_write.o)

.debug_ranges   0x00000000      0xe10
 .debug_ranges  0x00000000       0x18 ./utilities/fsl_assert.o
 .debug_ranges  0x00000018       0x98 ./utilities/fsl_debug_console.o
 .debug_ranges  0x000000b0      0x108 ./utilities/fsl_str.o
 .debug_ranges  0x000001b8      0x150 ./startup/startup_mke16z4.o
 .debug_ranges  0x00000308       0xa8 ./source/MKE16Z4_Project.o
 .debug_ranges  0x000003b0       0x10 ./source/semihost_hardfault.o
 .debug_ranges  0x000003c0       0xc8 ./drivers/fsl_clock.o
 .debug_ranges  0x00000488       0xd0 ./drivers/fsl_ftm.o
 .debug_ranges  0x00000558       0x58 ./drivers/fsl_gpio.o
 .debug_ranges  0x000005b0      0x228 ./drivers/fsl_lpi2c.o
 .debug_ranges  0x000007d8      0x160 ./drivers/fsl_lpuart.o
 .debug_ranges  0x00000938       0x40 ./drivers/fsl_pdb.o
 .debug_ranges  0x00000978       0x20 ./device/system_MKE16Z4.o
 .debug_ranges  0x00000998       0x48 ./component/uart/fsl_adapter_lpuart.o
 .debug_ranges  0x000009e0       0x90 ./component/serial_manager/fsl_component_serial_manager.o
 .debug_ranges  0x00000a70       0x38 ./component/serial_manager/fsl_component_serial_port_uart.o
 .debug_ranges  0x00000aa8       0x58 ./board/clock_config.o
 .debug_ranges  0x00000b00       0x18 ./board/peripherals.o
 .debug_ranges  0x00000b18       0x80 ./board/pin_mux.o
 .debug_ranges  0x00000b98       0x10 c:/nxp/mcuxpressoide_11.9.1_2170/ide/plugins/com.nxp.mcuxpresso.tools.win32_11.9.1.202402080819/tools/bin/../lib/gcc/arm-none-eabi/12.3.1/../../../../arm-none-eabi/lib/thumb/v6-m/nofp\libcr_nohost_nf.a(_cr__main.o)
 .debug_ranges  0x00000ba8       0x10 c:/nxp/mcuxpressoide_11.9.1_2170/ide/plugins/com.nxp.mcuxpresso.tools.win32_11.9.1.202402080819/tools/bin/../lib/gcc/arm-none-eabi/12.3.1/../../../../arm-none-eabi/lib/thumb/v6-m/nofp\libcr_c.a(memcpy.o)
 .debug_ranges  0x00000bb8       0x10 c:/nxp/mcuxpressoide_11.9.1_2170/ide/plugins/com.nxp.mcuxpresso.tools.win32_11.9.1.202402080819/tools/bin/../lib/gcc/arm-none-eabi/12.3.1/../../../../arm-none-eabi/lib/thumb/v6-m/nofp\libcr_c.a(memset.o)
 .debug_ranges  0x00000bc8       0x50 c:/nxp/mcuxpressoide_11.9.1_2170/ide/plugins/com.nxp.mcuxpresso.tools.win32_11.9.1.202402080819/tools/bin/../lib/gcc/arm-none-eabi/12.3.1/../../../../arm-none-eabi/lib/thumb/v6-m/nofp\libcr_c.a(alloc.o)
 .debug_ranges  0x00000c18       0x38 c:/nxp/mcuxpressoide_11.9.1_2170/ide/plugins/com.nxp.mcuxpresso.tools.win32_11.9.1.202402080819/tools/bin/../lib/gcc/arm-none-eabi/12.3.1/../../../../arm-none-eabi/lib/thumb/v6-m/nofp\libcr_c.a(initio.o)
 .debug_ranges  0x00000c50       0x10 c:/nxp/mcuxpressoide_11.9.1_2170/ide/plugins/com.nxp.mcuxpresso.tools.win32_11.9.1.202402080819/tools/bin/../lib/gcc/arm-none-eabi/12.3.1/../../../../arm-none-eabi/lib/thumb/v6-m/nofp\libcr_c.a(setvbuf.o)
 .debug_ranges  0x00000c60       0x28 c:/nxp/mcuxpressoide_11.9.1_2170/ide/plugins/com.nxp.mcuxpresso.tools.win32_11.9.1.202402080819/tools/bin/../lib/gcc/arm-none-eabi/12.3.1/../../../../arm-none-eabi/lib/thumb/v6-m/nofp\libcr_c.a(strlen.o)
 .debug_ranges  0x00000c88       0x50 c:/nxp/mcuxpressoide_11.9.1_2170/ide/plugins/com.nxp.mcuxpresso.tools.win32_11.9.1.202402080819/tools/bin/../lib/gcc/arm-none-eabi/12.3.1/../../../../arm-none-eabi/lib/thumb/v6-m/nofp\libcr_c.a(_deferredlazyseek.o)
 .debug_ranges  0x00000cd8       0x10 c:/nxp/mcuxpressoide_11.9.1_2170/ide/plugins/com.nxp.mcuxpresso.tools.win32_11.9.1.202402080819/tools/bin/../lib/gcc/arm-none-eabi/12.3.1/../../../../arm-none-eabi/lib/thumb/v6-m/nofp\libcr_c.a(_fdopen.o)
 .debug_ranges  0x00000ce8       0x10 c:/nxp/mcuxpressoide_11.9.1_2170/ide/plugins/com.nxp.mcuxpresso.tools.win32_11.9.1.202402080819/tools/bin/../lib/gcc/arm-none-eabi/12.3.1/../../../../arm-none-eabi/lib/thumb/v6-m/nofp\libcr_c.a(_fflush.o)
 .debug_ranges  0x00000cf8       0x10 c:/nxp/mcuxpressoide_11.9.1_2170/ide/plugins/com.nxp.mcuxpresso.tools.win32_11.9.1.202402080819/tools/bin/../lib/gcc/arm-none-eabi/12.3.1/../../../../arm-none-eabi/lib/thumb/v6-m/nofp\libcr_c.a(_writebuf.o)
 .debug_ranges  0x00000d08       0x10 c:/nxp/mcuxpressoide_11.9.1_2170/ide/plugins/com.nxp.mcuxpresso.tools.win32_11.9.1.202402080819/tools/bin/../lib/gcc/arm-none-eabi/12.3.1/../../../../arm-none-eabi/lib/thumb/v6-m/nofp\libcr_c.a(fclose.o)
 .debug_ranges  0x00000d18       0x28 c:/nxp/mcuxpressoide_11.9.1_2170/ide/plugins/com.nxp.mcuxpresso.tools.win32_11.9.1.202402080819/tools/bin/../lib/gcc/arm-none-eabi/12.3.1/../../../../arm-none-eabi/lib/thumb/v6-m/nofp\libcr_c.a(fflush.o)
 .debug_ranges  0x00000d40       0x10 c:/nxp/mcuxpressoide_11.9.1_2170/ide/plugins/com.nxp.mcuxpresso.tools.win32_11.9.1.202402080819/tools/bin/../lib/gcc/arm-none-eabi/12.3.1/../../../../arm-none-eabi/lib/thumb/v6-m/nofp\libcr_c.a(fseek.o)
 .debug_ranges  0x00000d50       0x10 c:/nxp/mcuxpressoide_11.9.1_2170/ide/plugins/com.nxp.mcuxpresso.tools.win32_11.9.1.202402080819/tools/bin/../lib/gcc/arm-none-eabi/12.3.1/../../../../arm-none-eabi/lib/thumb/v6-m/nofp\libcr_c.a(ftell.o)
 .debug_ranges  0x00000d60       0x18 c:/nxp/mcuxpressoide_11.9.1_2170/ide/plugins/com.nxp.mcuxpresso.tools.win32_11.9.1.202402080819/tools/bin/../lib/gcc/arm-none-eabi/12.3.1/../../../../arm-none-eabi/lib/thumb/v6-m/nofp\libcr_c.a(remove.o)
 .debug_ranges  0x00000d78       0x28 c:/nxp/mcuxpressoide_11.9.1_2170/ide/plugins/com.nxp.mcuxpresso.tools.win32_11.9.1.202402080819/tools/bin/../lib/gcc/arm-none-eabi/12.3.1/../../../../arm-none-eabi/lib/thumb/v6-m/nofp\libcr_c.a(_do_fflush.o)
 .debug_ranges  0x00000da0       0x10 c:/nxp/mcuxpressoide_11.9.1_2170/ide/plugins/com.nxp.mcuxpresso.tools.win32_11.9.1.202402080819/tools/bin/../lib/gcc/arm-none-eabi/12.3.1/../../../../arm-none-eabi/lib/thumb/v6-m/nofp\libcr_nohost_nf.a(__sys_close.o)
 .debug_ranges  0x00000db0       0x10 c:/nxp/mcuxpressoide_11.9.1_2170/ide/plugins/com.nxp.mcuxpresso.tools.win32_11.9.1.202402080819/tools/bin/../lib/gcc/arm-none-eabi/12.3.1/../../../../arm-none-eabi/lib/thumb/v6-m/nofp\libcr_nohost_nf.a(__sys_flen.o)
 .debug_ranges  0x00000dc0       0x10 c:/nxp/mcuxpressoide_11.9.1_2170/ide/plugins/com.nxp.mcuxpresso.tools.win32_11.9.1.202402080819/tools/bin/../lib/gcc/arm-none-eabi/12.3.1/../../../../arm-none-eabi/lib/thumb/v6-m/nofp\libcr_nohost_nf.a(__sys_istty.o)
 .debug_ranges  0x00000dd0       0x10 c:/nxp/mcuxpressoide_11.9.1_2170/ide/plugins/com.nxp.mcuxpresso.tools.win32_11.9.1.202402080819/tools/bin/../lib/gcc/arm-none-eabi/12.3.1/../../../../arm-none-eabi/lib/thumb/v6-m/nofp\libcr_nohost_nf.a(__sys_remove.o)
 .debug_ranges  0x00000de0       0x10 c:/nxp/mcuxpressoide_11.9.1_2170/ide/plugins/com.nxp.mcuxpresso.tools.win32_11.9.1.202402080819/tools/bin/../lib/gcc/arm-none-eabi/12.3.1/../../../../arm-none-eabi/lib/thumb/v6-m/nofp\libcr_nohost_nf.a(__sys_seek.o)
 .debug_ranges  0x00000df0       0x10 c:/nxp/mcuxpressoide_11.9.1_2170/ide/plugins/com.nxp.mcuxpresso.tools.win32_11.9.1.202402080819/tools/bin/../lib/gcc/arm-none-eabi/12.3.1/../../../../arm-none-eabi/lib/thumb/v6-m/nofp\libcr_nohost_nf.a(__sys_tmpnam.o)
 .debug_ranges  0x00000e00       0x10 c:/nxp/mcuxpressoide_11.9.1_2170/ide/plugins/com.nxp.mcuxpresso.tools.win32_11.9.1.202402080819/tools/bin/../lib/gcc/arm-none-eabi/12.3.1/../../../../arm-none-eabi/lib/thumb/v6-m/nofp\libcr_nohost_nf.a(__sys_write.o)

.debug_macro    0x00000000     0xaf00
 .debug_macro   0x00000000      0x158 ./utilities/fsl_assert.o
 .debug_macro   0x00000158      0xac0 ./utilities/fsl_assert.o
 .debug_macro   0x00000c18       0x10 ./utilities/fsl_assert.o
 .debug_macro   0x00000c28       0x1c ./utilities/fsl_assert.o
 .debug_macro   0x00000c44       0x22 ./utilities/fsl_assert.o
 .debug_macro   0x00000c66      0x12e ./utilities/fsl_assert.o
 .debug_macro   0x00000d94      0x5b3 ./utilities/fsl_assert.o
 .debug_macro   0x00001347       0x22 ./utilities/fsl_assert.o
 .debug_macro   0x00001369       0x10 ./utilities/fsl_assert.o
 .debug_macro   0x00001379       0x3f ./utilities/fsl_assert.o
 .debug_macro   0x000013b8       0x1c ./utilities/fsl_assert.o
 .debug_macro   0x000013d4       0x22 ./utilities/fsl_assert.o
 .debug_macro   0x000013f6       0xd1 ./utilities/fsl_assert.o
 .debug_macro   0x000014c7      0x3ad ./utilities/fsl_assert.o
 .debug_macro   0x00001874       0x3a ./utilities/fsl_assert.o
 .debug_macro   0x000018ae     0x6d8e ./utilities/fsl_assert.o
 .debug_macro   0x0000863c      0x90e ./utilities/fsl_assert.o
 .debug_macro   0x00008f4a       0x7a ./utilities/fsl_assert.o
 .debug_macro   0x00008fc4       0x9d ./utilities/fsl_assert.o
 .debug_macro   0x00009061       0x98 ./utilities/fsl_assert.o
 .debug_macro   0x000090f9       0x70 ./utilities/fsl_assert.o
 .debug_macro   0x00009169       0x47 ./utilities/fsl_assert.o
 .debug_macro   0x000091b0       0x16 ./utilities/fsl_assert.o
 .debug_macro   0x000091c6       0x6d ./utilities/fsl_assert.o
 .debug_macro   0x00009233       0x16 ./utilities/fsl_assert.o
 .debug_macro   0x00009249       0x1c ./utilities/fsl_assert.o
 .debug_macro   0x00009265       0x1c ./utilities/fsl_assert.o
 .debug_macro   0x00009281      0x1c5 ./utilities/fsl_debug_console.o
 .debug_macro   0x00009446       0x16 ./utilities/fsl_debug_console.o
 .debug_macro   0x0000945c       0x10 ./utilities/fsl_debug_console.o
 .debug_macro   0x0000946c       0x28 ./utilities/fsl_debug_console.o
 .debug_macro   0x00009494       0x16 ./utilities/fsl_debug_console.o
 .debug_macro   0x000094aa       0x3c ./utilities/fsl_debug_console.o
 .debug_macro   0x000094e6       0x1c ./utilities/fsl_debug_console.o
 .debug_macro   0x00009502       0x1c ./utilities/fsl_debug_console.o
 .debug_macro   0x0000951e      0x147 ./utilities/fsl_str.o
 .debug_macro   0x00009665       0xc4 ./utilities/fsl_str.o
 .debug_macro   0x00009729      0x1c7 ./utilities/fsl_str.o
 .debug_macro   0x000098f0       0x16 ./utilities/fsl_str.o
 .debug_macro   0x00009906       0x29 ./startup/startup_mke16z4.o
 .debug_macro   0x0000992f      0x1c7 ./source/MKE16Z4_Project.o
 .debug_macro   0x00009af6       0xd8 ./source/MKE16Z4_Project.o
 .debug_macro   0x00009bce       0x16 ./source/MKE16Z4_Project.o
 .debug_macro   0x00009be4       0x16 ./source/MKE16Z4_Project.o
 .debug_macro   0x00009bfa      0x17f ./source/MKE16Z4_Project.o
 .debug_macro   0x00009d79      0x151 ./source/MKE16Z4_Project.o
 .debug_macro   0x00009eca       0x10 ./source/MKE16Z4_Project.o
 .debug_macro   0x00009eda       0x10 ./source/MKE16Z4_Project.o
 .debug_macro   0x00009eea       0x2f ./source/mtb.o
 .debug_macro   0x00009f19       0x82 ./source/mtb.o
 .debug_macro   0x00009f9b       0x10 ./source/mtb.o
 .debug_macro   0x00009fab       0x11 ./source/semihost_hardfault.o
 .debug_macro   0x00009fbc      0x15f ./drivers/fsl_clock.o
 .debug_macro   0x0000a11b      0x121 ./drivers/fsl_ftm.o
 .debug_macro   0x0000a23c      0x120 ./drivers/fsl_gpio.o
 .debug_macro   0x0000a35c       0x10 ./drivers/fsl_gpio.o
 .debug_macro   0x0000a36c      0x11f ./drivers/fsl_lpi2c.o
 .debug_macro   0x0000a48b       0x16 ./drivers/fsl_lpi2c.o
 .debug_macro   0x0000a4a1       0x1c ./drivers/fsl_lpi2c.o
 .debug_macro   0x0000a4bd       0x10 ./drivers/fsl_lpi2c.o
 .debug_macro   0x0000a4cd      0x120 ./drivers/fsl_lpuart.o
 .debug_macro   0x0000a5ed       0x10 ./drivers/fsl_lpuart.o
 .debug_macro   0x0000a5fd      0x121 ./drivers/fsl_pdb.o
 .debug_macro   0x0000a71e       0x97 ./device/system_MKE16Z4.o
 .debug_macro   0x0000a7b5      0x13f ./component/uart/fsl_adapter_lpuart.o
 .debug_macro   0x0000a8f4       0x41 ./component/uart/fsl_adapter_lpuart.o
 .debug_macro   0x0000a935      0x18f ./component/serial_manager/fsl_component_serial_manager.o
 .debug_macro   0x0000aac4       0x6a ./component/serial_manager/fsl_component_serial_manager.o
 .debug_macro   0x0000ab2e      0x14d ./component/serial_manager/fsl_component_serial_port_uart.o
 .debug_macro   0x0000ac7b      0x12e ./board/clock_config.o
 .debug_macro   0x0000ada9       0x1b ./board/peripherals.o
 .debug_macro   0x0000adc4      0x126 ./board/pin_mux.o
 .debug_macro   0x0000aeea       0x16 ./board/pin_mux.o

.debug_line     0x00000000     0xb243
 .debug_line    0x00000000      0x4ef ./utilities/fsl_assert.o
 .debug_line    0x000004ef      0x8e6 ./utilities/fsl_debug_console.o
 .debug_line    0x00000dd5      0xc10 ./utilities/fsl_str.o
 .debug_line    0x000019e5      0x30c ./startup/startup_mke16z4.o
 .debug_line    0x00001cf1      0x939 ./source/MKE16Z4_Project.o
 .debug_line    0x0000262a       0xd1 ./source/mtb.o
 .debug_line    0x000026fb       0x59 ./source/semihost_hardfault.o
 .debug_line    0x00002754      0x9f4 ./drivers/fsl_clock.o
 .debug_line    0x00003148     0x1051 ./drivers/fsl_ftm.o
 .debug_line    0x00004199      0x505 ./drivers/fsl_gpio.o
 .debug_line    0x0000469e     0x175e ./drivers/fsl_lpi2c.o
 .debug_line    0x00005dfc     0x1398 ./drivers/fsl_lpuart.o
 .debug_line    0x00007194      0x472 ./drivers/fsl_pdb.o
 .debug_line    0x00007606      0x32f ./device/system_MKE16Z4.o
 .debug_line    0x00007935      0x576 ./component/uart/fsl_adapter_lpuart.o
 .debug_line    0x00007eab      0x7d8 ./component/serial_manager/fsl_component_serial_manager.o
 .debug_line    0x00008683      0x58f ./component/serial_manager/fsl_component_serial_port_uart.o
 .debug_line    0x00008c12      0x556 ./board/clock_config.o
 .debug_line    0x00009168       0x71 ./board/peripherals.o
 .debug_line    0x000091d9      0x61e ./board/pin_mux.o
 .debug_line    0x000097f7       0xcd c:/nxp/mcuxpressoide_11.9.1_2170/ide/plugins/com.nxp.mcuxpresso.tools.win32_11.9.1.202402080819/tools/bin/../lib/gcc/arm-none-eabi/12.3.1/../../../../arm-none-eabi/lib/thumb/v6-m/nofp\libcr_nohost_nf.a(_cr__main.o)
 .debug_line    0x000098c4       0xa2 c:/nxp/mcuxpressoide_11.9.1_2170/ide/plugins/com.nxp.mcuxpresso.tools.win32_11.9.1.202402080819/tools/bin/../lib/gcc/arm-none-eabi/12.3.1/../../../../arm-none-eabi/lib/thumb/v6-m/nofp\libcr_c.a(memcpy.o)
 .debug_line    0x00009966       0x82 c:/nxp/mcuxpressoide_11.9.1_2170/ide/plugins/com.nxp.mcuxpresso.tools.win32_11.9.1.202402080819/tools/bin/../lib/gcc/arm-none-eabi/12.3.1/../../../../arm-none-eabi/lib/thumb/v6-m/nofp\libcr_c.a(memset.o)
 .debug_line    0x000099e8      0x3db c:/nxp/mcuxpressoide_11.9.1_2170/ide/plugins/com.nxp.mcuxpresso.tools.win32_11.9.1.202402080819/tools/bin/../lib/gcc/arm-none-eabi/12.3.1/../../../../arm-none-eabi/lib/thumb/v6-m/nofp\libcr_c.a(alloc.o)
 .debug_line    0x00009dc3       0x4e c:/nxp/mcuxpressoide_11.9.1_2170/ide/plugins/com.nxp.mcuxpresso.tools.win32_11.9.1.202402080819/tools/bin/../lib/gcc/arm-none-eabi/12.3.1/../../../../arm-none-eabi/lib/thumb/v6-m/nofp\libcr_c.a(errno.o)
 .debug_line    0x00009e11      0x126 c:/nxp/mcuxpressoide_11.9.1_2170/ide/plugins/com.nxp.mcuxpresso.tools.win32_11.9.1.202402080819/tools/bin/../lib/gcc/arm-none-eabi/12.3.1/../../../../arm-none-eabi/lib/thumb/v6-m/nofp\libcr_c.a(initio.o)
 .debug_line    0x00009f37       0xf7 c:/nxp/mcuxpressoide_11.9.1_2170/ide/plugins/com.nxp.mcuxpresso.tools.win32_11.9.1.202402080819/tools/bin/../lib/gcc/arm-none-eabi/12.3.1/../../../../arm-none-eabi/lib/thumb/v6-m/nofp\libcr_c.a(setvbuf.o)
 .debug_line    0x0000a02e      0x11b c:/nxp/mcuxpressoide_11.9.1_2170/ide/plugins/com.nxp.mcuxpresso.tools.win32_11.9.1.202402080819/tools/bin/../lib/gcc/arm-none-eabi/12.3.1/../../../../arm-none-eabi/lib/thumb/v6-m/nofp\libcr_c.a(strlen.o)
 .debug_line    0x0000a149      0x305 c:/nxp/mcuxpressoide_11.9.1_2170/ide/plugins/com.nxp.mcuxpresso.tools.win32_11.9.1.202402080819/tools/bin/../lib/gcc/arm-none-eabi/12.3.1/../../../../arm-none-eabi/lib/thumb/v6-m/nofp\libcr_c.a(_deferredlazyseek.o)
 .debug_line    0x0000a44e      0x15f c:/nxp/mcuxpressoide_11.9.1_2170/ide/plugins/com.nxp.mcuxpresso.tools.win32_11.9.1.202402080819/tools/bin/../lib/gcc/arm-none-eabi/12.3.1/../../../../arm-none-eabi/lib/thumb/v6-m/nofp\libcr_c.a(_fdopen.o)
 .debug_line    0x0000a5ad      0x11f c:/nxp/mcuxpressoide_11.9.1_2170/ide/plugins/com.nxp.mcuxpresso.tools.win32_11.9.1.202402080819/tools/bin/../lib/gcc/arm-none-eabi/12.3.1/../../../../arm-none-eabi/lib/thumb/v6-m/nofp\libcr_c.a(_fflush.o)
 .debug_line    0x0000a6cc      0x139 c:/nxp/mcuxpressoide_11.9.1_2170/ide/plugins/com.nxp.mcuxpresso.tools.win32_11.9.1.202402080819/tools/bin/../lib/gcc/arm-none-eabi/12.3.1/../../../../arm-none-eabi/lib/thumb/v6-m/nofp\libcr_c.a(_writebuf.o)
 .debug_line    0x0000a805      0x107 c:/nxp/mcuxpressoide_11.9.1_2170/ide/plugins/com.nxp.mcuxpresso.tools.win32_11.9.1.202402080819/tools/bin/../lib/gcc/arm-none-eabi/12.3.1/../../../../arm-none-eabi/lib/thumb/v6-m/nofp\libcr_c.a(fclose.o)
 .debug_line    0x0000a90c       0xcf c:/nxp/mcuxpressoide_11.9.1_2170/ide/plugins/com.nxp.mcuxpresso.tools.win32_11.9.1.202402080819/tools/bin/../lib/gcc/arm-none-eabi/12.3.1/../../../../arm-none-eabi/lib/thumb/v6-m/nofp\libcr_c.a(fflush.o)
 .debug_line    0x0000a9db      0x242 c:/nxp/mcuxpressoide_11.9.1_2170/ide/plugins/com.nxp.mcuxpresso.tools.win32_11.9.1.202402080819/tools/bin/../lib/gcc/arm-none-eabi/12.3.1/../../../../arm-none-eabi/lib/thumb/v6-m/nofp\libcr_c.a(fseek.o)
 .debug_line    0x0000ac1d      0x10c c:/nxp/mcuxpressoide_11.9.1_2170/ide/plugins/com.nxp.mcuxpresso.tools.win32_11.9.1.202402080819/tools/bin/../lib/gcc/arm-none-eabi/12.3.1/../../../../arm-none-eabi/lib/thumb/v6-m/nofp\libcr_c.a(ftell.o)
 .debug_line    0x0000ad29       0xe2 c:/nxp/mcuxpressoide_11.9.1_2170/ide/plugins/com.nxp.mcuxpresso.tools.win32_11.9.1.202402080819/tools/bin/../lib/gcc/arm-none-eabi/12.3.1/../../../../arm-none-eabi/lib/thumb/v6-m/nofp\libcr_c.a(remove.o)
 .debug_line    0x0000ae0b      0x118 c:/nxp/mcuxpressoide_11.9.1_2170/ide/plugins/com.nxp.mcuxpresso.tools.win32_11.9.1.202402080819/tools/bin/../lib/gcc/arm-none-eabi/12.3.1/../../../../arm-none-eabi/lib/thumb/v6-m/nofp\libcr_c.a(_do_fflush.o)
 .debug_line    0x0000af23       0xf2 c:/nxp/mcuxpressoide_11.9.1_2170/ide/plugins/com.nxp.mcuxpresso.tools.win32_11.9.1.202402080819/tools/bin/../lib/gcc/arm-none-eabi/12.3.1/../../../../arm-none-eabi/lib/thumb/v6-m/nofp\libcr_nohost_nf.a(__ciob.o)
 .debug_line    0x0000b015       0x50 c:/nxp/mcuxpressoide_11.9.1_2170/ide/plugins/com.nxp.mcuxpresso.tools.win32_11.9.1.202402080819/tools/bin/../lib/gcc/arm-none-eabi/12.3.1/../../../../arm-none-eabi/lib/thumb/v6-m/nofp\libcr_nohost_nf.a(__sys_close.o)
 .debug_line    0x0000b065       0x4f c:/nxp/mcuxpressoide_11.9.1_2170/ide/plugins/com.nxp.mcuxpresso.tools.win32_11.9.1.202402080819/tools/bin/../lib/gcc/arm-none-eabi/12.3.1/../../../../arm-none-eabi/lib/thumb/v6-m/nofp\libcr_nohost_nf.a(__sys_flen.o)
 .debug_line    0x0000b0b4       0x50 c:/nxp/mcuxpressoide_11.9.1_2170/ide/plugins/com.nxp.mcuxpresso.tools.win32_11.9.1.202402080819/tools/bin/../lib/gcc/arm-none-eabi/12.3.1/../../../../arm-none-eabi/lib/thumb/v6-m/nofp\libcr_nohost_nf.a(__sys_istty.o)
 .debug_line    0x0000b104       0x51 c:/nxp/mcuxpressoide_11.9.1_2170/ide/plugins/com.nxp.mcuxpresso.tools.win32_11.9.1.202402080819/tools/bin/../lib/gcc/arm-none-eabi/12.3.1/../../../../arm-none-eabi/lib/thumb/v6-m/nofp\libcr_nohost_nf.a(__sys_remove.o)
 .debug_line    0x0000b155       0x4f c:/nxp/mcuxpressoide_11.9.1_2170/ide/plugins/com.nxp.mcuxpresso.tools.win32_11.9.1.202402080819/tools/bin/../lib/gcc/arm-none-eabi/12.3.1/../../../../arm-none-eabi/lib/thumb/v6-m/nofp\libcr_nohost_nf.a(__sys_seek.o)
 .debug_line    0x0000b1a4       0x51 c:/nxp/mcuxpressoide_11.9.1_2170/ide/plugins/com.nxp.mcuxpresso.tools.win32_11.9.1.202402080819/tools/bin/../lib/gcc/arm-none-eabi/12.3.1/../../../../arm-none-eabi/lib/thumb/v6-m/nofp\libcr_nohost_nf.a(__sys_tmpnam.o)
 .debug_line    0x0000b1f5       0x4e c:/nxp/mcuxpressoide_11.9.1_2170/ide/plugins/com.nxp.mcuxpresso.tools.win32_11.9.1.202402080819/tools/bin/../lib/gcc/arm-none-eabi/12.3.1/../../../../arm-none-eabi/lib/thumb/v6-m/nofp\libcr_nohost_nf.a(__sys_write.o)

.debug_str      0x00000000    0x49e29
 .debug_str     0x00000000    0x3e92a ./utilities/fsl_assert.o
                              0x3eb33 (size before relaxing)
 .debug_str     0x0003e92a     0x17a6 ./utilities/fsl_debug_console.o
                              0x40307 (size before relaxing)
 .debug_str     0x000400d0      0xc7a ./utilities/fsl_str.o
                              0x3ed86 (size before relaxing)
 .debug_str     0x00040d4a      0x445 ./startup/startup_mke16z4.o
                               0x3253 (size before relaxing)
 .debug_str     0x0004118f     0x2359 ./source/MKE16Z4_Project.o
                              0x41907 (size before relaxing)
 .debug_str     0x000434e8      0x532 ./source/mtb.o
                               0x330f (size before relaxing)
 .debug_str     0x00043a1a       0x1f ./source/semihost_hardfault.o
                               0x2dfc (size before relaxing)
 .debug_str     0x00043a39     0x1124 ./drivers/fsl_clock.o
                              0x3fbc6 (size before relaxing)
 .debug_str     0x00044b5d      0xaad ./drivers/fsl_ftm.o
                              0x3fccb (size before relaxing)
 .debug_str     0x0004560a      0x10b ./drivers/fsl_gpio.o
                              0x3ec21 (size before relaxing)
 .debug_str     0x00045715     0x1a01 ./drivers/fsl_lpi2c.o
                              0x4071f (size before relaxing)
 .debug_str     0x00047116     0x111f ./drivers/fsl_lpuart.o
                              0x4009e (size before relaxing)
 .debug_str     0x00048235       0x80 ./drivers/fsl_pdb.o
                              0x3f078 (size before relaxing)
 .debug_str     0x000482b5       0x6c ./device/system_MKE16Z4.o
                              0x3d006 (size before relaxing)
 .debug_str     0x00048321      0x385 ./component/uart/fsl_adapter_lpuart.o
                              0x3f490 (size before relaxing)
 .debug_str     0x000486a6      0x4a5 ./component/serial_manager/fsl_component_serial_manager.o
                              0x3fd89 (size before relaxing)
 .debug_str     0x00048b4b       0x92 ./component/serial_manager/fsl_component_serial_port_uart.o
                              0x3ef2f (size before relaxing)
 .debug_str     0x00048bdd      0x5e7 ./board/clock_config.o
                              0x3f881 (size before relaxing)
 .debug_str     0x000491c4       0x2d ./board/peripherals.o
                               0x2e23 (size before relaxing)
 .debug_str     0x000491f1      0x627 ./board/pin_mux.o
                              0x3ede6 (size before relaxing)
 .debug_str     0x00049818      0x129 c:/nxp/mcuxpressoide_11.9.1_2170/ide/plugins/com.nxp.mcuxpresso.tools.win32_11.9.1.202402080819/tools/bin/../lib/gcc/arm-none-eabi/12.3.1/../../../../arm-none-eabi/lib/thumb/v6-m/nofp\libcr_nohost_nf.a(_cr__main.o)
                                0x16e (size before relaxing)
 .debug_str     0x00049941       0x6f c:/nxp/mcuxpressoide_11.9.1_2170/ide/plugins/com.nxp.mcuxpresso.tools.win32_11.9.1.202402080819/tools/bin/../lib/gcc/arm-none-eabi/12.3.1/../../../../arm-none-eabi/lib/thumb/v6-m/nofp\libcr_c.a(memcpy.o)
                                0x1bc (size before relaxing)
 .debug_str     0x000499b0       0x31 c:/nxp/mcuxpressoide_11.9.1_2170/ide/plugins/com.nxp.mcuxpresso.tools.win32_11.9.1.202402080819/tools/bin/../lib/gcc/arm-none-eabi/12.3.1/../../../../arm-none-eabi/lib/thumb/v6-m/nofp\libcr_c.a(memset.o)
                                0x16e (size before relaxing)
 .debug_str     0x000499e1       0xa2 c:/nxp/mcuxpressoide_11.9.1_2170/ide/plugins/com.nxp.mcuxpresso.tools.win32_11.9.1.202402080819/tools/bin/../lib/gcc/arm-none-eabi/12.3.1/../../../../arm-none-eabi/lib/thumb/v6-m/nofp\libcr_c.a(alloc.o)
                                0x20e (size before relaxing)
 .debug_str     0x00049a83        0xf c:/nxp/mcuxpressoide_11.9.1_2170/ide/plugins/com.nxp.mcuxpresso.tools.win32_11.9.1.202402080819/tools/bin/../lib/gcc/arm-none-eabi/12.3.1/../../../../arm-none-eabi/lib/thumb/v6-m/nofp\libcr_c.a(errno.o)
                                0x119 (size before relaxing)
 .debug_str     0x00049a92       0xda c:/nxp/mcuxpressoide_11.9.1_2170/ide/plugins/com.nxp.mcuxpresso.tools.win32_11.9.1.202402080819/tools/bin/../lib/gcc/arm-none-eabi/12.3.1/../../../../arm-none-eabi/lib/thumb/v6-m/nofp\libcr_c.a(initio.o)
                                0x242 (size before relaxing)
 .debug_str     0x00049b6c       0x1d c:/nxp/mcuxpressoide_11.9.1_2170/ide/plugins/com.nxp.mcuxpresso.tools.win32_11.9.1.202402080819/tools/bin/../lib/gcc/arm-none-eabi/12.3.1/../../../../arm-none-eabi/lib/thumb/v6-m/nofp\libcr_c.a(setvbuf.o)
                                0x221 (size before relaxing)
 .debug_str     0x00049b89       0x26 c:/nxp/mcuxpressoide_11.9.1_2170/ide/plugins/com.nxp.mcuxpresso.tools.win32_11.9.1.202402080819/tools/bin/../lib/gcc/arm-none-eabi/12.3.1/../../../../arm-none-eabi/lib/thumb/v6-m/nofp\libcr_c.a(strlen.o)
                                0x168 (size before relaxing)
 .debug_str     0x00049baf       0x58 c:/nxp/mcuxpressoide_11.9.1_2170/ide/plugins/com.nxp.mcuxpresso.tools.win32_11.9.1.202402080819/tools/bin/../lib/gcc/arm-none-eabi/12.3.1/../../../../arm-none-eabi/lib/thumb/v6-m/nofp\libcr_c.a(_deferredlazyseek.o)
                                0x265 (size before relaxing)
 .debug_str     0x00049c07       0x1a c:/nxp/mcuxpressoide_11.9.1_2170/ide/plugins/com.nxp.mcuxpresso.tools.win32_11.9.1.202402080819/tools/bin/../lib/gcc/arm-none-eabi/12.3.1/../../../../arm-none-eabi/lib/thumb/v6-m/nofp\libcr_c.a(_fdopen.o)
                                0x21e (size before relaxing)
 .debug_str     0x00049c21       0x11 c:/nxp/mcuxpressoide_11.9.1_2170/ide/plugins/com.nxp.mcuxpresso.tools.win32_11.9.1.202402080819/tools/bin/../lib/gcc/arm-none-eabi/12.3.1/../../../../arm-none-eabi/lib/thumb/v6-m/nofp\libcr_c.a(_fflush.o)
                                0x217 (size before relaxing)
 .debug_str     0x00049c32       0x29 c:/nxp/mcuxpressoide_11.9.1_2170/ide/plugins/com.nxp.mcuxpresso.tools.win32_11.9.1.202402080819/tools/bin/../lib/gcc/arm-none-eabi/12.3.1/../../../../arm-none-eabi/lib/thumb/v6-m/nofp\libcr_c.a(_writebuf.o)
                                0x231 (size before relaxing)
 .debug_str     0x00049c5b       0x29 c:/nxp/mcuxpressoide_11.9.1_2170/ide/plugins/com.nxp.mcuxpresso.tools.win32_11.9.1.202402080819/tools/bin/../lib/gcc/arm-none-eabi/12.3.1/../../../../arm-none-eabi/lib/thumb/v6-m/nofp\libcr_c.a(fclose.o)
                                0x24c (size before relaxing)
 .debug_str     0x00049c84       0x1b c:/nxp/mcuxpressoide_11.9.1_2170/ide/plugins/com.nxp.mcuxpresso.tools.win32_11.9.1.202402080819/tools/bin/../lib/gcc/arm-none-eabi/12.3.1/../../../../arm-none-eabi/lib/thumb/v6-m/nofp\libcr_c.a(fflush.o)
                                0x223 (size before relaxing)
 .debug_str     0x00049c9f       0x33 c:/nxp/mcuxpressoide_11.9.1_2170/ide/plugins/com.nxp.mcuxpresso.tools.win32_11.9.1.202402080819/tools/bin/../lib/gcc/arm-none-eabi/12.3.1/../../../../arm-none-eabi/lib/thumb/v6-m/nofp\libcr_c.a(fseek.o)
                                0x23c (size before relaxing)
 .debug_str     0x00049cd2        0xf c:/nxp/mcuxpressoide_11.9.1_2170/ide/plugins/com.nxp.mcuxpresso.tools.win32_11.9.1.202402080819/tools/bin/../lib/gcc/arm-none-eabi/12.3.1/../../../../arm-none-eabi/lib/thumb/v6-m/nofp\libcr_c.a(ftell.o)
                                0x202 (size before relaxing)
 .debug_str     0x00049ce1       0x51 c:/nxp/mcuxpressoide_11.9.1_2170/ide/plugins/com.nxp.mcuxpresso.tools.win32_11.9.1.202402080819/tools/bin/../lib/gcc/arm-none-eabi/12.3.1/../../../../arm-none-eabi/lib/thumb/v6-m/nofp\libcr_c.a(remove.o)
                                0x1c1 (size before relaxing)
 .debug_str     0x00049d32       0x14 c:/nxp/mcuxpressoide_11.9.1_2170/ide/plugins/com.nxp.mcuxpresso.tools.win32_11.9.1.202402080819/tools/bin/../lib/gcc/arm-none-eabi/12.3.1/../../../../arm-none-eabi/lib/thumb/v6-m/nofp\libcr_c.a(_do_fflush.o)
                                0x22d (size before relaxing)
 .debug_str     0x00049d46       0x10 c:/nxp/mcuxpressoide_11.9.1_2170/ide/plugins/com.nxp.mcuxpresso.tools.win32_11.9.1.202402080819/tools/bin/../lib/gcc/arm-none-eabi/12.3.1/../../../../arm-none-eabi/lib/thumb/v6-m/nofp\libcr_nohost_nf.a(__ciob.o)
                                0x206 (size before relaxing)
 .debug_str     0x00049d56       0x21 c:/nxp/mcuxpressoide_11.9.1_2170/ide/plugins/com.nxp.mcuxpresso.tools.win32_11.9.1.202402080819/tools/bin/../lib/gcc/arm-none-eabi/12.3.1/../../../../arm-none-eabi/lib/thumb/v6-m/nofp\libcr_nohost_nf.a(__sys_close.o)
                                0x13b (size before relaxing)
 .debug_str     0x00049d77       0x14 c:/nxp/mcuxpressoide_11.9.1_2170/ide/plugins/com.nxp.mcuxpresso.tools.win32_11.9.1.202402080819/tools/bin/../lib/gcc/arm-none-eabi/12.3.1/../../../../arm-none-eabi/lib/thumb/v6-m/nofp\libcr_nohost_nf.a(__sys_flen.o)
                                0x134 (size before relaxing)
 .debug_str     0x00049d8b       0x15 c:/nxp/mcuxpressoide_11.9.1_2170/ide/plugins/com.nxp.mcuxpresso.tools.win32_11.9.1.202402080819/tools/bin/../lib/gcc/arm-none-eabi/12.3.1/../../../../arm-none-eabi/lib/thumb/v6-m/nofp\libcr_nohost_nf.a(__sys_istty.o)
                                0x136 (size before relaxing)
 .debug_str     0x00049da0       0x21 c:/nxp/mcuxpressoide_11.9.1_2170/ide/plugins/com.nxp.mcuxpresso.tools.win32_11.9.1.202402080819/tools/bin/../lib/gcc/arm-none-eabi/12.3.1/../../../../arm-none-eabi/lib/thumb/v6-m/nofp\libcr_nohost_nf.a(__sys_remove.o)
                                0x141 (size before relaxing)
 .debug_str     0x00049dc1       0x14 c:/nxp/mcuxpressoide_11.9.1_2170/ide/plugins/com.nxp.mcuxpresso.tools.win32_11.9.1.202402080819/tools/bin/../lib/gcc/arm-none-eabi/12.3.1/../../../../arm-none-eabi/lib/thumb/v6-m/nofp\libcr_nohost_nf.a(__sys_seek.o)
                                0x134 (size before relaxing)
 .debug_str     0x00049dd5       0x2e c:/nxp/mcuxpressoide_11.9.1_2170/ide/plugins/com.nxp.mcuxpresso.tools.win32_11.9.1.202402080819/tools/bin/../lib/gcc/arm-none-eabi/12.3.1/../../../../arm-none-eabi/lib/thumb/v6-m/nofp\libcr_nohost_nf.a(__sys_tmpnam.o)
                                0x14e (size before relaxing)