../drivers/fsl_clock.h:594:20:CLOCK_EnableClock	16	static
../drivers/fsl_clock.h:606:20:CLOCK_DisableClock	16	static
../drivers/fsl_ftm.h:853:20:FTM_SetPwmOutputEnable	16	static
../drivers/fsl_ftm.h:903:20:FTM_SetDeadTimeEnable	16	static
../drivers/fsl_ftm.h:922:20:FTM_SetComplementaryEnable	16	static
../drivers/fsl_ftm.c:83:17:FTM_GetInstance	24	static
../drivers/fsl_ftm.c:102:13:FTM_SetPwmSync	40	static
../drivers/fsl_ftm.c:170:13:FTM_SetReloadPoints	32	static
../drivers/fsl_ftm.c:246:10:FTM_Init	24	static
../drivers/fsl_ftm.c:352:6:FTM_Deinit	16	static
../drivers/fsl_ftm.c:385:6:FTM_GetDefaultConfig	16	static
../drivers/fsl_ftm.c:438:10:FTM_SetupPwm	48	static
../drivers/fsl_ftm.c:609:10:FTM_UpdatePwmDutycycle	40	static
../drivers/fsl_ftm.c:678:6:FTM_UpdateChnlEdgeLevelSelect	24	static
../drivers/fsl_ftm.c:705:10:FTM_SetupPwmMode	40	static
../drivers/fsl_ftm.c:852:6:FTM_SetupInputCapture	40	static
../drivers/fsl_ftm.c:901:6:FTM_SetupOutputCompare	40	static
../drivers/fsl_ftm.c:948:6:FTM_SetupDualEdgeCapture	32	static
../drivers/fsl_ftm.c:999:6:FTM_SetupQuadDecode	32	static
../drivers/fsl_ftm.c:1049:6:FTM_SetupFaultInput	24	static
../drivers/fsl_ftm.c:1098:6:FTM_EnableInterrupts	24	static
../drivers/fsl_ftm.c:1154:6:FTM_DisableInterrupts	24	static
../drivers/fsl_ftm.c:1210:10:FTM_GetEnabledInterrupts	24	static
../drivers/fsl_ftm.c:1270:10:FTM_GetStatusFlags	24	static
../drivers/fsl_ftm.c:1322:6:FTM_ClearStatusFlags	16	static
