Archive member included to satisfy reference by file (symbol)

c:/nxp/mcuxpressoide_11.9.1_2170/ide/plugins/com.nxp.mcuxpresso.tools.win32_11.9.1.202402080819/tools/bin/../lib/gcc/arm-none-eabi/12.3.1/../../../../arm-none-eabi/lib/thumb/v6-m/nofp\libcr_nohost_nf.a(_cr__main.o)
                              ./startup/startup_mkl82z7.o (__main)
c:/nxp/mcuxpressoide_11.9.1_2170/ide/plugins/com.nxp.mcuxpresso.tools.win32_11.9.1.202402080819/tools/bin/../lib/gcc/arm-none-eabi/12.3.1/../../../../arm-none-eabi/lib/thumb/v6-m/nofp\libcr_nohost_nf.a(_cr_assert.o)
                              ./utilities/fsl_debug_console.o (__assertion_failed)
c:/nxp/mcuxpressoide_11.9.1_2170/ide/plugins/com.nxp.mcuxpresso.tools.win32_11.9.1.202402080819/tools/bin/../lib/gcc/arm-none-eabi/12.3.1/../../../../arm-none-eabi/lib/thumb/v6-m/nofp\libcr_nohost_nf.a(__ciob.o)
                              c:/nxp/mcuxpressoide_11.9.1_2170/ide/plugins/com.nxp.mcuxpresso.tools.win32_11.9.1.202402080819/tools/bin/../lib/gcc/arm-none-eabi/12.3.1/../../../../arm-none-eabi/lib/thumb/v6-m/nofp\libcr_nohost_nf.a(_cr_assert.o) (__Ciob)
c:/nxp/mcuxpressoide_11.9.1_2170/ide/plugins/com.nxp.mcuxpresso.tools.win32_11.9.1.202402080819/tools/bin/../lib/gcc/arm-none-eabi/12.3.1/../../../../arm-none-eabi/lib/thumb/v6-m/nofp\libcr_nohost_nf.a(__sys_appexit.o)
                              c:/nxp/mcuxpressoide_11.9.1_2170/ide/plugins/com.nxp.mcuxpresso.tools.win32_11.9.1.202402080819/tools/bin/../lib/gcc/arm-none-eabi/12.3.1/../../../../arm-none-eabi/lib/thumb/v6-m/nofp\libcr_nohost_nf.a(_cr_assert.o) (__sys_appexit)
c:/nxp/mcuxpressoide_11.9.1_2170/ide/plugins/com.nxp.mcuxpresso.tools.win32_11.9.1.202402080819/tools/bin/../lib/gcc/arm-none-eabi/12.3.1/../../../../arm-none-eabi/lib/thumb/v6-m/nofp\libcr_c.a(memset.o)
                              ./utilities/fsl_debug_console.o (memset)
c:/nxp/mcuxpressoide_11.9.1_2170/ide/plugins/com.nxp.mcuxpresso.tools.win32_11.9.1.202402080819/tools/bin/../lib/gcc/arm-none-eabi/12.3.1/../../../../arm-none-eabi/lib/thumb/v6-m/nofp\libcr_c.a(_deferredlazyseek.o)
                              c:/nxp/mcuxpressoide_11.9.1_2170/ide/plugins/com.nxp.mcuxpresso.tools.win32_11.9.1.202402080819/tools/bin/../lib/gcc/arm-none-eabi/12.3.1/../../../../arm-none-eabi/lib/thumb/v6-m/nofp\libcr_nohost_nf.a(_cr_assert.o) (__flsbuf)
c:/nxp/mcuxpressoide_11.9.1_2170/ide/plugins/com.nxp.mcuxpresso.tools.win32_11.9.1.202402080819/tools/bin/../lib/gcc/arm-none-eabi/12.3.1/../../../../arm-none-eabi/lib/thumb/v6-m/nofp\libcr_c.a(_fflush.o)
                              c:/nxp/mcuxpressoide_11.9.1_2170/ide/plugins/com.nxp.mcuxpresso.tools.win32_11.9.1.202402080819/tools/bin/../lib/gcc/arm-none-eabi/12.3.1/../../../../arm-none-eabi/lib/thumb/v6-m/nofp\libcr_c.a(_deferredlazyseek.o) (_fflush)
c:/nxp/mcuxpressoide_11.9.1_2170/ide/plugins/com.nxp.mcuxpresso.tools.win32_11.9.1.202402080819/tools/bin/../lib/gcc/arm-none-eabi/12.3.1/../../../../arm-none-eabi/lib/thumb/v6-m/nofp\libcr_c.a(_writebuf.o)
                              c:/nxp/mcuxpressoide_11.9.1_2170/ide/plugins/com.nxp.mcuxpresso.tools.win32_11.9.1.202402080819/tools/bin/../lib/gcc/arm-none-eabi/12.3.1/../../../../arm-none-eabi/lib/thumb/v6-m/nofp\libcr_c.a(_deferredlazyseek.o) (_Cwritebuf)
c:/nxp/mcuxpressoide_11.9.1_2170/ide/plugins/com.nxp.mcuxpresso.tools.win32_11.9.1.202402080819/tools/bin/../lib/gcc/arm-none-eabi/12.3.1/../../../../arm-none-eabi/lib/thumb/v6-m/nofp\libcr_c.a(alloc.o)
                              ./drivers/fsl_common.o (malloc)
c:/nxp/mcuxpressoide_11.9.1_2170/ide/plugins/com.nxp.mcuxpresso.tools.win32_11.9.1.202402080819/tools/bin/../lib/gcc/arm-none-eabi/12.3.1/../../../../arm-none-eabi/lib/thumb/v6-m/nofp\libcr_c.a(fputs.o)
                              c:/nxp/mcuxpressoide_11.9.1_2170/ide/plugins/com.nxp.mcuxpresso.tools.win32_11.9.1.202402080819/tools/bin/../lib/gcc/arm-none-eabi/12.3.1/../../../../arm-none-eabi/lib/thumb/v6-m/nofp\libcr_nohost_nf.a(_cr_assert.o) (fputs)
c:/nxp/mcuxpressoide_11.9.1_2170/ide/plugins/com.nxp.mcuxpresso.tools.win32_11.9.1.202402080819/tools/bin/../lib/gcc/arm-none-eabi/12.3.1/../../../../arm-none-eabi/lib/thumb/v6-m/nofp\libcr_c.a(fseek.o)
                              c:/nxp/mcuxpressoide_11.9.1_2170/ide/plugins/com.nxp.mcuxpresso.tools.win32_11.9.1.202402080819/tools/bin/../lib/gcc/arm-none-eabi/12.3.1/../../../../arm-none-eabi/lib/thumb/v6-m/nofp\libcr_c.a(_deferredlazyseek.o) (fseek)
c:/nxp/mcuxpressoide_11.9.1_2170/ide/plugins/com.nxp.mcuxpresso.tools.win32_11.9.1.202402080819/tools/bin/../lib/gcc/arm-none-eabi/12.3.1/../../../../arm-none-eabi/lib/thumb/v6-m/nofp\libcr_c.a(ftell.o)
                              c:/nxp/mcuxpressoide_11.9.1_2170/ide/plugins/com.nxp.mcuxpresso.tools.win32_11.9.1.202402080819/tools/bin/../lib/gcc/arm-none-eabi/12.3.1/../../../../arm-none-eabi/lib/thumb/v6-m/nofp\libcr_c.a(fseek.o) (ftell)
[...]
Memory Configuration

Name             Origin             Length             Attributes
PROGRAM_FLASH    0x00000000         0x00020000         xr
SRAM             0x1fffa000         0x00018000         xrw
USB_RAM          0x40100000         0x00000800         xrw
*default*        0x00000000         0xffffffff

Linker script and memory map

LOAD ./utilities/fsl_assert.o
LOAD ./utilities/fsl_debug_console.o
LOAD ./utilities/fsl_str.o
LOAD ./startup/startup_mkl82z7.o
LOAD ./source/i2c_polling_b2b_transfer_master.o
LOAD ./source/mtb.o
LOAD ./source/semihost_hardfault.o
LOAD ./drivers/fsl_clock.o
LOAD ./drivers/fsl_common.o
LOAD ./drivers/fsl_gpio.o
LOAD ./drivers/fsl_i2c.o
LOAD ./drivers/fsl_lpuart.o
LOAD ./drivers/fsl_smc.o
LOAD ./device/system_MKL82Z7.o
LOAD ./component/uart/lpuart_adapter.o
LOAD ./component/serial_manager/serial_manager.o
LOAD ./component/serial_manager/serial_port_uart.o
LOAD ./component/lists/generic_list.o
LOAD ./board/board.o
LOAD ./board/clock_config.o
LOAD ./board/pin_mux.o
START GROUP
LOAD c:/nxp/mcuxpressoide_11.9.1_2170/ide/plugins/com.nxp.mcuxpresso.tools.win32_11.9.1.202402080819/tools/bin/../lib/gcc/arm-none-eabi/12.3.1/../../../../arm-none-eabi/lib/thumb/v6-m/nofp\libcr_nohost_nf.a
LOAD c:/nxp/mcuxpressoide_11.9.1_2170/ide/plugins/com.nxp.mcuxpresso.tools.win32_11.9.1.202402080819/tools/bin/../lib/gcc/arm-none-eabi/12.3.1/../../../../arm-none-eabi/lib/thumb/v6-m/nofp\libcr_c.a
LOAD c:/nxp/mcuxpressoide_11.9.1_2170/ide/plugins/com.nxp.mcuxpresso.tools.win32_11.9.1.202402080819/tools/bin/../lib/gcc/arm-none-eabi/12.3.1/thumb/v6-m/nofp\libcr_eabihelpers.a
LOAD c:/nxp/mcuxpressoide_11.9.1_2170/ide/plugins/com.nxp.mcuxpresso.tools.win32_11.9.1.202402080819/tools/bin/../lib/gcc/arm-none-eabi/12.3.1/thumb/v6-m/nofp\libgcc.a
END GROUP
                0x00000000                        __base_PROGRAM_FLASH = 0x0
                0x00000000                        __base_Flash = 0x0
                0x00020000                        __top_PROGRAM_FLASH = 0x20000
                0x00020000                        __top_Flash = 0x20000
                0x1fffa000                        __base_SRAM = 0x1fffa000
                0x1fffa000                        __base_RAM = 0x1fffa000
                0x20012000                        __top_SRAM = 0x20012000
                0x20012000                        __top_RAM = 0x20012000
                0x40100000                        __base_USB_RAM = 0x40100000
                0x40100000                        __base_RAM2 = 0x40100000
                0x40100800                        __top_USB_RAM = 0x40100800
                0x40100800                        __top_RAM2 = 0x40100800

.text           0x00000000     0x42a4
 FILL mask 0xff
                0x00000000                        __vectors_start__ = ABSOLUTE (.)
 *(SORT_BY_ALIGNMENT(.isr_vector))
 .isr_vector    0x00000000      0x130 ./startup/startup_mkl82z7.o
                0x00000000                g_pfnVectors
                0x00000000                __Vectors
                0x00000130                        . = ALIGN (0x4)
                0x00000130                        __section_table_start = .
                0x00000130                        __data_section_table = .
                0x00000130        0x4 LONG 0x42a4 LOADADDR (.data)
                0x00000134        0x4 LONG 0x1fffa080 ADDR (.data)
                0x00000138        0x4 LONG 0xc SIZEOF (.data)
                0x0000013c        0x4 LONG 0x42a4 LOADADDR (.data_RAM2)
                0x00000140        0x4 LONG 0x40100000 ADDR (.data_RAM2)
                0x00000144        0x4 LONG 0x0 SIZEOF (.data_RAM2)
                0x00000148                        __data_section_table_end = .
                0x00000148                        __bss_section_table = .
                0x00000148        0x4 LONG 0x1fffa08c ADDR (.bss)
                0x0000014c        0x4 LONG 0x118 SIZEOF (.bss)
                0x00000150        0x4 LONG 0x40100000 ADDR (.bss_RAM2)
                0x00000154        0x4 LONG 0x0 SIZEOF (.bss_RAM2)
                0x00000158                        __bss_section_table_end = .
                0x00000158                        __section_table_end = .
 *(SORT_BY_ALIGNMENT(.after_vectors*))
 .after_vectors.reset
                0x00000158       0x4c ./startup/startup_mkl82z7.o
                0x00000158                ResetISR
 .after_vectors.init_data
                0x000001a4       0x12 ./startup/startup_mkl82z7.o
                0x000001a4                data_init
 .after_vectors.init_bss
                0x000001b6       0x10 ./startup/startup_mkl82z7.o
                0x000001b6                bss_init
 .after_vectors
                0x000001c6      0x1ec ./startup/startup_mkl82z7.o
                0x000001c6                NMI_Handler
                0x000001ca                SVC_Handler
                0x000001cc                PendSV_Handler
                0x000001ce                SysTick_Handler
                0x000001d0                EMVSIM1_DriverIRQHandler
                0x000001d0                PORTB_DriverIRQHandler
                0x000001d0                EMVSIM0_DriverIRQHandler
                0x000001d0                SPI1_DriverIRQHandler
                0x000001d0                LPTMR0_DriverIRQHandler
                0x000001d0                DMA_Error_DriverIRQHandler
                0x000001d0                PMC_DriverIRQHandler
                0x000001d0                PORTD_DriverIRQHandler
                0x000001d0                INTMUX0_2_DriverIRQHandler
                0x000001d0                Reserved70_DriverIRQHandler
                0x000001d0                INTMUX0_3_DriverIRQHandler
                0x000001d0                DMA1_DMA5_DriverIRQHandler
                0x000001d0                TRNG0_DriverIRQHandler
                0x000001d0                CMP0_DriverIRQHandler
                0x000001d0                TPM2_DriverIRQHandler
                0x000001d0                Reserved68_DriverIRQHandler
                0x000001d0                ADC0_DriverIRQHandler
                0x000001d0                Reserved32_DriverIRQHandler
                0x000001d0                SPI0_DriverIRQHandler
                0x000001d0                TSI0_DriverIRQHandler
                0x000001d0                RTC_Seconds_DriverIRQHandler
                0x000001d0                LTC0_DriverIRQHandler
                0x000001d0                DMA6_DriverIRQHandler
                0x000001d0                LLWU_DriverIRQHandler
                0x000001d0                MCG_DriverIRQHandler
                0x000001d0                INTMUX0_1_DriverIRQHandler
                0x000001d0                Reserved63_DriverIRQHandler
                0x000001d0                LPTMR1_DriverIRQHandler
                0x000001d0                FLEXIO0_DriverIRQHandler
                0x000001d0                Reserved49_DriverIRQHandler
                0x000001d0                Reserved69_DriverIRQHandler
                0x000001d0                DMA2_DMA6_DriverIRQHandler
                0x000001d0                Reserved51_DriverIRQHandler
                0x000001d0                DMA3_DMA7_DriverIRQHandler
                0x000001d0                FTFA_DriverIRQHandler
                0x000001d0                IntDefaultHandler
                0x000001d0                USB0_DriverIRQHandler
                0x000001d0                PORTC_DriverIRQHandler
                0x000001d0                QSPI0_DriverIRQHandler
                0x000001d0                Reserved67_DriverIRQHandler
                0x000001d0                Reserved65_DriverIRQHandler
                0x000001d0                DAC0_DriverIRQHandler
                0x000001d0                WDOG_EWM_DriverIRQHandler
                0x000001d0                Reserved50_DriverIRQHandler
                0x000001d0                DMA7_DriverIRQHandler
                0x000001d0                TPM1_DriverIRQHandler
                0x000001d0                INTMUX0_0_DriverIRQHandler
                0x000001d0                TPM0_DriverIRQHandler
                0x000001d0                PIT0_DriverIRQHandler
                0x000001d0                RTC_Alarm_DriverIRQHandler
                0x000001d0                DMA5_DriverIRQHandler
                0x000001d0                DMA4_DriverIRQHandler
                0x000001d0                PORTA_DriverIRQHandler
                0x000001d0                Reserved71_DriverIRQHandler
                0x000001d0                DMA0_DMA4_DriverIRQHandler
                0x000001d0                PORTE_DriverIRQHandler
                0x000001d2                DMA0_DMA4_IRQHandler
                0x000001da                DMA1_DMA5_IRQHandler
                0x000001e2                DMA2_DMA6_IRQHandler
                0x000001ea                DMA3_DMA7_IRQHandler
                0x000001f2                DMA_Error_IRQHandler
                0x000001fa                FLEXIO0_IRQHandler
                0x00000202                TPM0_IRQHandler
                0x0000020a                TPM1_IRQHandler
                0x00000212                TPM2_IRQHandler
                0x0000021a                PIT0_IRQHandler
                0x00000222                SPI0_IRQHandler
                0x0000022a                EMVSIM0_IRQHandler
                0x00000232                LPUART0_IRQHandler
                0x0000023a                LPUART1_IRQHandler
                0x00000242                I2C0_IRQHandler
                0x0000024a                QSPI0_IRQHandler
                0x00000252                Reserved32_IRQHandler
                0x0000025a                PORTA_IRQHandler
                0x00000262                PORTB_IRQHandler
                0x0000026a                PORTC_IRQHandler
                0x00000272                PORTD_IRQHandler
                0x0000027a                PORTE_IRQHandler
                0x00000282                LLWU_IRQHandler
                0x0000028a                LTC0_IRQHandler
                0x00000292                USB0_IRQHandler
                0x0000029a                ADC0_IRQHandler
                0x000002a2                LPTMR0_IRQHandler
                0x000002aa                RTC_Seconds_IRQHandler
                0x000002b2                INTMUX0_0_IRQHandler
                0x000002ba                INTMUX0_1_IRQHandler
                0x000002c2                INTMUX0_2_IRQHandler
                0x000002ca                INTMUX0_3_IRQHandler
                0x000002d2                LPTMR1_IRQHandler
                0x000002da                Reserved49_IRQHandler
                0x000002e2                Reserved50_IRQHandler
                0x000002ea                Reserved51_IRQHandler
                0x000002f2                SPI1_IRQHandler
                0x000002fa                LPUART2_IRQHandler
                0x00000302                EMVSIM1_IRQHandler
                0x0000030a                I2C1_IRQHandler
                0x00000312                TSI0_IRQHandler
                0x0000031a                PMC_IRQHandler
                0x00000322                FTFA_IRQHandler
                0x0000032a                MCG_IRQHandler
                0x00000332                WDOG_EWM_IRQHandler
                0x0000033a                DAC0_IRQHandler
                0x00000342                TRNG0_IRQHandler
                0x0000034a                Reserved63_IRQHandler
                0x00000352                CMP0_IRQHandler
                0x0000035a                Reserved65_IRQHandler
                0x00000362                RTC_Alarm_IRQHandler
                0x0000036a                Reserved67_IRQHandler
                0x00000372                Reserved68_IRQHandler
                0x0000037a                Reserved69_IRQHandler
                0x00000382                Reserved70_IRQHandler
                0x0000038a                Reserved71_IRQHandler
                0x00000392                DMA4_IRQHandler
                0x0000039a                DMA5_IRQHandler
                0x000003a2                DMA6_IRQHandler
                0x000003aa                DMA7_IRQHandler
                0x00000400                        . = 0x400
 *fill*         0x000003b2       0x4e ff
                0x00000400                        PROVIDE (__FLASH_CONFIG_START__ = .)
 *(SORT_BY_ALIGNMENT(.FlashConfig))
 .FlashConfig   0x00000400       0x10 ./startup/startup_mkl82z7.o
                0x00000400                Flash_Config
                0x00000410                        PROVIDE (__FLASH_CONFIG_END__ = .)
                0x00000001                        ASSERT (! ((__FLASH_CONFIG_START__ == __FLASH_CONFIG_END__)), Linker Flash Config Support Enabled, but no .FlashConfig section provided within application)
 *(SORT_BY_ALIGNMENT(.text*))
 .text.DbgConsole_SendData
                0x00000410       0x60 ./utilities/fsl_debug_console.o
                0x00000410                DbgConsole_SendData
 .text.DbgConsole_Init
                0x00000470      0x12c ./utilities/fsl_debug_console.o
                0x00000470                DbgConsole_Init
 .text.DbgConsole_Printf
                0x0000059c       0x88 ./utilities/fsl_debug_console.o
                0x0000059c                DbgConsole_Printf
 .text.delay1ms
                0x00000624       0x3c ./source/i2c_polling_b2b_transfer_master.o
                0x00000624                delay1ms
 .text.main     0x00000660      0x1a4 ./source/i2c_polling_b2b_transfer_master.o
                0x00000660                main
 .text.HardFault_Handler
                0x00000804       0x38 ./source/semihost_hardfault.o
                0x00000804                HardFault_Handler
 .text.CLOCK_SetEr32kClock
                0x0000083c       0x34 ./drivers/fsl_clock.o
 .text.CLOCK_SetPllFllSelClock
                0x00000870       0x58 ./drivers/fsl_clock.o
 .text.CLOCK_GetMcgExtClkFreq
                0x000008c8       0x80 ./drivers/fsl_clock.o
 .text.CLOCK_GetFllExtRefClkFreq
                0x00000948       0xc4 ./drivers/fsl_clock.o
 .text.CLOCK_GetInternalRefClkSelectFreq
                0x00000a0c       0x40 ./drivers/fsl_clock.o
 .text.CLOCK_GetFllRefClkFreq
                0x00000a4c       0x2c ./drivers/fsl_clock.o
 .text.CLOCK_GetOscRangeFromFreq
                0x00000a78       0x4c ./drivers/fsl_clock.o
 .text.CLOCK_GetOsc0ErClkUndivFreq
                0x00000ac4       0x3c ./drivers/fsl_clock.o
                0x00000ac4                CLOCK_GetOsc0ErClkUndivFreq
 .text.CLOCK_GetOsc0ErClkDivFreq
                0x00000b00       0x4c ./drivers/fsl_clock.o
                0x00000b00                CLOCK_GetOsc0ErClkDivFreq
 .text.CLOCK_GetEr32kClkFreq
                0x00000b4c       0x78 ./drivers/fsl_clock.o
                0x00000b4c                CLOCK_GetEr32kClkFreq
 .text.CLOCK_GetPllFllSelClkFreq
                0x00000bc4       0x88 ./drivers/fsl_clock.o
                0x00000bc4                CLOCK_GetPllFllSelClkFreq
 .text.CLOCK_GetFreq
                0x00000c4c      0x114 ./drivers/fsl_clock.o
                0x00000c4c                CLOCK_GetFreq
 .text.CLOCK_SetSimConfig
                0x00000d60       0x44 ./drivers/fsl_clock.o
                0x00000d60                CLOCK_SetSimConfig
 .text.CLOCK_GetOutClkFreq
                0x00000da4       0x78 ./drivers/fsl_clock.o
                0x00000da4                CLOCK_GetOutClkFreq
 .text.CLOCK_GetFllFreq
                0x00000e1c       0x84 ./drivers/fsl_clock.o
                0x00000e1c                CLOCK_GetFllFreq
 .text.CLOCK_GetInternalRefClkFreq
                0x00000ea0       0x28 ./drivers/fsl_clock.o
                0x00000ea0                CLOCK_GetInternalRefClkFreq
 .text.CLOCK_GetPll0Freq
                0x00000ec8       0x78 ./drivers/fsl_clock.o
                0x00000ec8                CLOCK_GetPll0Freq
 .text.CLOCK_SetExternalRefClkConfig
                0x00000f40       0x80 ./drivers/fsl_clock.o
                0x00000f40                CLOCK_SetExternalRefClkConfig
 .text.CLOCK_SetInternalRefClkConfig
                0x00000fc0      0x124 ./drivers/fsl_clock.o
                0x00000fc0                CLOCK_SetInternalRefClkConfig
 .text.CLOCK_EnablePll0
                0x000010e4       0x94 ./drivers/fsl_clock.o
                0x000010e4                CLOCK_EnablePll0
 .text.CLOCK_InitOsc0
                0x00001178       0x94 ./drivers/fsl_clock.o
                0x00001178                CLOCK_InitOsc0
 .text.CLOCK_SetPbeMode
                0x0000120c       0xb0 ./drivers/fsl_clock.o
                0x0000120c                CLOCK_SetPbeMode
 .text.CLOCK_BootToPeeMode
                0x000012bc       0x70 ./drivers/fsl_clock.o
                0x000012bc                CLOCK_BootToPeeMode
 .text.CLOCK_EnableClock
                0x0000132c       0x34 ./drivers/fsl_i2c.o
 .text.I2C_GetInstance
                0x00001360       0x4c ./drivers/fsl_i2c.o
                0x00001360                I2C_GetInstance
 .text.I2C_CheckAndClearError
                0x000013ac       0x40 ./drivers/fsl_i2c.o
 .text.I2C_TransferCommonIRQHandler
                0x000013ec       0x58 ./drivers/fsl_i2c.o
 .text.I2C_MasterInit
                0x00001444      0x124 ./drivers/fsl_i2c.o
                0x00001444                I2C_MasterInit
 .text.I2C_MasterGetDefaultConfig
                0x00001568       0x50 ./drivers/fsl_i2c.o
                0x00001568                I2C_MasterGetDefaultConfig
 .text.I2C_MasterSetBaudRate
                0x000015b8       0xf0 ./drivers/fsl_i2c.o
                0x000015b8                I2C_MasterSetBaudRate
 .text.I2C_MasterStart
                0x000016a8       0x84 ./drivers/fsl_i2c.o
                0x000016a8                I2C_MasterStart
 .text.I2C_MasterRepeatedStart
                0x0000172c       0xcc ./drivers/fsl_i2c.o
                0x0000172c                I2C_MasterRepeatedStart
 .text.I2C_MasterWriteBlocking
                0x000017f8       0xec ./drivers/fsl_i2c.o
                0x000017f8                I2C_MasterWriteBlocking
 .text.I2C_MasterTransferBlocking
                0x000018e4      0x264 ./drivers/fsl_i2c.o
                0x000018e4                I2C_MasterTransferBlocking
 .text.I2C0_DriverIRQHandler
                0x00001b48       0x20 ./drivers/fsl_i2c.o
                0x00001b48                I2C0_DriverIRQHandler
 .text.I2C1_DriverIRQHandler
                0x00001b68       0x20 ./drivers/fsl_i2c.o
                0x00001b68                I2C1_DriverIRQHandler
 .text.CLOCK_EnableClock
                0x00001b88       0x34 ./drivers/fsl_lpuart.o
 .text.LPUART_GetInstance
                0x00001bbc       0x4c ./drivers/fsl_lpuart.o
                0x00001bbc                LPUART_GetInstance
 .text.LPUART_Init
                0x00001c08      0x3a0 ./drivers/fsl_lpuart.o
                0x00001c08                LPUART_Init
 .text.LPUART_GetDefaultConfig
                0x00001fa8       0x8c ./drivers/fsl_lpuart.o
                0x00001fa8                LPUART_GetDefaultConfig
 .text.LPUART_WriteBlocking
                0x00002034       0x50 ./drivers/fsl_lpuart.o
                0x00002034                LPUART_WriteBlocking
 .text.LPUART0_DriverIRQHandler
                0x00002084       0x24 ./drivers/fsl_lpuart.o
                0x00002084                LPUART0_DriverIRQHandler
 .text.LPUART1_DriverIRQHandler
                0x000020a8       0x24 ./drivers/fsl_lpuart.o
                0x000020a8                LPUART1_DriverIRQHandler
 .text.LPUART2_DriverIRQHandler
                0x000020cc       0x24 ./drivers/fsl_lpuart.o
                0x000020cc                LPUART2_DriverIRQHandler
 .text.SystemInit
                0x000020f0       0x30 ./device/system_MKL82Z7.o
                0x000020f0                SystemInit
 .text.HAL_UartGetStatus
                0x00002120       0x20 ./component/uart/lpuart_adapter.o
 .text.HAL_UartInit
                0x00002140      0x11c ./component/uart/lpuart_adapter.o
                0x00002140                HAL_UartInit
 .text.HAL_UartSendBlocking
                0x0000225c       0x6c ./component/uart/lpuart_adapter.o
                0x0000225c                HAL_UartSendBlocking
 .text.SerialManager_StartWriting
                0x000022c8       0x50 ./component/serial_manager/serial_manager.o
 .text.SerialManager_Write
                0x00002318       0x74 ./component/serial_manager/serial_manager.o
 .text.SerialManager_Init
                0x0000238c       0x88 ./component/serial_manager/serial_manager.o
                0x0000238c                SerialManager_Init
 .text.SerialManager_OpenWriteHandle
                0x00002414       0x5c ./component/serial_manager/serial_manager.o
                0x00002414                SerialManager_OpenWriteHandle
 .text.SerialManager_OpenReadHandle
                0x00002470       0x68 ./component/serial_manager/serial_manager.o
                0x00002470                SerialManager_OpenReadHandle
 .text.Serial_UartInit
                0x000024d8       0x94 ./component/serial_manager/serial_port_uart.o
                0x000024d8                Serial_UartInit
 .text.Serial_UartWrite
                0x0000256c       0x5c ./component/serial_manager/serial_port_uart.o
                0x0000256c                Serial_UartWrite
 .text.CLOCK_SetLpuartClock
                0x000025c8       0x38 ./board/board.o
 .text.CLOCK_SetSimSafeDivs
                0x00002600       0x20 ./board/clock_config.o
 .text.CLOCK_SetXtal0Freq
                0x00002620       0x1c ./board/clock_config.o
 .text.CLOCK_CONFIG_SetFllExtRefDiv
                0x0000263c       0x3c ./board/clock_config.o
 .text.BOARD_BootClockRUN
                0x00002678       0x64 ./board/clock_config.o
                0x00002678                BOARD_BootClockRUN
 .text.CLOCK_EnableClock
                0x000026dc       0x34 ./board/pin_mux.o
 .text.PORT_SetPinConfig
                0x00002710       0x38 ./board/pin_mux.o
 .text.PORT_SetPinMux
                0x00002748       0x40 ./board/pin_mux.o
 .text.BOARD_InitPins
                0x00002788       0xcc ./board/pin_mux.o
                0x00002788                BOARD_InitPins
 .text.__assertion_failed
                0x00002854       0x50 c:/nxp/mcuxpressoide_11.9.1_2170/ide/plugins/com.nxp.mcuxpresso.tools.win32_11.9.1.202402080819/tools/bin/../lib/gcc/arm-none-eabi/12.3.1/../../../../arm-none-eabi/lib/thumb/v6-m/nofp\libcr_nohost_nf.a(_cr_assert.o)
                0x00002854                __assertion_failed
 .text._deferredlazyseek
                0x000028a4       0x40 c:/nxp/mcuxpressoide_11.9.1_2170/ide/plugins/com.nxp.mcuxpresso.tools.win32_11.9.1.202402080819/tools/bin/../lib/gcc/arm-none-eabi/12.3.1/../../../../arm-none-eabi/lib/thumb/v6-m/nofp\libcr_c.a(_deferredlazyseek.o)
                0x000028a4                _deferredlazyseek
 .text.__flsbuf
                0x000028e4      0x150 c:/nxp/mcuxpressoide_11.9.1_2170/ide/plugins/com.nxp.mcuxpresso.tools.win32_11.9.1.202402080819/tools/bin/../lib/gcc/arm-none-eabi/12.3.1/../../../../arm-none-eabi/lib/thumb/v6-m/nofp\libcr_c.a(_deferredlazyseek.o)
                0x000028e4                __flsbuf
 .text._fflush  0x00002a34       0x5c c:/nxp/mcuxpressoide_11.9.1_2170/ide/plugins/com.nxp.mcuxpresso.tools.win32_11.9.1.202402080819/tools/bin/../lib/gcc/arm-none-eabi/12.3.1/../../../../arm-none-eabi/lib/thumb/v6-m/nofp\libcr_c.a(_fflush.o)
                0x00002a34                _fflush
 .text._Cwritebuf
                0x00002a90       0x68 c:/nxp/mcuxpressoide_11.9.1_2170/ide/plugins/com.nxp.mcuxpresso.tools.win32_11.9.1.202402080819/tools/bin/../lib/gcc/arm-none-eabi/12.3.1/../../../../arm-none-eabi/lib/thumb/v6-m/nofp\libcr_c.a(_writebuf.o)
                0x00002a90                _Cwritebuf
 .text.malloc   0x00002af8       0xdc c:/nxp/mcuxpressoide_11.9.1_2170/ide/plugins/com.nxp.mcuxpresso.tools.win32_11.9.1.202402080819/tools/bin/../lib/gcc/arm-none-eabi/12.3.1/../../../../arm-none-eabi/lib/thumb/v6-m/nofp\libcr_c.a(alloc.o)
                0x00002af8                malloc
 .text._Csys_alloc
                0x00002bd4       0x20 c:/nxp/mcuxpressoide_11.9.1_2170/ide/plugins/com.nxp.mcuxpresso.tools.win32_11.9.1.202402080819/tools/bin/../lib/gcc/arm-none-eabi/12.3.1/../../../../arm-none-eabi/lib/thumb/v6-m/nofp\libcr_c.a(alloc.o)
                0x00002bd4                _Csys_alloc
 .text.fseek    0x00002bf4       0xec c:/nxp/mcuxpressoide_11.9.1_2170/ide/plugins/com.nxp.mcuxpresso.tools.win32_11.9.1.202402080819/tools/bin/../lib/gcc/arm-none-eabi/12.3.1/../../../../arm-none-eabi/lib/thumb/v6-m/nofp\libcr_c.a(fseek.o)
                0x00002bf4                fseek
 .text.ftell    0x00002ce0       0x4c c:/nxp/mcuxpressoide_11.9.1_2170/ide/plugins/com.nxp.mcuxpresso.tools.win32_11.9.1.202402080819/tools/bin/../lib/gcc/arm-none-eabi/12.3.1/../../../../arm-none-eabi/lib/thumb/v6-m/nofp\libcr_c.a(ftell.o)
                0x00002ce0                ftell
 .text._initio  0x00002d2c       0x7c c:/nxp/mcuxpressoide_11.9.1_2170/ide/plugins/com.nxp.mcuxpresso.tools.win32_11.9.1.202402080819/tools/bin/../lib/gcc/arm-none-eabi/12.3.1/../../../../arm-none-eabi/lib/thumb/v6-m/nofp\libcr_c.a(initio.o)
                0x00002d2c                _initio
 .text.setvbuf  0x00002da8       0x4c c:/nxp/mcuxpressoide_11.9.1_2170/ide/plugins/com.nxp.mcuxpresso.tools.win32_11.9.1.202402080819/tools/bin/../lib/gcc/arm-none-eabi/12.3.1/../../../../arm-none-eabi/lib/thumb/v6-m/nofp\libcr_c.a(setvbuf.o)
                0x00002da8                setvbuf
 .text.strlen   0x00002df4       0x5c c:/nxp/mcuxpressoide_11.9.1_2170/ide/plugins/com.nxp.mcuxpresso.tools.win32_11.9.1.202402080819/tools/bin/../lib/gcc/arm-none-eabi/12.3.1/../../../../arm-none-eabi/lib/thumb/v6-m/nofp\libcr_c.a(strlen.o)
                0x00002df4                strlen
 .text._sbrk    0x00002e50       0x44 c:/nxp/mcuxpressoide_11.9.1_2170/ide/plugins/com.nxp.mcuxpresso.tools.win32_11.9.1.202402080819/tools/bin/../lib/gcc/arm-none-eabi/12.3.1/../../../../arm-none-eabi/lib/thumb/v6-m/nofp\libcr_c.a(_cr_sbrk.o)
                0x00002e50                _sbrk
 .text._fdopen  0x00002e94       0x74 c:/nxp/mcuxpressoide_11.9.1_2170/ide/plugins/com.nxp.mcuxpresso.tools.win32_11.9.1.202402080819/tools/bin/../lib/gcc/arm-none-eabi/12.3.1/../../../../arm-none-eabi/lib/thumb/v6-m/nofp\libcr_c.a(_fdopen.o)
                0x00002e94                _fdopen
 .text.fclose   0x00002f08       0x5c c:/nxp/mcuxpressoide_11.9.1_2170/ide/plugins/com.nxp.mcuxpresso.tools.win32_11.9.1.202402080819/tools/bin/../lib/gcc/arm-none-eabi/12.3.1/../../../../arm-none-eabi/lib/thumb/v6-m/nofp\libcr_c.a(fclose.o)
                0x00002f08                fclose
 .text.fflush   0x00002f64       0x40 c:/nxp/mcuxpressoide_11.9.1_2170/ide/plugins/com.nxp.mcuxpresso.tools.win32_11.9.1.202402080819/tools/bin/../lib/gcc/arm-none-eabi/12.3.1/../../../../arm-none-eabi/lib/thumb/v6-m/nofp\libcr_c.a(fflush.o)
                0x00002f64                fflush
 .text.__check_heap_overflow
                0x00002fa4       0x18 c:/nxp/mcuxpressoide_11.9.1_2170/ide/plugins/com.nxp.mcuxpresso.tools.win32_11.9.1.202402080819/tools/bin/../lib/gcc/arm-none-eabi/12.3.1/../../../../arm-none-eabi/lib/thumb/v6-m/nofp\libcr_c.a(_cr_check_heap.o)
                0x00002fa4                __check_heap_overflow
 .text._do_fflush
                0x00002fbc       0x48 c:/nxp/mcuxpressoide_11.9.1_2170/ide/plugins/com.nxp.mcuxpresso.tools.win32_11.9.1.202402080819/tools/bin/../lib/gcc/arm-none-eabi/12.3.1/../../../../arm-none-eabi/lib/thumb/v6-m/nofp\libcr_c.a(_do_fflush.o)
                0x00002fbc                _do_fflush
 .text.DbgConsole_PrintCallback
                0x00003004       0x6c ./utilities/fsl_debug_console.o
 .text.ConvertRadixNumToString
                0x00003070      0x114 ./utilities/fsl_str.o
 .text.StrFormatPrintf
                0x00003184      0x324 ./utilities/fsl_str.o
                0x00003184                StrFormatPrintf
 .text.delayms  0x000034a8       0x2a ./source/i2c_polling_b2b_transfer_master.o
                0x000034a8                delayms
 .text.OSC_SetExtRefClkConfig
                0x000034d2       0x4a ./drivers/fsl_clock.o
 .text.OSC_SetCapLoad
                0x0000351c       0x42 ./drivers/fsl_clock.o
 .text.CLOCK_GetPll0RefFreq
                0x0000355e       0x10 ./drivers/fsl_clock.o
 .text.CLOCK_GetOsc0ErClkFreq
                0x0000356e       0x10 ./drivers/fsl_clock.o
                0x0000356e                CLOCK_GetOsc0ErClkFreq
 .text.CLOCK_GetFixedFreqClkFreq
                0x0000357e       0x30 ./drivers/fsl_clock.o
                0x0000357e                CLOCK_GetFixedFreqClkFreq
 .text.I2C_MasterClearStatusFlags
                0x000035ae       0x56 ./drivers/fsl_i2c.o
 .text.I2C_MasterStop
                0x00003604       0x36 ./drivers/fsl_i2c.o
                0x00003604                I2C_MasterStop
 .text.I2C_MasterGetStatusFlags
                0x0000363a       0x4a ./drivers/fsl_i2c.o
                0x0000363a                I2C_MasterGetStatusFlags
 .text.I2C_MasterReadBlocking
                0x00003684       0xea ./drivers/fsl_i2c.o
                0x00003684                I2C_MasterReadBlocking
 .text.SystemInitHook
                0x0000376e        0xa ./device/system_MKL82Z7.o
                0x0000376e                SystemInitHook
 .text.SerialManager_WriteBlocking
                0x00003778       0x22 ./component/serial_manager/serial_manager.o
                0x00003778                SerialManager_WriteBlocking
 .text.BOARD_InitDebugConsole
                0x0000379a       0x2a ./board/board.o
                0x0000379a                BOARD_InitDebugConsole
 .text.__main   0x000037c4        0xc c:/nxp/mcuxpressoide_11.9.1_2170/ide/plugins/com.nxp.mcuxpresso.tools.win32_11.9.1.202402080819/tools/bin/../lib/gcc/arm-none-eabi/12.3.1/../../../../arm-none-eabi/lib/thumb/v6-m/nofp\libcr_nohost_nf.a(_cr__main.o)
                0x000037c4                __main
 .text.__sys_appexit
                0x000037d0        0x2 c:/nxp/mcuxpressoide_11.9.1_2170/ide/plugins/com.nxp.mcuxpresso.tools.win32_11.9.1.202402080819/tools/bin/../lib/gcc/arm-none-eabi/12.3.1/../../../../arm-none-eabi/lib/thumb/v6-m/nofp\libcr_nohost_nf.a(__sys_appexit.o)
                0x000037d0                __sys_appexit
                0x000037d0                __exit
 .text.memset   0x000037d2        0x8 c:/nxp/mcuxpressoide_11.9.1_2170/ide/plugins/com.nxp.mcuxpresso.tools.win32_11.9.1.202402080819/tools/bin/../lib/gcc/arm-none-eabi/12.3.1/../../../../arm-none-eabi/lib/thumb/v6-m/nofp\libcr_c.a(memset.o)
                0x000037d2                memset
 .text.free     0x000037da       0x2c c:/nxp/mcuxpressoide_11.9.1_2170/ide/plugins/com.nxp.mcuxpresso.tools.win32_11.9.1.202402080819/tools/bin/../lib/gcc/arm-none-eabi/12.3.1/../../../../arm-none-eabi/lib/thumb/v6-m/nofp\libcr_c.a(alloc.o)
                0x000037da                free
 .text.fputs    0x00003806       0x2e c:/nxp/mcuxpressoide_11.9.1_2170/ide/plugins/com.nxp.mcuxpresso.tools.win32_11.9.1.202402080819/tools/bin/../lib/gcc/arm-none-eabi/12.3.1/../../../../arm-none-eabi/lib/thumb/v6-m/nofp\libcr_c.a(fputs.o)
                0x00003806                fputs
 .text.remove   0x00003834       0x12 c:/nxp/mcuxpressoide_11.9.1_2170/ide/plugins/com.nxp.mcuxpresso.tools.win32_11.9.1.202402080819/tools/bin/../lib/gcc/arm-none-eabi/12.3.1/../../../../arm-none-eabi/lib/thumb/v6-m/nofp\libcr_c.a(remove.o)
                0x00003834                remove
 .text.__aeabi_division_idivmod
                0x00003846       0x78 c:/nxp/mcuxpressoide_11.9.1_2170/ide/plugins/com.nxp.mcuxpresso.tools.win32_11.9.1.202402080819/tools/bin/../lib/gcc/arm-none-eabi/12.3.1/thumb/v6-m/nofp\libcr_eabihelpers.a(division_32.o)
                0x00003846                __aeabi_idivmod
                0x00003846                __aeabi_idiv
                0x0000384c                __aeabi_uidivmod
                0x0000384c                __aeabi_uidiv
 .text.__aeabi_division_idiv0
                0x000038be        0x2 c:/nxp/mcuxpressoide_11.9.1_2170/ide/plugins/com.nxp.mcuxpresso.tools.win32_11.9.1.202402080819/tools/bin/../lib/gcc/arm-none-eabi/12.3.1/thumb/v6-m/nofp\libcr_eabihelpers.a(division_idiv0.o)
                0x000038be                __aeabi_idiv0
 .text.__aeabi_memset_lowlevel
                0x000038c0       0x2a c:/nxp/mcuxpressoide_11.9.1_2170/ide/plugins/com.nxp.mcuxpresso.tools.win32_11.9.1.202402080819/tools/bin/../lib/gcc/arm-none-eabi/12.3.1/thumb/v6-m/nofp\libcr_eabihelpers.a(memcpy.o)
                0x000038c0                __aeabi_lowlevel_memset
 .text.__sys_close
                0x000038ea        0x6 c:/nxp/mcuxpressoide_11.9.1_2170/ide/plugins/com.nxp.mcuxpresso.tools.win32_11.9.1.202402080819/tools/bin/../lib/gcc/arm-none-eabi/12.3.1/../../../../arm-none-eabi/lib/thumb/v6-m/nofp\libcr_nohost_nf.a(__sys_close.o)
                0x000038ea                __sys_close
 .text.__sys_flen
                0x000038f0        0x6 c:/nxp/mcuxpressoide_11.9.1_2170/ide/plugins/com.nxp.mcuxpresso.tools.win32_11.9.1.202402080819/tools/bin/../lib/gcc/arm-none-eabi/12.3.1/../../../../arm-none-eabi/lib/thumb/v6-m/nofp\libcr_nohost_nf.a(__sys_flen.o)
                0x000038f0                __sys_flen
 .text.__sys_istty
                0x000038f6        0x6 c:/nxp/mcuxpressoide_11.9.1_2170/ide/plugins/com.nxp.mcuxpresso.tools.win32_11.9.1.202402080819/tools/bin/../lib/gcc/arm-none-eabi/12.3.1/../../../../arm-none-eabi/lib/thumb/v6-m/nofp\libcr_nohost_nf.a(__sys_istty.o)
                0x000038f6                __sys_istty
 .text.__sys_remove
                0x000038fc        0x6 c:/nxp/mcuxpressoide_11.9.1_2170/ide/plugins/com.nxp.mcuxpresso.tools.win32_11.9.1.202402080819/tools/bin/../lib/gcc/arm-none-eabi/12.3.1/../../../../arm-none-eabi/lib/thumb/v6-m/nofp\libcr_nohost_nf.a(__sys_remove.o)
                0x000038fc                __sys_remove
 .text.__sys_seek
                0x00003902        0x6 c:/nxp/mcuxpressoide_11.9.1_2170/ide/plugins/com.nxp.mcuxpresso.tools.win32_11.9.1.202402080819/tools/bin/../lib/gcc/arm-none-eabi/12.3.1/../../../../arm-none-eabi/lib/thumb/v6-m/nofp\libcr_nohost_nf.a(__sys_seek.o)
                0x00003902                __sys_seek
 .text.__sys_tmpnam
                0x00003908        0x6 c:/nxp/mcuxpressoide_11.9.1_2170/ide/plugins/com.nxp.mcuxpresso.tools.win32_11.9.1.202402080819/tools/bin/../lib/gcc/arm-none-eabi/12.3.1/../../../../arm-none-eabi/lib/thumb/v6-m/nofp\libcr_nohost_nf.a(__sys_tmpnam.o)
                0x00003908                __sys_tmpnam
 .text.__sys_write
                0x0000390e        0x4 c:/nxp/mcuxpressoide_11.9.1_2170/ide/plugins/com.nxp.mcuxpresso.tools.win32_11.9.1.202402080819/tools/bin/../lib/gcc/arm-none-eabi/12.3.1/../../../../arm-none-eabi/lib/thumb/v6-m/nofp\libcr_nohost_nf.a(__sys_write.o)
                0x0000390e                __sys_write
 *(SORT_BY_ALIGNMENT(.rodata) SORT_BY_ALIGNMENT(.rodata.*) SORT_BY_ALIGNMENT(.constdata) SORT_BY_ALIGNMENT(.constdata.*))
 *fill*         0x00003912        0x2 ff
 .rodata.DbgConsole_SendData.str1.4
                0x00003914       0x4c ./utilities/fsl_debug_console.o
 .rodata.DbgConsole_Init.str1.4
                0x00003960       0xca ./utilities/fsl_debug_console.o
 *fill*         0x00003a2a        0x2 ff
 .rodata.main.str1.4
                0x00003a2c       0x21 ./source/i2c_polling_b2b_transfer_master.o
 *fill*         0x00003a4d        0x3 ff
 .rodata.CLOCK_GetMcgExtClkFreq.str1.4
                0x00003a50       0x3f ./drivers/fsl_clock.o
 *fill*         0x00003a8f        0x1 ff
 .rodata.CLOCK_GetOsc0ErClkUndivFreq.str1.4
                0x00003a90       0x1e ./drivers/fsl_clock.o
 *fill*         0x00003aae        0x2 ff
 .rodata.CLOCK_GetOsc0ErClkDivFreq.str1.4
                0x00003ab0       0x1e ./drivers/fsl_clock.o
 *fill*         0x00003ace        0x2 ff
 .rodata.CLOCK_GetEr32kClkFreq.str1.4
                0x00003ad0       0x1f ./drivers/fsl_clock.o
 *fill*         0x00003aef        0x1 ff
 .rodata.CLOCK_GetFreq
                0x00003af0       0x50 ./drivers/fsl_clock.o
 .rodata.CLOCK_GetPll0Freq.str1.4
                0x00003b40       0x1d ./drivers/fsl_clock.o
 *fill*         0x00003b5d        0x3 ff
 .rodata.CLOCK_EnablePll0.str1.4
                0x00003b60       0x1a ./drivers/fsl_clock.o
 *fill*         0x00003b7a        0x2 ff
 .rodata.CLOCK_SetPbeMode.str1.4
                0x00003b7c       0x1a ./drivers/fsl_clock.o
 *fill*         0x00003b96        0x2 ff
 .rodata.CLOCK_BootToPeeMode.str1.4
                0x00003b98       0x1a ./drivers/fsl_clock.o
 *fill*         0x00003bb2        0x2 ff
 .rodata.fllFactorTable.1
                0x00003bb4       0x10 ./drivers/fsl_clock.o
 .rodata.s_i2cBases
                0x00003bc4        0x8 ./drivers/fsl_i2c.o
                0x00003bc4                s_i2cBases
 .rodata.s_i2cDividerTable
                0x00003bcc       0x80 ./drivers/fsl_i2c.o
 .rodata.s_i2cClocks
                0x00003c4c        0x8 ./drivers/fsl_i2c.o
 .rodata.I2C_GetInstance.str1.4
                0x00003c54       0x32 ./drivers/fsl_i2c.o
 *fill*         0x00003c86        0x2 ff
 .rodata.I2C_MasterInit.str1.4
                0x00003c88       0x2c ./drivers/fsl_i2c.o
 .rodata.I2C_MasterGetDefaultConfig.str1.4
                0x00003cb4       0x1d ./drivers/fsl_i2c.o
 *fill*         0x00003cd1        0x3 ff
 .rodata.I2C_MasterTransferBlocking.str1.4
                0x00003cd4       0x16 ./drivers/fsl_i2c.o
 *fill*         0x00003cea        0x2 ff
 .rodata.s_lpuartBases
                0x00003cec        0xc ./drivers/fsl_lpuart.o
 .rodata.s_lpuartClock
                0x00003cf8        0xc ./drivers/fsl_lpuart.o
 .rodata.LPUART_GetInstance.str1.4
                0x00003d04       0x38 ./drivers/fsl_lpuart.o
 .rodata.LPUART_Init.str1.4
                0x00003d3c       0xea ./drivers/fsl_lpuart.o
 *fill*         0x00003e26        0x2 ff
 .rodata.LPUART_GetDefaultConfig.str1.4
                0x00003e28       0x1a ./drivers/fsl_lpuart.o
 *fill*         0x00003e42        0x2 ff
 .rodata.LPUART_WriteBlocking.str1.4
                0x00003e44       0x18 ./drivers/fsl_lpuart.o
 .rodata.s_LpuartAdapterBase
                0x00003e5c        0xc ./component/uart/lpuart_adapter.o
 .rodata.HAL_UartInit.str1.4
                0x00003e68       0xdd ./component/uart/lpuart_adapter.o
 *fill*         0x00003f45        0x3 ff
 .rodata.HAL_UartSendBlocking.str1.4
                0x00003f48       0x5a ./component/uart/lpuart_adapter.o
 *fill*         0x00003fa2        0x2 ff
 .rodata.SerialManager_Write.str1.4
                0x00003fa4       0x82 ./component/serial_manager/serial_manager.o
 *fill*         0x00004026        0x2 ff
 .rodata.SerialManager_Init.str1.4
                0x00004028       0x44 ./component/serial_manager/serial_manager.o
 .rodata.SerialManager_OpenWriteHandle.str1.4
                0x0000406c       0x47 ./component/serial_manager/serial_manager.o
 *fill*         0x000040b3        0x1 ff
 .rodata.SerialManager_OpenReadHandle.str1.4
                0x000040b4       0x46 ./component/serial_manager/serial_manager.o
 *fill*         0x000040fa        0x2 ff
 .rodata.Serial_UartInit.str1.4
                0x000040fc       0x4e ./component/serial_manager/serial_port_uart.o
 *fill*         0x0000414a        0x2 ff
 .rodata.Serial_UartWrite.str1.4
                0x0000414c       0x68 ./component/serial_manager/serial_port_uart.o
 .rodata.mcgConfig_BOARD_BootClockRUN
                0x000041b4        0xb ./board/clock_config.o
                0x000041b4                mcgConfig_BOARD_BootClockRUN
 *fill*         0x000041bf        0x1 ff
 .rodata.simConfig_BOARD_BootClockRUN
                0x000041c0        0x8 ./board/clock_config.o
                0x000041c0                simConfig_BOARD_BootClockRUN
 .rodata.oscConfig_BOARD_BootClockRUN
                0x000041c8        0x8 ./board/clock_config.o
                0x000041c8                oscConfig_BOARD_BootClockRUN
 .rodata.PORT_SetPinConfig.str1.4
                0x000041d0       0x9b ./board/pin_mux.o
 *fill*         0x0000426b        0x1 ff
 .rodata.__num_Ciob_streams
                0x0000426c        0x4 c:/nxp/mcuxpressoide_11.9.1_2170/ide/plugins/com.nxp.mcuxpresso.tools.win32_11.9.1.202402080819/tools/bin/../lib/gcc/arm-none-eabi/12.3.1/../../../../arm-none-eabi/lib/thumb/v6-m/nofp\libcr_nohost_nf.a(__ciob.o)
                0x0000426c                __num_Ciob_streams
 .rodata.__assertion_failed.str1.1
                0x00004270       0x15 c:/nxp/mcuxpressoide_11.9.1_2170/ide/plugins/com.nxp.mcuxpresso.tools.win32_11.9.1.202402080819/tools/bin/../lib/gcc/arm-none-eabi/12.3.1/../../../../arm-none-eabi/lib/thumb/v6-m/nofp\libcr_nohost_nf.a(_cr_assert.o)
 .rodata._Csys_alloc.str1.1
                0x00004285       0x18 c:/nxp/mcuxpressoide_11.9.1_2170/ide/plugins/com.nxp.mcuxpresso.tools.win32_11.9.1.202402080819/tools/bin/../lib/gcc/arm-none-eabi/12.3.1/../../../../arm-none-eabi/lib/thumb/v6-m/nofp\libcr_c.a(alloc.o)
 .rodata._initio.str1.1
                0x0000429d        0x4 c:/nxp/mcuxpressoide_11.9.1_2170/ide/plugins/com.nxp.mcuxpresso.tools.win32_11.9.1.202402080819/tools/bin/../lib/gcc/arm-none-eabi/12.3.1/../../../../arm-none-eabi/lib/thumb/v6-m/nofp\libcr_c.a(initio.o)
                0x000042a4                        . = ALIGN (0x4)
 *fill*         0x000042a1        0x3 ff

.glue_7         0x000042a4        0x0
 .glue_7        0x000042a4        0x0 linker stubs

.glue_7t        0x000042a4        0x0
 .glue_7t       0x000042a4        0x0 linker stubs

.vfp11_veneer   0x000042a4        0x0
 .vfp11_veneer  0x000042a4        0x0 linker stubs

.v4_bx          0x000042a4        0x0
 .v4_bx         0x000042a4        0x0 linker stubs

.iplt           0x000042a4        0x0
 .iplt          0x000042a4        0x0 ./utilities/fsl_debug_console.o

.rel.dyn        0x000042a4        0x0
 .rel.iplt      0x000042a4        0x0 ./utilities/fsl_debug_console.o

.ARM.extab
 *(SORT_BY_ALIGNMENT(.ARM.extab*) SORT_BY_ALIGNMENT(.gnu.linkonce.armextab.*))

.ARM.exidx      0x000042a4        0x0
                0x000042a4                        __exidx_start = .
 *(SORT_BY_ALIGNMENT(.ARM.exidx*) SORT_BY_ALIGNMENT(.gnu.linkonce.armexidx.*))
                0x000042a4                        __exidx_end = .
                0x000042a4                        _etext = .

.m_usb_data
 *(SORT_BY_ALIGNMENT(m_usb_bdt))
 *(SORT_BY_ALIGNMENT(m_usb_global))

.mtb_buffer_RAM2
 *(SORT_BY_ALIGNMENT(.mtb.$RAM2*))
 *(SORT_BY_ALIGNMENT(.mtb.$USB_RAM*))

.data_RAM2      0x40100000        0x0 load address 0x000042a4
 FILL mask 0xff
                [!provide]                        PROVIDE (__start_data_RAM2 = .)
                [!provide]                        PROVIDE (__start_data_USB_RAM = .)
 *(SORT_BY_ALIGNMENT(.ramfunc.$RAM2))
 *(SORT_BY_ALIGNMENT(.ramfunc.$USB_RAM))
 *(SORT_BY_ALIGNMENT(.data.$RAM2))
 *(SORT_BY_ALIGNMENT(.data.$USB_RAM))
 *(SORT_BY_ALIGNMENT(.data.$RAM2.*))
 *(SORT_BY_ALIGNMENT(.data.$USB_RAM.*))
                0x40100000                        . = ALIGN (0x4)
                [!provide]                        PROVIDE (__end_data_RAM2 = .)
                [!provide]                        PROVIDE (__end_data_USB_RAM = .)

.mtb_buffer_default
                0x1fffa000       0x80
 *(SORT_BY_ALIGNMENT(.mtb*))
 .mtb.$RAM1     0x1fffa000       0x80 ./source/mtb.o
                0x1fffa000                __mtb_buffer__

.uninit_RESERVED
                0x1fffa080        0x0
                0x1fffa080                        _start_uninit_RESERVED = .
 *(SORT_BY_ALIGNMENT(.bss.$RESERVED*))
                0x1fffa080                        . = ALIGN (0x4)
                0x1fffa080                        _end_uninit_RESERVED = .

.data           0x1fffa080        0xc load address 0x000042a4
 FILL mask 0xff
                0x1fffa080                        _data = .
                [!provide]                        PROVIDE (__start_data_RAM = .)
                [!provide]                        PROVIDE (__start_data_SRAM = .)
 *(SORT_BY_ALIGNMENT(vtable))
 *(SORT_BY_ALIGNMENT(.ramfunc*))
 *(SORT_BY_ALIGNMENT(CodeQuickAccess))
 *(SORT_BY_ALIGNMENT(DataQuickAccess))
 *(SORT_BY_ALIGNMENT(RamFunction))
 *(SORT_BY_ALIGNMENT(.data*))
 .data.s_slowIrcFreq
                0x1fffa080        0x4 ./drivers/fsl_clock.o
 .data.s_fastIrcFreq
                0x1fffa084        0x4 ./drivers/fsl_clock.o
 .data.SystemCoreClock
                0x1fffa088        0x4 ./device/system_MKL82Z7.o
                0x1fffa088                SystemCoreClock
                0x1fffa08c                        . = ALIGN (0x4)
                0x1fffa08c                        _edata = .
                [!provide]                        PROVIDE (__end_data_RAM = .)
                [!provide]                        PROVIDE (__end_data_SRAM = .)

.igot.plt       0x1fffa08c        0x0 load address 0x000042b0
 .igot.plt      0x1fffa08c        0x0 ./utilities/fsl_debug_console.o

.bss_RAM2       0x40100000        0x0
                [!provide]                        PROVIDE (__start_bss_RAM2 = .)
                [!provide]                        PROVIDE (__start_bss_USB_RAM = .)
 *(SORT_BY_ALIGNMENT(.bss.$RAM2))
 *(SORT_BY_ALIGNMENT(.bss.$USB_RAM))
 *(SORT_BY_ALIGNMENT(.bss.$RAM2.*))
 *(SORT_BY_ALIGNMENT(.bss.$USB_RAM.*))
                0x40100000                        . = ALIGN ((. != 0x0)?0x4:0x1)
                [!provide]                        PROVIDE (__end_bss_RAM2 = .)
                [!provide]                        PROVIDE (__end_bss_USB_RAM = .)

.bss            0x1fffa08c      0x118
                0x1fffa08c                        _bss = .
                [!provide]                        PROVIDE (__start_bss_RAM = .)
                [!provide]                        PROVIDE (__start_bss_SRAM = .)
 *(SORT_BY_ALIGNMENT(.bss*))
 .bss.s_debugConsoleState
                0x1fffa08c       0x1c ./utilities/fsl_debug_console.o
 .bss.g_serialHandle
                0x1fffa0a8        0x4 ./utilities/fsl_debug_console.o
                0x1fffa0a8                g_serialHandle
 .bss.g_master_txBuff
                0x1fffa0ac        0x7 ./source/i2c_polling_b2b_transfer_master.o
                0x1fffa0ac                g_master_txBuff
 *fill*         0x1fffa0b3        0x1 
 .bss.g_master_rxBuff
                0x1fffa0b4        0x7 ./source/i2c_polling_b2b_transfer_master.o
                0x1fffa0b4                g_master_rxBuff
 *fill*         0x1fffa0bb        0x1 
 .bss.g_xtal0Freq
                0x1fffa0bc        0x4 ./drivers/fsl_clock.o
                0x1fffa0bc                g_xtal0Freq
 .bss.g_xtal32Freq
                0x1fffa0c0        0x4 ./drivers/fsl_clock.o
                0x1fffa0c0                g_xtal32Freq
 .bss.s_i2cHandle
                0x1fffa0c4        0x8 ./drivers/fsl_i2c.o
 .bss.s_i2cMasterIsr
                0x1fffa0cc        0x4 ./drivers/fsl_i2c.o
 .bss.s_i2cSlaveIsr
                0x1fffa0d0        0x4 ./drivers/fsl_i2c.o
 .bss.s_lpuartHandle
                0x1fffa0d4        0xc ./drivers/fsl_lpuart.o
 .bss.s_lpuartIsr
                0x1fffa0e0        0x4 ./drivers/fsl_lpuart.o
 .bss.__Ciob    0x1fffa0e4       0xb4 c:/nxp/mcuxpressoide_11.9.1_2170/ide/plugins/com.nxp.mcuxpresso.tools.win32_11.9.1.202402080819/tools/bin/../lib/gcc/arm-none-eabi/12.3.1/../../../../arm-none-eabi/lib/thumb/v6-m/nofp\libcr_nohost_nf.a(__ciob.o)
                0x1fffa0e4                __Ciob
 .bss.__end_of_heap
                0x1fffa198        0x4 c:/nxp/mcuxpressoide_11.9.1_2170/ide/plugins/com.nxp.mcuxpresso.tools.win32_11.9.1.202402080819/tools/bin/../lib/gcc/arm-none-eabi/12.3.1/../../../../arm-none-eabi/lib/thumb/v6-m/nofp\libcr_c.a(__init_alloc.o)
                0x1fffa198                __end_of_heap
 .bss.__heaps   0x1fffa19c        0x4 c:/nxp/mcuxpressoide_11.9.1_2170/ide/plugins/com.nxp.mcuxpresso.tools.win32_11.9.1.202402080819/tools/bin/../lib/gcc/arm-none-eabi/12.3.1/../../../../arm-none-eabi/lib/thumb/v6-m/nofp\libcr_c.a(__init_alloc.o)
                0x1fffa19c                __heaps
 .bss.errno     0x1fffa1a0        0x4 c:/nxp/mcuxpressoide_11.9.1_2170/ide/plugins/com.nxp.mcuxpresso.tools.win32_11.9.1.202402080819/tools/bin/../lib/gcc/arm-none-eabi/12.3.1/../../../../arm-none-eabi/lib/thumb/v6-m/nofp\libcr_c.a(errno.o)
                0x1fffa1a0                errno
 *(SORT_BY_ALIGNMENT(COMMON))
                0x1fffa1a4                        . = ALIGN (0x4)
                0x1fffa1a4                        _ebss = .
                [!provide]                        PROVIDE (__end_bss_RAM = .)
                [!provide]                        PROVIDE (__end_bss_SRAM = .)
                [!provide]                        PROVIDE (end = .)

.noinit_RAM2    0x40100000        0x0
                [!provide]                        PROVIDE (__start_noinit_RAM2 = .)
                [!provide]                        PROVIDE (__start_noinit_USB_RAM = .)
 *(SORT_BY_ALIGNMENT(.noinit.$RAM2))
 *(SORT_BY_ALIGNMENT(.noinit.$USB_RAM))
 *(SORT_BY_ALIGNMENT(.noinit.$RAM2.*))
 *(SORT_BY_ALIGNMENT(.noinit.$USB_RAM.*))
                0x40100000                        . = ALIGN (0x4)
                [!provide]                        PROVIDE (__end_noinit_RAM2 = .)
                [!provide]                        PROVIDE (__end_noinit_USB_RAM = .)

.noinit         0x1fffa1a4        0x0
                0x1fffa1a4                        _noinit = .
                [!provide]                        PROVIDE (__start_noinit_RAM = .)
                [!provide]                        PROVIDE (__start_noinit_SRAM = .)
 *(SORT_BY_ALIGNMENT(.noinit*))
                0x1fffa1a4                        . = ALIGN (0x4)
                0x1fffa1a4                        _end_noinit = .
                [!provide]                        PROVIDE (__end_noinit_RAM = .)
                [!provide]                        PROVIDE (__end_noinit_SRAM = .)
                0x00001000                        _HeapSize = 0x1000

.heap           0x1fffa1a4     0x1000
                0x1fffa1a4                        _pvHeapStart = .
                0x1fffb1a4                        . = (. + _HeapSize)
 *fill*         0x1fffa1a4     0x1000 
                0x1fffb1a4                        . = ALIGN (0x4)
                0x1fffb1a4                        _pvHeapLimit = .
                0x00001000                        _StackSize = 0x1000

.heap2stackfill
                0x1fffb1a4     0x1000
                0x1fffc1a4                        . = (. + _StackSize)
 *fill*         0x1fffb1a4     0x1000 

.stack          0x20011000        0x0
                0x20011000                        _vStackBase = .
                0x20011000                        . = ALIGN (0x4)
                0x20012000                        _vStackTop = (. + _StackSize)
                0x00000000                        _image_start = LOADADDR (.text)
                0x000042b0                        _image_end = (LOADADDR (.data) + SIZEOF (.data))
                0x000042b0                        _image_size = (_image_end - _image_start)
OUTPUT(frdmkl82z_i2c_polling_b2b_transfer_master.axf elf32-littlearm)
LOAD linker stubs

.debug_info     0x00000000     0xdca5
 .debug_info    0x00000000      0xaa6 ./utilities/fsl_debug_console.o
 .debug_info    0x00000aa6      0x50d ./utilities/fsl_str.o
 .debug_info    0x00000fb3      0x9b7 ./startup/startup_mkl82z7.o
 .debug_info    0x0000196a      0x79a ./source/i2c_polling_b2b_transfer_master.o
 .debug_info    0x00002104       0x53 ./source/mtb.o
 .debug_info    0x00002157       0x3c ./source/semihost_hardfault.o
 .debug_info    0x00002193     0x2206 ./drivers/fsl_clock.o
 .debug_info    0x00004399     0x1cde ./drivers/fsl_i2c.o
 .debug_info    0x00006077     0x18b3 ./drivers/fsl_lpuart.o
 .debug_info    0x0000792a      0x4f6 ./device/system_MKL82Z7.o
 .debug_info    0x00007e20      0x9d0 ./component/uart/lpuart_adapter.o
 .debug_info    0x000087f0      0x79c ./component/serial_manager/serial_manager.o
 .debug_info    0x00008f8c      0x536 ./component/serial_manager/serial_port_uart.o
 .debug_info    0x000094c2      0x390 ./board/board.o
 .debug_info    0x00009852      0xd4a ./board/clock_config.o
 .debug_info    0x0000a59c      0x7d3 ./board/pin_mux.o
 .debug_info    0x0000ad6f       0x85 c:/nxp/mcuxpressoide_11.9.1_2170/ide/plugins/com.nxp.mcuxpresso.tools.win32_11.9.1.202402080819/tools/bin/../lib/gcc/arm-none-eabi/12.3.1/../../../../arm-none-eabi/lib/thumb/v6-m/nofp\libcr_nohost_nf.a(_cr__main.o)
 .debug_info    0x0000adf4      0x240 c:/nxp/mcuxpressoide_11.9.1_2170/ide/plugins/com.nxp.mcuxpresso.tools.win32_11.9.1.202402080819/tools/bin/../lib/gcc/arm-none-eabi/12.3.1/../../../../arm-none-eabi/lib/thumb/v6-m/nofp\libcr_nohost_nf.a(_cr_assert.o)
 .debug_info    0x0000b034      0x18b c:/nxp/mcuxpressoide_11.9.1_2170/ide/plugins/com.nxp.mcuxpresso.tools.win32_11.9.1.202402080819/tools/bin/../lib/gcc/arm-none-eabi/12.3.1/../../../../arm-none-eabi/lib/thumb/v6-m/nofp\libcr_nohost_nf.a(__ciob.o)
 .debug_info    0x0000b1bf       0x38 c:/nxp/mcuxpressoide_11.9.1_2170/ide/plugins/com.nxp.mcuxpresso.tools.win32_11.9.1.202402080819/tools/bin/../lib/gcc/arm-none-eabi/12.3.1/../../../../arm-none-eabi/lib/thumb/v6-m/nofp\libcr_nohost_nf.a(__sys_appexit.o)
 .debug_info    0x0000b1f7       0xe3 c:/nxp/mcuxpressoide_11.9.1_2170/ide/plugins/com.nxp.mcuxpresso.tools.win32_11.9.1.202402080819/tools/bin/../lib/gcc/arm-none-eabi/12.3.1/../../../../arm-none-eabi/lib/thumb/v6-m/nofp\libcr_c.a(memset.o)
 .debug_info    0x0000b2da      0x35d c:/nxp/mcuxpressoide_11.9.1_2170/ide/plugins/com.nxp.mcuxpresso.tools.win32_11.9.1.202402080819/tools/bin/../lib/gcc/arm-none-eabi/12.3.1/../../../../arm-none-eabi/lib/thumb/v6-m/nofp\libcr_c.a(_deferredlazyseek.o)
 .debug_info    0x0000b637      0x1e3 c:/nxp/mcuxpressoide_11.9.1_2170/ide/plugins/com.nxp.mcuxpresso.tools.win32_11.9.1.202402080819/tools/bin/../lib/gcc/arm-none-eabi/12.3.1/../../../../arm-none-eabi/lib/thumb/v6-m/nofp\libcr_c.a(_fflush.o)
 .debug_info    0x0000b81a      0x283 c:/nxp/mcuxpressoide_11.9.1_2170/ide/plugins/com.nxp.mcuxpresso.tools.win32_11.9.1.202402080819/tools/bin/../lib/gcc/arm-none-eabi/12.3.1/../../../../arm-none-eabi/lib/thumb/v6-m/nofp\libcr_c.a(_writebuf.o)
 .debug_info    0x0000ba9d      0x50c c:/nxp/mcuxpressoide_11.9.1_2170/ide/plugins/com.nxp.mcuxpresso.tools.win32_11.9.1.202402080819/tools/bin/../lib/gcc/arm-none-eabi/12.3.1/../../../../arm-none-eabi/lib/thumb/v6-m/nofp\libcr_c.a(alloc.o)
 .debug_info    0x0000bfa9      0x1e0 c:/nxp/mcuxpressoide_11.9.1_2170/ide/plugins/com.nxp.mcuxpresso.tools.win32_11.9.1.202402080819/tools/bin/../lib/gcc/arm-none-eabi/12.3.1/../../../../arm-none-eabi/lib/thumb/v6-m/nofp\libcr_c.a(fputs.o)
 .debug_info    0x0000c189      0x278 c:/nxp/mcuxpressoide_11.9.1_2170/ide/plugins/com.nxp.mcuxpresso.tools.win32_11.9.1.202402080819/tools/bin/../lib/gcc/arm-none-eabi/12.3.1/../../../../arm-none-eabi/lib/thumb/v6-m/nofp\libcr_c.a(fseek.o)
 .debug_info    0x0000c401      0x190 c:/nxp/mcuxpressoide_11.9.1_2170/ide/plugins/com.nxp.mcuxpresso.tools.win32_11.9.1.202402080819/tools/bin/../lib/gcc/arm-none-eabi/12.3.1/../../../../arm-none-eabi/lib/thumb/v6-m/nofp\libcr_c.a(ftell.o)
 .debug_info    0x0000c591      0x353 c:/nxp/mcuxpressoide_11.9.1_2170/ide/plugins/com.nxp.mcuxpresso.tools.win32_11.9.1.202402080819/tools/bin/../lib/gcc/arm-none-eabi/12.3.1/../../../../arm-none-eabi/lib/thumb/v6-m/nofp\libcr_c.a(initio.o)
 .debug_info    0x0000c8e4      0x1f6 c:/nxp/mcuxpressoide_11.9.1_2170/ide/plugins/com.nxp.mcuxpresso.tools.win32_11.9.1.202402080819/tools/bin/../lib/gcc/arm-none-eabi/12.3.1/../../../../arm-none-eabi/lib/thumb/v6-m/nofp\libcr_c.a(setvbuf.o)
 .debug_info    0x0000cada       0xd6 c:/nxp/mcuxpressoide_11.9.1_2170/ide/plugins/com.nxp.mcuxpresso.tools.win32_11.9.1.202402080819/tools/bin/../lib/gcc/arm-none-eabi/12.3.1/../../../../arm-none-eabi/lib/thumb/v6-m/nofp\libcr_c.a(strlen.o)
 .debug_info    0x0000cbb0       0xd4 c:/nxp/mcuxpressoide_11.9.1_2170/ide/plugins/com.nxp.mcuxpresso.tools.win32_11.9.1.202402080819/tools/bin/../lib/gcc/arm-none-eabi/12.3.1/../../../../arm-none-eabi/lib/thumb/v6-m/nofp\libcr_c.a(__init_alloc.o)
 .debug_info    0x0000cc84      0x100 c:/nxp/mcuxpressoide_11.9.1_2170/ide/plugins/com.nxp.mcuxpresso.tools.win32_11.9.1.202402080819/tools/bin/../lib/gcc/arm-none-eabi/12.3.1/../../../../arm-none-eabi/lib/thumb/v6-m/nofp\libcr_c.a(_cr_sbrk.o)
 .debug_info    0x0000cd84      0x244 c:/nxp/mcuxpressoide_11.9.1_2170/ide/plugins/com.nxp.mcuxpresso.tools.win32_11.9.1.202402080819/tools/bin/../lib/gcc/arm-none-eabi/12.3.1/../../../../arm-none-eabi/lib/thumb/v6-m/nofp\libcr_c.a(_fdopen.o)
 .debug_info    0x0000cfc8       0x44 c:/nxp/mcuxpressoide_11.9.1_2170/ide/plugins/com.nxp.mcuxpresso.tools.win32_11.9.1.202402080819/tools/bin/../lib/gcc/arm-none-eabi/12.3.1/../../../../arm-none-eabi/lib/thumb/v6-m/nofp\libcr_c.a(errno.o)
 .debug_info    0x0000d00c      0x31e c:/nxp/mcuxpressoide_11.9.1_2170/ide/plugins/com.nxp.mcuxpresso.tools.win32_11.9.1.202402080819/tools/bin/../lib/gcc/arm-none-eabi/12.3.1/../../../../arm-none-eabi/lib/thumb/v6-m/nofp\libcr_c.a(fclose.o)
 .debug_info    0x0000d32a      0x203 c:/nxp/mcuxpressoide_11.9.1_2170/ide/plugins/com.nxp.mcuxpresso.tools.win32_11.9.1.202402080819/tools/bin/../lib/gcc/arm-none-eabi/12.3.1/../../../../arm-none-eabi/lib/thumb/v6-m/nofp\libcr_c.a(fflush.o)
 .debug_info    0x0000d52d      0x1c9 c:/nxp/mcuxpressoide_11.9.1_2170/ide/plugins/com.nxp.mcuxpresso.tools.win32_11.9.1.202402080819/tools/bin/../lib/gcc/arm-none-eabi/12.3.1/../../../../arm-none-eabi/lib/thumb/v6-m/nofp\libcr_c.a(remove.o)
 .debug_info    0x0000d6f6       0x71 c:/nxp/mcuxpressoide_11.9.1_2170/ide/plugins/com.nxp.mcuxpresso.tools.win32_11.9.1.202402080819/tools/bin/../lib/gcc/arm-none-eabi/12.3.1/../../../../arm-none-eabi/lib/thumb/v6-m/nofp\libcr_c.a(_cr_check_heap.o)
 .debug_info    0x0000d767      0x23a c:/nxp/mcuxpressoide_11.9.1_2170/ide/plugins/com.nxp.mcuxpresso.tools.win32_11.9.1.202402080819/tools/bin/../lib/gcc/arm-none-eabi/12.3.1/../../../../arm-none-eabi/lib/thumb/v6-m/nofp\libcr_c.a(_do_fflush.o)
 .debug_info    0x0000d9a1       0x5c c:/nxp/mcuxpressoide_11.9.1_2170/ide/plugins/com.nxp.mcuxpresso.tools.win32_11.9.1.202402080819/tools/bin/../lib/gcc/arm-none-eabi/12.3.1/../../../../arm-none-eabi/lib/thumb/v6-m/nofp\libcr_nohost_nf.a(__sys_close.o)
 .debug_info    0x0000d9fd       0x5c c:/nxp/mcuxpressoide_11.9.1_2170/ide/plugins/com.nxp.mcuxpresso.tools.win32_11.9.1.202402080819/tools/bin/../lib/gcc/arm-none-eabi/12.3.1/../../../../arm-none-eabi/lib/thumb/v6-m/nofp\libcr_nohost_nf.a(__sys_flen.o)
 .debug_info    0x0000da59       0x5c c:/nxp/mcuxpressoide_11.9.1_2170/ide/plugins/com.nxp.mcuxpresso.tools.win32_11.9.1.202402080819/tools/bin/../lib/gcc/arm-none-eabi/12.3.1/../../../../arm-none-eabi/lib/thumb/v6-m/nofp\libcr_nohost_nf.a(__sys_istty.o)
 .debug_info    0x0000dab5       0x7c c:/nxp/mcuxpressoide_11.9.1_2170/ide/plugins/com.nxp.mcuxpresso.tools.win32_11.9.1.202402080819/tools/bin/../lib/gcc/arm-none-eabi/12.3.1/../../../../arm-none-eabi/lib/thumb/v6-m/nofp\libcr_nohost_nf.a(__sys_remove.o)
 .debug_info    0x0000db31       0x6a c:/nxp/mcuxpressoide_11.9.1_2170/ide/plugins/com.nxp.mcuxpresso.tools.win32_11.9.1.202402080819/tools/bin/../lib/gcc/arm-none-eabi/12.3.1/../../../../arm-none-eabi/lib/thumb/v6-m/nofp\libcr_nohost_nf.a(__sys_seek.o)
 .debug_info    0x0000db9b       0x85 c:/nxp/mcuxpressoide_11.9.1_2170/ide/plugins/com.nxp.mcuxpresso.tools.win32_11.9.1.202402080819/tools/bin/../lib/gcc/arm-none-eabi/12.3.1/../../../../arm-none-eabi/lib/thumb/v6-m/nofp\libcr_nohost_nf.a(__sys_tmpnam.o)
 .debug_info    0x0000dc20       0x85 c:/nxp/mcuxpressoide_11.9.1_2170/ide/plugins/com.nxp.mcuxpresso.tools.win32_11.9.1.202402080819/tools/bin/../lib/gcc/arm-none-eabi/12.3.1/../../../../arm-none-eabi/lib/thumb/v6-m/nofp\libcr_nohost_nf.a(__sys_write.o)

.debug_abbrev   0x00000000     0x36a2
 .debug_abbrev  0x00000000      0x220 ./utilities/fsl_debug_console.o
 .debug_abbrev  0x00000220      0x1ad ./utilities/fsl_str.o
 .debug_abbrev  0x000003cd      0x17a ./startup/startup_mkl82z7.o
 .debug_abbrev  0x00000547      0x206 ./source/i2c_polling_b2b_transfer_master.o
 .debug_abbrev  0x0000074d       0x46 ./source/mtb.o
 .debug_abbrev  0x00000793       0x31 ./source/semihost_hardfault.o
 .debug_abbrev  0x000007c4      0x350 ./drivers/fsl_clock.o
 .debug_abbrev  0x00000b14      0x394 ./drivers/fsl_i2c.o
 .debug_abbrev  0x00000ea8      0x311 ./drivers/fsl_lpuart.o
 .debug_abbrev  0x000011b9      0x148 ./device/system_MKL82Z7.o
 .debug_abbrev  0x00001301      0x1c9 ./component/uart/lpuart_adapter.o
 .debug_abbrev  0x000014ca      0x17a ./component/serial_manager/serial_manager.o
 .debug_abbrev  0x00001644      0x164 ./component/serial_manager/serial_port_uart.o
 .debug_abbrev  0x000017a8      0x14c ./board/board.o
 .debug_abbrev  0x000018f4      0x234 ./board/clock_config.o
 .debug_abbrev  0x00001b28      0x236 ./board/pin_mux.o
 .debug_abbrev  0x00001d5e       0x62 c:/nxp/mcuxpressoide_11.9.1_2170/ide/plugins/com.nxp.mcuxpresso.tools.win32_11.9.1.202402080819/tools/bin/../lib/gcc/arm-none-eabi/12.3.1/../../../../arm-none-eabi/lib/thumb/v6-m/nofp\libcr_nohost_nf.a(_cr__main.o)
 .debug_abbrev  0x00001dc0      0x12c c:/nxp/mcuxpressoide_11.9.1_2170/ide/plugins/com.nxp.mcuxpresso.tools.win32_11.9.1.202402080819/tools/bin/../lib/gcc/arm-none-eabi/12.3.1/../../../../arm-none-eabi/lib/thumb/v6-m/nofp\libcr_nohost_nf.a(_cr_assert.o)
 .debug_abbrev  0x00001eec       0xb5 c:/nxp/mcuxpressoide_11.9.1_2170/ide/plugins/com.nxp.mcuxpresso.tools.win32_11.9.1.202402080819/tools/bin/../lib/gcc/arm-none-eabi/12.3.1/../../../../arm-none-eabi/lib/thumb/v6-m/nofp\libcr_nohost_nf.a(__ciob.o)
 .debug_abbrev  0x00001fa1       0x2e c:/nxp/mcuxpressoide_11.9.1_2170/ide/plugins/com.nxp.mcuxpresso.tools.win32_11.9.1.202402080819/tools/bin/../lib/gcc/arm-none-eabi/12.3.1/../../../../arm-none-eabi/lib/thumb/v6-m/nofp\libcr_nohost_nf.a(__sys_appexit.o)
 .debug_abbrev  0x00001fcf       0xa5 c:/nxp/mcuxpressoide_11.9.1_2170/ide/plugins/com.nxp.mcuxpresso.tools.win32_11.9.1.202402080819/tools/bin/../lib/gcc/arm-none-eabi/12.3.1/../../../../arm-none-eabi/lib/thumb/v6-m/nofp\libcr_c.a(memset.o)
 .debug_abbrev  0x00002074      0x147 c:/nxp/mcuxpressoide_11.9.1_2170/ide/plugins/com.nxp.mcuxpresso.tools.win32_11.9.1.202402080819/tools/bin/../lib/gcc/arm-none-eabi/12.3.1/../../../../arm-none-eabi/lib/thumb/v6-m/nofp\libcr_c.a(_deferredlazyseek.o)
 .debug_abbrev  0x000021bb       0xf1 c:/nxp/mcuxpressoide_11.9.1_2170/ide/plugins/com.nxp.mcuxpresso.tools.win32_11.9.1.202402080819/tools/bin/../lib/gcc/arm-none-eabi/12.3.1/../../../../arm-none-eabi/lib/thumb/v6-m/nofp\libcr_c.a(_fflush.o)
 .debug_abbrev  0x000022ac      0x126 c:/nxp/mcuxpressoide_11.9.1_2170/ide/plugins/com.nxp.mcuxpresso.tools.win32_11.9.1.202402080819/tools/bin/../lib/gcc/arm-none-eabi/12.3.1/../../../../arm-none-eabi/lib/thumb/v6-m/nofp\libcr_c.a(_writebuf.o)
 .debug_abbrev  0x000023d2      0x27b c:/nxp/mcuxpressoide_11.9.1_2170/ide/plugins/com.nxp.mcuxpresso.tools.win32_11.9.1.202402080819/tools/bin/../lib/gcc/arm-none-eabi/12.3.1/../../../../arm-none-eabi/lib/thumb/v6-m/nofp\libcr_c.a(alloc.o)
 .debug_abbrev  0x0000264d      0x10c c:/nxp/mcuxpressoide_11.9.1_2170/ide/plugins/com.nxp.mcuxpresso.tools.win32_11.9.1.202402080819/tools/bin/../lib/gcc/arm-none-eabi/12.3.1/../../../../arm-none-eabi/lib/thumb/v6-m/nofp\libcr_c.a(fputs.o)
 .debug_abbrev  0x00002759      0x11b c:/nxp/mcuxpressoide_11.9.1_2170/ide/plugins/com.nxp.mcuxpresso.tools.win32_11.9.1.202402080819/tools/bin/../lib/gcc/arm-none-eabi/12.3.1/../../../../arm-none-eabi/lib/thumb/v6-m/nofp\libcr_c.a(fseek.o)
 .debug_abbrev  0x00002874       0xc2 c:/nxp/mcuxpressoide_11.9.1_2170/ide/plugins/com.nxp.mcuxpresso.tools.win32_11.9.1.202402080819/tools/bin/../lib/gcc/arm-none-eabi/12.3.1/../../../../arm-none-eabi/lib/thumb/v6-m/nofp\libcr_c.a(ftell.o)
 .debug_abbrev  0x00002936      0x14b c:/nxp/mcuxpressoide_11.9.1_2170/ide/plugins/com.nxp.mcuxpresso.tools.win32_11.9.1.202402080819/tools/bin/../lib/gcc/arm-none-eabi/12.3.1/../../../../arm-none-eabi/lib/thumb/v6-m/nofp\libcr_c.a(initio.o)
 .debug_abbrev  0x00002a81       0xe1 c:/nxp/mcuxpressoide_11.9.1_2170/ide/plugins/com.nxp.mcuxpresso.tools.win32_11.9.1.202402080819/tools/bin/../lib/gcc/arm-none-eabi/12.3.1/../../../../arm-none-eabi/lib/thumb/v6-m/nofp\libcr_c.a(setvbuf.o)
 .debug_abbrev  0x00002b62       0xa5 c:/nxp/mcuxpressoide_11.9.1_2170/ide/plugins/com.nxp.mcuxpresso.tools.win32_11.9.1.202402080819/tools/bin/../lib/gcc/arm-none-eabi/12.3.1/../../../../arm-none-eabi/lib/thumb/v6-m/nofp\libcr_c.a(strlen.o)
 .debug_abbrev  0x00002c07       0xaf c:/nxp/mcuxpressoide_11.9.1_2170/ide/plugins/com.nxp.mcuxpresso.tools.win32_11.9.1.202402080819/tools/bin/../lib/gcc/arm-none-eabi/12.3.1/../../../../arm-none-eabi/lib/thumb/v6-m/nofp\libcr_c.a(__init_alloc.o)
 .debug_abbrev  0x00002cb6       0xd3 c:/nxp/mcuxpressoide_11.9.1_2170/ide/plugins/com.nxp.mcuxpresso.tools.win32_11.9.1.202402080819/tools/bin/../lib/gcc/arm-none-eabi/12.3.1/../../../../arm-none-eabi/lib/thumb/v6-m/nofp\libcr_c.a(_cr_sbrk.o)
 .debug_abbrev  0x00002d89      0x119 c:/nxp/mcuxpressoide_11.9.1_2170/ide/plugins/com.nxp.mcuxpresso.tools.win32_11.9.1.202402080819/tools/bin/../lib/gcc/arm-none-eabi/12.3.1/../../../../arm-none-eabi/lib/thumb/v6-m/nofp\libcr_c.a(_fdopen.o)
 .debug_abbrev  0x00002ea2       0x44 c:/nxp/mcuxpressoide_11.9.1_2170/ide/plugins/com.nxp.mcuxpresso.tools.win32_11.9.1.202402080819/tools/bin/../lib/gcc/arm-none-eabi/12.3.1/../../../../arm-none-eabi/lib/thumb/v6-m/nofp\libcr_c.a(errno.o)
 .debug_abbrev  0x00002ee6      0x158 c:/nxp/mcuxpressoide_11.9.1_2170/ide/plugins/com.nxp.mcuxpresso.tools.win32_11.9.1.202402080819/tools/bin/../lib/gcc/arm-none-eabi/12.3.1/../../../../arm-none-eabi/lib/thumb/v6-m/nofp\libcr_c.a(fclose.o)
 .debug_abbrev  0x0000303e      0x122 c:/nxp/mcuxpressoide_11.9.1_2170/ide/plugins/com.nxp.mcuxpresso.tools.win32_11.9.1.202402080819/tools/bin/../lib/gcc/arm-none-eabi/12.3.1/../../../../arm-none-eabi/lib/thumb/v6-m/nofp\libcr_c.a(fflush.o)
 .debug_abbrev  0x00003160       0xed c:/nxp/mcuxpressoide_11.9.1_2170/ide/plugins/com.nxp.mcuxpresso.tools.win32_11.9.1.202402080819/tools/bin/../lib/gcc/arm-none-eabi/12.3.1/../../../../arm-none-eabi/lib/thumb/v6-m/nofp\libcr_c.a(remove.o)
 .debug_abbrev  0x0000324d       0x6b c:/nxp/mcuxpressoide_11.9.1_2170/ide/plugins/com.nxp.mcuxpresso.tools.win32_11.9.1.202402080819/tools/bin/../lib/gcc/arm-none-eabi/12.3.1/../../../../arm-none-eabi/lib/thumb/v6-m/nofp\libcr_c.a(_cr_check_heap.o)
 .debug_abbrev  0x000032b8      0x12c c:/nxp/mcuxpressoide_11.9.1_2170/ide/plugins/com.nxp.mcuxpresso.tools.win32_11.9.1.202402080819/tools/bin/../lib/gcc/arm-none-eabi/12.3.1/../../../../arm-none-eabi/lib/thumb/v6-m/nofp\libcr_c.a(_do_fflush.o)
 .debug_abbrev  0x000033e4       0x51 c:/nxp/mcuxpressoide_11.9.1_2170/ide/plugins/com.nxp.mcuxpresso.tools.win32_11.9.1.202402080819/tools/bin/../lib/gcc/arm-none-eabi/12.3.1/../../../../arm-none-eabi/lib/thumb/v6-m/nofp\libcr_nohost_nf.a(__sys_close.o)
 .debug_abbrev  0x00003435       0x51 c:/nxp/mcuxpressoide_11.9.1_2170/ide/plugins/com.nxp.mcuxpresso.tools.win32_11.9.1.202402080819/tools/bin/../lib/gcc/arm-none-eabi/12.3.1/../../../../arm-none-eabi/lib/thumb/v6-m/nofp\libcr_nohost_nf.a(__sys_flen.o)
 .debug_abbrev  0x00003486       0x51 c:/nxp/mcuxpressoide_11.9.1_2170/ide/plugins/com.nxp.mcuxpresso.tools.win32_11.9.1.202402080819/tools/bin/../lib/gcc/arm-none-eabi/12.3.1/../../../../arm-none-eabi/lib/thumb/v6-m/nofp\libcr_nohost_nf.a(__sys_istty.o)
 .debug_abbrev  0x000034d7       0x7d c:/nxp/mcuxpressoide_11.9.1_2170/ide/plugins/com.nxp.mcuxpresso.tools.win32_11.9.1.202402080819/tools/bin/../lib/gcc/arm-none-eabi/12.3.1/../../../../arm-none-eabi/lib/thumb/v6-m/nofp\libcr_nohost_nf.a(__sys_remove.o)
 .debug_abbrev  0x00003554       0x62 c:/nxp/mcuxpressoide_11.9.1_2170/ide/plugins/com.nxp.mcuxpresso.tools.win32_11.9.1.202402080819/tools/bin/../lib/gcc/arm-none-eabi/12.3.1/../../../../arm-none-eabi/lib/thumb/v6-m/nofp\libcr_nohost_nf.a(__sys_seek.o)
 .debug_abbrev  0x000035b6       0x76 c:/nxp/mcuxpressoide_11.9.1_2170/ide/plugins/com.nxp.mcuxpresso.tools.win32_11.9.1.202402080819/tools/bin/../lib/gcc/arm-none-eabi/12.3.1/../../../../arm-none-eabi/lib/thumb/v6-m/nofp\libcr_nohost_nf.a(__sys_tmpnam.o)
 .debug_abbrev  0x0000362c       0x76 c:/nxp/mcuxpressoide_11.9.1_2170/ide/plugins/com.nxp.mcuxpresso.tools.win32_11.9.1.202402080819/tools/bin/../lib/gcc/arm-none-eabi/12.3.1/../../../../arm-none-eabi/lib/thumb/v6-m/nofp\libcr_nohost_nf.a(__sys_write.o)

.debug_aranges  0x00000000      0xde0
 .debug_aranges
                0x00000000       0x78 ./utilities/fsl_debug_console.o
 .debug_aranges
                0x00000078       0x38 ./utilities/fsl_str.o
 .debug_aranges
                0x000000b0      0x240 ./startup/startup_mkl82z7.o
 .debug_aranges
                0x000002f0       0x30 ./source/i2c_polling_b2b_transfer_master.o
 .debug_aranges
                0x00000320       0x18 ./source/mtb.o
 .debug_aranges
                0x00000338       0x20 ./source/semihost_hardfault.o
 .debug_aranges
                0x00000358      0x1f8 ./drivers/fsl_clock.o
 .debug_aranges
                0x00000550      0x178 ./drivers/fsl_i2c.o
 .debug_aranges
                0x000006c8      0x128 ./drivers/fsl_lpuart.o
 .debug_aranges
                0x000007f0       0x30 ./device/system_MKL82Z7.o
 .debug_aranges
                0x00000820       0x40 ./component/uart/lpuart_adapter.o
 .debug_aranges
                0x00000860       0x88 ./component/serial_manager/serial_manager.o
 .debug_aranges
                0x000008e8       0x38 ./component/serial_manager/serial_port_uart.o
 .debug_aranges
                0x00000920       0x28 ./board/board.o
 .debug_aranges
                0x00000948       0x58 ./board/clock_config.o
 .debug_aranges
                0x000009a0       0x38 ./board/pin_mux.o
 .debug_aranges
                0x000009d8       0x20 c:/nxp/mcuxpressoide_11.9.1_2170/ide/plugins/com.nxp.mcuxpresso.tools.win32_11.9.1.202402080819/tools/bin/../lib/gcc/arm-none-eabi/12.3.1/../../../../arm-none-eabi/lib/thumb/v6-m/nofp\libcr_nohost_nf.a(_cr__main.o)
 .debug_aranges
                0x000009f8       0x20 c:/nxp/mcuxpressoide_11.9.1_2170/ide/plugins/com.nxp.mcuxpresso.tools.win32_11.9.1.202402080819/tools/bin/../lib/gcc/arm-none-eabi/12.3.1/../../../../arm-none-eabi/lib/thumb/v6-m/nofp\libcr_nohost_nf.a(_cr_assert.o)
 .debug_aranges
                0x00000a18       0x18 c:/nxp/mcuxpressoide_11.9.1_2170/ide/plugins/com.nxp.mcuxpresso.tools.win32_11.9.1.202402080819/tools/bin/../lib/gcc/arm-none-eabi/12.3.1/../../../../arm-none-eabi/lib/thumb/v6-m/nofp\libcr_nohost_nf.a(__ciob.o)
 .debug_aranges
                0x00000a30       0x20 c:/nxp/mcuxpressoide_11.9.1_2170/ide/plugins/com.nxp.mcuxpresso.tools.win32_11.9.1.202402080819/tools/bin/../lib/gcc/arm-none-eabi/12.3.1/../../../../arm-none-eabi/lib/thumb/v6-m/nofp\libcr_nohost_nf.a(__sys_appexit.o)
 .debug_aranges
                0x00000a50       0x20 c:/nxp/mcuxpressoide_11.9.1_2170/ide/plugins/com.nxp.mcuxpresso.tools.win32_11.9.1.202402080819/tools/bin/../lib/gcc/arm-none-eabi/12.3.1/../../../../arm-none-eabi/lib/thumb/v6-m/nofp\libcr_c.a(memset.o)
 .debug_aranges
                0x00000a70       0x28 c:/nxp/mcuxpressoide_11.9.1_2170/ide/plugins/com.nxp.mcuxpresso.tools.win32_11.9.1.202402080819/tools/bin/../lib/gcc/arm-none-eabi/12.3.1/../../../../arm-none-eabi/lib/thumb/v6-m/nofp\libcr_c.a(_deferredlazyseek.o)
 .debug_aranges
                0x00000a98       0x20 c:/nxp/mcuxpressoide_11.9.1_2170/ide/plugins/com.nxp.mcuxpresso.tools.win32_11.9.1.202402080819/tools/bin/../lib/gcc/arm-none-eabi/12.3.1/../../../../arm-none-eabi/lib/thumb/v6-m/nofp\libcr_c.a(_fflush.o)
 .debug_aranges
                0x00000ab8       0x20 c:/nxp/mcuxpressoide_11.9.1_2170/ide/plugins/com.nxp.mcuxpresso.tools.win32_11.9.1.202402080819/tools/bin/../lib/gcc/arm-none-eabi/12.3.1/../../../../arm-none-eabi/lib/thumb/v6-m/nofp\libcr_c.a(_writebuf.o)
 .debug_aranges
                0x00000ad8       0x40 c:/nxp/mcuxpressoide_11.9.1_2170/ide/plugins/com.nxp.mcuxpresso.tools.win32_11.9.1.202402080819/tools/bin/../lib/gcc/arm-none-eabi/12.3.1/../../../../arm-none-eabi/lib/thumb/v6-m/nofp\libcr_c.a(alloc.o)
 .debug_aranges
                0x00000b18       0x20 c:/nxp/mcuxpressoide_11.9.1_2170/ide/plugins/com.nxp.mcuxpresso.tools.win32_11.9.1.202402080819/tools/bin/../lib/gcc/arm-none-eabi/12.3.1/../../../../arm-none-eabi/lib/thumb/v6-m/nofp\libcr_c.a(fputs.o)
 .debug_aranges
                0x00000b38       0x20 c:/nxp/mcuxpressoide_11.9.1_2170/ide/plugins/com.nxp.mcuxpresso.tools.win32_11.9.1.202402080819/tools/bin/../lib/gcc/arm-none-eabi/12.3.1/../../../../arm-none-eabi/lib/thumb/v6-m/nofp\libcr_c.a(fseek.o)
 .debug_aranges
                0x00000b58       0x20 c:/nxp/mcuxpressoide_11.9.1_2170/ide/plugins/com.nxp.mcuxpresso.tools.win32_11.9.1.202402080819/tools/bin/../lib/gcc/arm-none-eabi/12.3.1/../../../../arm-none-eabi/lib/thumb/v6-m/nofp\libcr_c.a(ftell.o)
 .debug_aranges
                0x00000b78       0x28 c:/nxp/mcuxpressoide_11.9.1_2170/ide/plugins/com.nxp.mcuxpresso.tools.win32_11.9.1.202402080819/tools/bin/../lib/gcc/arm-none-eabi/12.3.1/../../../../arm-none-eabi/lib/thumb/v6-m/nofp\libcr_c.a(initio.o)
 .debug_aranges
                0x00000ba0       0x20 c:/nxp/mcuxpressoide_11.9.1_2170/ide/plugins/com.nxp.mcuxpresso.tools.win32_11.9.1.202402080819/tools/bin/../lib/gcc/arm-none-eabi/12.3.1/../../../../arm-none-eabi/lib/thumb/v6-m/nofp\libcr_c.a(setvbuf.o)
 .debug_aranges
                0x00000bc0       0x20 c:/nxp/mcuxpressoide_11.9.1_2170/ide/plugins/com.nxp.mcuxpresso.tools.win32_11.9.1.202402080819/tools/bin/../lib/gcc/arm-none-eabi/12.3.1/../../../../arm-none-eabi/lib/thumb/v6-m/nofp\libcr_c.a(strlen.o)
 .debug_aranges
                0x00000be0       0x20 c:/nxp/mcuxpressoide_11.9.1_2170/ide/plugins/com.nxp.mcuxpresso.tools.win32_11.9.1.202402080819/tools/bin/../lib/gcc/arm-none-eabi/12.3.1/../../../../arm-none-eabi/lib/thumb/v6-m/nofp\libcr_c.a(__init_alloc.o)
 .debug_aranges
                0x00000c00       0x20 c:/nxp/mcuxpressoide_11.9.1_2170/ide/plugins/com.nxp.mcuxpresso.tools.win32_11.9.1.202402080819/tools/bin/../lib/gcc/arm-none-eabi/12.3.1/../../../../arm-none-eabi/lib/thumb/v6-m/nofp\libcr_c.a(_cr_sbrk.o)
 .debug_aranges
                0x00000c20       0x20 c:/nxp/mcuxpressoide_11.9.1_2170/ide/plugins/com.nxp.mcuxpresso.tools.win32_11.9.1.202402080819/tools/bin/../lib/gcc/arm-none-eabi/12.3.1/../../../../arm-none-eabi/lib/thumb/v6-m/nofp\libcr_c.a(_fdopen.o)
 .debug_aranges
                0x00000c40       0x18 c:/nxp/mcuxpressoide_11.9.1_2170/ide/plugins/com.nxp.mcuxpresso.tools.win32_11.9.1.202402080819/tools/bin/../lib/gcc/arm-none-eabi/12.3.1/../../../../arm-none-eabi/lib/thumb/v6-m/nofp\libcr_c.a(errno.o)
 .debug_aranges
                0x00000c58       0x20 c:/nxp/mcuxpressoide_11.9.1_2170/ide/plugins/com.nxp.mcuxpresso.tools.win32_11.9.1.202402080819/tools/bin/../lib/gcc/arm-none-eabi/12.3.1/../../../../arm-none-eabi/lib/thumb/v6-m/nofp\libcr_c.a(fclose.o)
 .debug_aranges
                0x00000c78       0x20 c:/nxp/mcuxpressoide_11.9.1_2170/ide/plugins/com.nxp.mcuxpresso.tools.win32_11.9.1.202402080819/tools/bin/../lib/gcc/arm-none-eabi/12.3.1/../../../../arm-none-eabi/lib/thumb/v6-m/nofp\libcr_c.a(fflush.o)
 .debug_aranges
                0x00000c98       0x28 c:/nxp/mcuxpressoide_11.9.1_2170/ide/plugins/com.nxp.mcuxpresso.tools.win32_11.9.1.202402080819/tools/bin/../lib/gcc/arm-none-eabi/12.3.1/../../../../arm-none-eabi/lib/thumb/v6-m/nofp\libcr_c.a(remove.o)
 .debug_aranges
                0x00000cc0       0x20 c:/nxp/mcuxpressoide_11.9.1_2170/ide/plugins/com.nxp.mcuxpresso.tools.win32_11.9.1.202402080819/tools/bin/../lib/gcc/arm-none-eabi/12.3.1/../../../../arm-none-eabi/lib/thumb/v6-m/nofp\libcr_c.a(_cr_check_heap.o)
 .debug_aranges
                0x00000ce0       0x20 c:/nxp/mcuxpressoide_11.9.1_2170/ide/plugins/com.nxp.mcuxpresso.tools.win32_11.9.1.202402080819/tools/bin/../lib/gcc/arm-none-eabi/12.3.1/../../../../arm-none-eabi/lib/thumb/v6-m/nofp\libcr_c.a(_do_fflush.o)
 .debug_aranges
                0x00000d00       0x20 c:/nxp/mcuxpressoide_11.9.1_2170/ide/plugins/com.nxp.mcuxpresso.tools.win32_11.9.1.202402080819/tools/bin/../lib/gcc/arm-none-eabi/12.3.1/../../../../arm-none-eabi/lib/thumb/v6-m/nofp\libcr_nohost_nf.a(__sys_close.o)
 .debug_aranges
                0x00000d20       0x20 c:/nxp/mcuxpressoide_11.9.1_2170/ide/plugins/com.nxp.mcuxpresso.tools.win32_11.9.1.202402080819/tools/bin/../lib/gcc/arm-none-eabi/12.3.1/../../../../arm-none-eabi/lib/thumb/v6-m/nofp\libcr_nohost_nf.a(__sys_flen.o)
 .debug_aranges
                0x00000d40       0x20 c:/nxp/mcuxpressoide_11.9.1_2170/ide/plugins/com.nxp.mcuxpresso.tools.win32_11.9.1.202402080819/tools/bin/../lib/gcc/arm-none-eabi/12.3.1/../../../../arm-none-eabi/lib/thumb/v6-m/nofp\libcr_nohost_nf.a(__sys_istty.o)
 .debug_aranges
                0x00000d60       0x20 c:/nxp/mcuxpressoide_11.9.1_2170/ide/plugins/com.nxp.mcuxpresso.tools.win32_11.9.1.202402080819/tools/bin/../lib/gcc/arm-none-eabi/12.3.1/../../../../arm-none-eabi/lib/thumb/v6-m/nofp\libcr_nohost_nf.a(__sys_remove.o)
 .debug_aranges
                0x00000d80       0x20 c:/nxp/mcuxpressoide_11.9.1_2170/ide/plugins/com.nxp.mcuxpresso.tools.win32_11.9.1.202402080819/tools/bin/../lib/gcc/arm-none-eabi/12.3.1/../../../../arm-none-eabi/lib/thumb/v6-m/nofp\libcr_nohost_nf.a(__sys_seek.o)
 .debug_aranges
                0x00000da0       0x20 c:/nxp/mcuxpressoide_11.9.1_2170/ide/plugins/com.nxp.mcuxpresso.tools.win32_11.9.1.202402080819/tools/bin/../lib/gcc/arm-none-eabi/12.3.1/../../../../arm-none-eabi/lib/thumb/v6-m/nofp\libcr_nohost_nf.a(__sys_tmpnam.o)
 .debug_aranges
                0x00000dc0       0x20 c:/nxp/mcuxpressoide_11.9.1_2170/ide/plugins/com.nxp.mcuxpresso.tools.win32_11.9.1.202402080819/tools/bin/../lib/gcc/arm-none-eabi/12.3.1/../../../../arm-none-eabi/lib/thumb/v6-m/nofp\libcr_nohost_nf.a(__sys_write.o)

.debug_ranges   0x00000000      0xb98
 .debug_ranges  0x00000000       0x68 ./utilities/fsl_debug_console.o
 .debug_ranges  0x00000068       0x28 ./utilities/fsl_str.o
 .debug_ranges  0x00000090      0x230 ./startup/startup_mkl82z7.o
 .debug_ranges  0x000002c0       0x20 ./source/i2c_polling_b2b_transfer_master.o
 .debug_ranges  0x000002e0       0x10 ./source/semihost_hardfault.o
 .debug_ranges  0x000002f0      0x1e8 ./drivers/fsl_clock.o
 .debug_ranges  0x000004d8      0x168 ./drivers/fsl_i2c.o
 .debug_ranges  0x00000640      0x118 ./drivers/fsl_lpuart.o
 .debug_ranges  0x00000758       0x20 ./device/system_MKL82Z7.o
 .debug_ranges  0x00000778       0x30 ./component/uart/lpuart_adapter.o
 .debug_ranges  0x000007a8       0x78 ./component/serial_manager/serial_manager.o
 .debug_ranges  0x00000820       0x28 ./component/serial_manager/serial_port_uart.o
 .debug_ranges  0x00000848       0x18 ./board/board.o
 .debug_ranges  0x00000860       0x48 ./board/clock_config.o
 .debug_ranges  0x000008a8       0x28 ./board/pin_mux.o
 .debug_ranges  0x000008d0       0x10 c:/nxp/mcuxpressoide_11.9.1_2170/ide/plugins/com.nxp.mcuxpresso.tools.win32_11.9.1.202402080819/tools/bin/../lib/gcc/arm-none-eabi/12.3.1/../../../../arm-none-eabi/lib/thumb/v6-m/nofp\libcr_nohost_nf.a(_cr__main.o)
 .debug_ranges  0x000008e0       0x10 c:/nxp/mcuxpressoide_11.9.1_2170/ide/plugins/com.nxp.mcuxpresso.tools.win32_11.9.1.202402080819/tools/bin/../lib/gcc/arm-none-eabi/12.3.1/../../../../arm-none-eabi/lib/thumb/v6-m/nofp\libcr_nohost_nf.a(_cr_assert.o)
 .debug_ranges  0x000008f0       0x10 c:/nxp/mcuxpressoide_11.9.1_2170/ide/plugins/com.nxp.mcuxpresso.tools.win32_11.9.1.202402080819/tools/bin/../lib/gcc/arm-none-eabi/12.3.1/../../../../arm-none-eabi/lib/thumb/v6-m/nofp\libcr_nohost_nf.a(__sys_appexit.o)
 .debug_ranges  0x00000900       0x10 c:/nxp/mcuxpressoide_11.9.1_2170/ide/plugins/com.nxp.mcuxpresso.tools.win32_11.9.1.202402080819/tools/bin/../lib/gcc/arm-none-eabi/12.3.1/../../../../arm-none-eabi/lib/thumb/v6-m/nofp\libcr_c.a(memset.o)
 .debug_ranges  0x00000910       0x50 c:/nxp/mcuxpressoide_11.9.1_2170/ide/plugins/com.nxp.mcuxpresso.tools.win32_11.9.1.202402080819/tools/bin/../lib/gcc/arm-none-eabi/12.3.1/../../../../arm-none-eabi/lib/thumb/v6-m/nofp\libcr_c.a(_deferredlazyseek.o)
 .debug_ranges  0x00000960       0x10 c:/nxp/mcuxpressoide_11.9.1_2170/ide/plugins/com.nxp.mcuxpresso.tools.win32_11.9.1.202402080819/tools/bin/../lib/gcc/arm-none-eabi/12.3.1/../../../../arm-none-eabi/lib/thumb/v6-m/nofp\libcr_c.a(_fflush.o)
 .debug_ranges  0x00000970       0x10 c:/nxp/mcuxpressoide_11.9.1_2170/ide/plugins/com.nxp.mcuxpresso.tools.win32_11.9.1.202402080819/tools/bin/../lib/gcc/arm-none-eabi/12.3.1/../../../../arm-none-eabi/lib/thumb/v6-m/nofp\libcr_c.a(_writebuf.o)
 .debug_ranges  0x00000980       0x50 c:/nxp/mcuxpressoide_11.9.1_2170/ide/plugins/com.nxp.mcuxpresso.tools.win32_11.9.1.202402080819/tools/bin/../lib/gcc/arm-none-eabi/12.3.1/../../../../arm-none-eabi/lib/thumb/v6-m/nofp\libcr_c.a(alloc.o)
 .debug_ranges  0x000009d0       0x10 c:/nxp/mcuxpressoide_11.9.1_2170/ide/plugins/com.nxp.mcuxpresso.tools.win32_11.9.1.202402080819/tools/bin/../lib/gcc/arm-none-eabi/12.3.1/../../../../arm-none-eabi/lib/thumb/v6-m/nofp\libcr_c.a(fputs.o)
 .debug_ranges  0x000009e0       0x10 c:/nxp/mcuxpressoide_11.9.1_2170/ide/plugins/com.nxp.mcuxpresso.tools.win32_11.9.1.202402080819/tools/bin/../lib/gcc/arm-none-eabi/12.3.1/../../../../arm-none-eabi/lib/thumb/v6-m/nofp\libcr_c.a(fseek.o)
 .debug_ranges  0x000009f0       0x10 c:/nxp/mcuxpressoide_11.9.1_2170/ide/plugins/com.nxp.mcuxpresso.tools.win32_11.9.1.202402080819/tools/bin/../lib/gcc/arm-none-eabi/12.3.1/../../../../arm-none-eabi/lib/thumb/v6-m/nofp\libcr_c.a(ftell.o)
 .debug_ranges  0x00000a00       0x38 c:/nxp/mcuxpressoide_11.9.1_2170/ide/plugins/com.nxp.mcuxpresso.tools.win32_11.9.1.202402080819/tools/bin/../lib/gcc/arm-none-eabi/12.3.1/../../../../arm-none-eabi/lib/thumb/v6-m/nofp\libcr_c.a(initio.o)
 .debug_ranges  0x00000a38       0x10 c:/nxp/mcuxpressoide_11.9.1_2170/ide/plugins/com.nxp.mcuxpresso.tools.win32_11.9.1.202402080819/tools/bin/../lib/gcc/arm-none-eabi/12.3.1/../../../../arm-none-eabi/lib/thumb/v6-m/nofp\libcr_c.a(setvbuf.o)
 .debug_ranges  0x00000a48       0x28 c:/nxp/mcuxpressoide_11.9.1_2170/ide/plugins/com.nxp.mcuxpresso.tools.win32_11.9.1.202402080819/tools/bin/../lib/gcc/arm-none-eabi/12.3.1/../../../../arm-none-eabi/lib/thumb/v6-m/nofp\libcr_c.a(strlen.o)
 .debug_ranges  0x00000a70       0x10 c:/nxp/mcuxpressoide_11.9.1_2170/ide/plugins/com.nxp.mcuxpresso.tools.win32_11.9.1.202402080819/tools/bin/../lib/gcc/arm-none-eabi/12.3.1/../../../../arm-none-eabi/lib/thumb/v6-m/nofp\libcr_c.a(__init_alloc.o)
 .debug_ranges  0x00000a80       0x10 c:/nxp/mcuxpressoide_11.9.1_2170/ide/plugins/com.nxp.mcuxpresso.tools.win32_11.9.1.202402080819/tools/bin/../lib/gcc/arm-none-eabi/12.3.1/../../../../arm-none-eabi/lib/thumb/v6-m/nofp\libcr_c.a(_cr_sbrk.o)
 .debug_ranges  0x00000a90       0x10 c:/nxp/mcuxpressoide_11.9.1_2170/ide/plugins/com.nxp.mcuxpresso.tools.win32_11.9.1.202402080819/tools/bin/../lib/gcc/arm-none-eabi/12.3.1/../../../../arm-none-eabi/lib/thumb/v6-m/nofp\libcr_c.a(_fdopen.o)
 .debug_ranges  0x00000aa0       0x10 c:/nxp/mcuxpressoide_11.9.1_2170/ide/plugins/com.nxp.mcuxpresso.tools.win32_11.9.1.202402080819/tools/bin/../lib/gcc/arm-none-eabi/12.3.1/../../../../arm-none-eabi/lib/thumb/v6-m/nofp\libcr_c.a(fclose.o)
 .debug_ranges  0x00000ab0       0x28 c:/nxp/mcuxpressoide_11.9.1_2170/ide/plugins/com.nxp.mcuxpresso.tools.win32_11.9.1.202402080819/tools/bin/../lib/gcc/arm-none-eabi/12.3.1/../../../../arm-none-eabi/lib/thumb/v6-m/nofp\libcr_c.a(fflush.o)
 .debug_ranges  0x00000ad8       0x18 c:/nxp/mcuxpressoide_11.9.1_2170/ide/plugins/com.nxp.mcuxpresso.tools.win32_11.9.1.202402080819/tools/bin/../lib/gcc/arm-none-eabi/12.3.1/../../../../arm-none-eabi/lib/thumb/v6-m/nofp\libcr_c.a(remove.o)
 .debug_ranges  0x00000af0       0x10 c:/nxp/mcuxpressoide_11.9.1_2170/ide/plugins/com.nxp.mcuxpresso.tools.win32_11.9.1.202402080819/tools/bin/../lib/gcc/arm-none-eabi/12.3.1/../../../../arm-none-eabi/lib/thumb/v6-m/nofp\libcr_c.a(_cr_check_heap.o)
 .debug_ranges  0x00000b00       0x28 c:/nxp/mcuxpressoide_11.9.1_2170/ide/plugins/com.nxp.mcuxpresso.tools.win32_11.9.1.202402080819/tools/bin/../lib/gcc/arm-none-eabi/12.3.1/../../../../arm-none-eabi/lib/thumb/v6-m/nofp\libcr_c.a(_do_fflush.o)
 .debug_ranges  0x00000b28       0x10 c:/nxp/mcuxpressoide_11.9.1_2170/ide/plugins/com.nxp.mcuxpresso.tools.win32_11.9.1.202402080819/tools/bin/../lib/gcc/arm-none-eabi/12.3.1/../../../../arm-none-eabi/lib/thumb/v6-m/nofp\libcr_nohost_nf.a(__sys_close.o)
 .debug_ranges  0x00000b38       0x10 c:/nxp/mcuxpressoide_11.9.1_2170/ide/plugins/com.nxp.mcuxpresso.tools.win32_11.9.1.202402080819/tools/bin/../lib/gcc/arm-none-eabi/12.3.1/../../../../arm-none-eabi/lib/thumb/v6-m/nofp\libcr_nohost_nf.a(__sys_flen.o)
 .debug_ranges  0x00000b48       0x10 c:/nxp/mcuxpressoide_11.9.1_2170/ide/plugins/com.nxp.mcuxpresso.tools.win32_11.9.1.202402080819/tools/bin/../lib/gcc/arm-none-eabi/12.3.1/../../../../arm-none-eabi/lib/thumb/v6-m/nofp\libcr_nohost_nf.a(__sys_istty.o)
 .debug_ranges  0x00000b58       0x10 c:/nxp/mcuxpressoide_11.9.1_2170/ide/plugins/com.nxp.mcuxpresso.tools.win32_11.9.1.202402080819/tools/bin/../lib/gcc/arm-none-eabi/12.3.1/../../../../arm-none-eabi/lib/thumb/v6-m/nofp\libcr_nohost_nf.a(__sys_remove.o)
 .debug_ranges  0x00000b68       0x10 c:/nxp/mcuxpressoide_11.9.1_2170/ide/plugins/com.nxp.mcuxpresso.tools.win32_11.9.1.202402080819/tools/bin/../lib/gcc/arm-none-eabi/12.3.1/../../../../arm-none-eabi/lib/thumb/v6-m/nofp\libcr_nohost_nf.a(__sys_seek.o)
 .debug_ranges  0x00000b78       0x10 c:/nxp/mcuxpressoide_11.9.1_2170/ide/plugins/com.nxp.mcuxpresso.tools.win32_11.9.1.202402080819/tools/bin/../lib/gcc/arm-none-eabi/12.3.1/../../../../arm-none-eabi/lib/thumb/v6-m/nofp\libcr_nohost_nf.a(__sys_tmpnam.o)
 .debug_ranges  0x00000b88       0x10 c:/nxp/mcuxpressoide_11.9.1_2170/ide/plugins/com.nxp.mcuxpresso.tools.win32_11.9.1.202402080819/tools/bin/../lib/gcc/arm-none-eabi/12.3.1/../../../../arm-none-eabi/lib/thumb/v6-m/nofp\libcr_nohost_nf.a(__sys_write.o)

.debug_macro    0x00000000     0x14ef
 .debug_macro   0x00000000      0x16a ./utilities/fsl_debug_console.o
 .debug_macro   0x0000016a       0x16 ./utilities/fsl_debug_console.o
 .debug_macro   0x00000180       0x10 ./utilities/fsl_debug_console.o
 .debug_macro   0x00000190       0x28 ./utilities/fsl_debug_console.o
 .debug_macro   0x000001b8       0x54 ./utilities/fsl_debug_console.o
 .debug_macro   0x0000020c       0x16 ./utilities/fsl_debug_console.o
 .debug_macro   0x00000222       0x34 ./utilities/fsl_debug_console.o
 .debug_macro   0x00000256      0x117 ./utilities/fsl_str.o
 .debug_macro   0x0000036d       0xc4 ./utilities/fsl_str.o
 .debug_macro   0x00000431       0x1c ./utilities/fsl_str.o
 .debug_macro   0x0000044d       0x29 ./startup/startup_mkl82z7.o
 .debug_macro   0x00000476      0x18d ./source/i2c_polling_b2b_transfer_master.o
 .debug_macro   0x00000603       0x1c ./source/i2c_polling_b2b_transfer_master.o
 .debug_macro   0x0000061f       0x10 ./source/i2c_polling_b2b_transfer_master.o
 .debug_macro   0x0000062f      0x213 ./source/i2c_polling_b2b_transfer_master.o
 .debug_macro   0x00000842       0x1c ./source/i2c_polling_b2b_transfer_master.o
 .debug_macro   0x0000085e       0x16 ./source/i2c_polling_b2b_transfer_master.o
 .debug_macro   0x00000874       0x2f ./source/mtb.o
 .debug_macro   0x000008a3       0x82 ./source/mtb.o
 .debug_macro   0x00000925       0x10 ./source/mtb.o
 .debug_macro   0x00000935       0x11 ./source/semihost_hardfault.o
 .debug_macro   0x00000946      0x1dc ./drivers/fsl_clock.o
 .debug_macro   0x00000b22      0x107 ./drivers/fsl_i2c.o
 .debug_macro   0x00000c29       0x16 ./drivers/fsl_i2c.o
 .debug_macro   0x00000c3f      0x108 ./drivers/fsl_lpuart.o
 .debug_macro   0x00000d47       0x97 ./device/system_MKL82Z7.o
 .debug_macro   0x00000dde      0x104 ./component/uart/lpuart_adapter.o
 .debug_macro   0x00000ee2       0x10 ./component/uart/lpuart_adapter.o
 .debug_macro   0x00000ef2       0x1c ./component/uart/lpuart_adapter.o
 .debug_macro   0x00000f0e      0x121 ./component/serial_manager/serial_manager.o
 .debug_macro   0x0000102f      0x112 ./component/serial_manager/serial_port_uart.o
 .debug_macro   0x00001141       0x1c ./component/serial_manager/serial_port_uart.o
 .debug_macro   0x0000115d      0x13f ./board/board.o
 .debug_macro   0x0000129c      0x139 ./board/clock_config.o
 .debug_macro   0x000013d5      0x104 ./board/pin_mux.o
 .debug_macro   0x000014d9       0x16 ./board/pin_mux.o

.debug_line     0x00000000     0x9dc1
 .debug_line    0x00000000      0x7a4 ./utilities/fsl_debug_console.o
 .debug_line    0x000007a4      0xabd ./utilities/fsl_str.o
 .debug_line    0x00001261      0x408 ./startup/startup_mkl82z7.o
 .debug_line    0x00001669      0x792 ./source/i2c_polling_b2b_transfer_master.o
 .debug_line    0x00001dfb       0xd1 ./source/mtb.o
 .debug_line    0x00001ecc       0x59 ./source/semihost_hardfault.o
 .debug_line    0x00001f25     0x15ba ./drivers/fsl_clock.o
 .debug_line    0x000034df     0x14e9 ./drivers/fsl_i2c.o
 .debug_line    0x000049c8     0x1079 ./drivers/fsl_lpuart.o
 .debug_line    0x00005a41      0x42a ./device/system_MKL82Z7.o
 .debug_line    0x00005e6b      0x54c ./component/uart/lpuart_adapter.o
 .debug_line    0x000063b7      0x700 ./component/serial_manager/serial_manager.o
 .debug_line    0x00006ab7      0x5b5 ./component/serial_manager/serial_port_uart.o
 .debug_line    0x0000706c      0x59d ./board/board.o
 .debug_line    0x00007609      0x550 ./board/clock_config.o
 .debug_line    0x00007b59      0x4ab ./board/pin_mux.o
 .debug_line    0x00008004       0xcd c:/nxp/mcuxpressoide_11.9.1_2170/ide/plugins/com.nxp.mcuxpresso.tools.win32_11.9.1.202402080819/tools/bin/../lib/gcc/arm-none-eabi/12.3.1/../../../../arm-none-eabi/lib/thumb/v6-m/nofp\libcr_nohost_nf.a(_cr__main.o)
 .debug_line    0x000080d1      0x12a c:/nxp/mcuxpressoide_11.9.1_2170/ide/plugins/com.nxp.mcuxpresso.tools.win32_11.9.1.202402080819/tools/bin/../lib/gcc/arm-none-eabi/12.3.1/../../../../arm-none-eabi/lib/thumb/v6-m/nofp\libcr_nohost_nf.a(_cr_assert.o)
 .debug_line    0x000081fb       0xf2 c:/nxp/mcuxpressoide_11.9.1_2170/ide/plugins/com.nxp.mcuxpresso.tools.win32_11.9.1.202402080819/tools/bin/../lib/gcc/arm-none-eabi/12.3.1/../../../../arm-none-eabi/lib/thumb/v6-m/nofp\libcr_nohost_nf.a(__ciob.o)
 .debug_line    0x000082ed       0x56 c:/nxp/mcuxpressoide_11.9.1_2170/ide/plugins/com.nxp.mcuxpresso.tools.win32_11.9.1.202402080819/tools/bin/../lib/gcc/arm-none-eabi/12.3.1/../../../../arm-none-eabi/lib/thumb/v6-m/nofp\libcr_nohost_nf.a(__sys_appexit.o)
 .debug_line    0x00008343       0x82 c:/nxp/mcuxpressoide_11.9.1_2170/ide/plugins/com.nxp.mcuxpresso.tools.win32_11.9.1.202402080819/tools/bin/../lib/gcc/arm-none-eabi/12.3.1/../../../../arm-none-eabi/lib/thumb/v6-m/nofp\libcr_c.a(memset.o)
 .debug_line    0x000083c5      0x305 c:/nxp/mcuxpressoide_11.9.1_2170/ide/plugins/com.nxp.mcuxpresso.tools.win32_11.9.1.202402080819/tools/bin/../lib/gcc/arm-none-eabi/12.3.1/../../../../arm-none-eabi/lib/thumb/v6-m/nofp\libcr_c.a(_deferredlazyseek.o)
 .debug_line    0x000086ca      0x11f c:/nxp/mcuxpressoide_11.9.1_2170/ide/plugins/com.nxp.mcuxpresso.tools.win32_11.9.1.202402080819/tools/bin/../lib/gcc/arm-none-eabi/12.3.1/../../../../arm-none-eabi/lib/thumb/v6-m/nofp\libcr_c.a(_fflush.o)
 .debug_line    0x000087e9      0x139 c:/nxp/mcuxpressoide_11.9.1_2170/ide/plugins/com.nxp.mcuxpresso.tools.win32_11.9.1.202402080819/tools/bin/../lib/gcc/arm-none-eabi/12.3.1/../../../../arm-none-eabi/lib/thumb/v6-m/nofp\libcr_c.a(_writebuf.o)
 .debug_line    0x00008922      0x3db c:/nxp/mcuxpressoide_11.9.1_2170/ide/plugins/com.nxp.mcuxpresso.tools.win32_11.9.1.202402080819/tools/bin/../lib/gcc/arm-none-eabi/12.3.1/../../../../arm-none-eabi/lib/thumb/v6-m/nofp\libcr_c.a(alloc.o)
 .debug_line    0x00008cfd       0xcb c:/nxp/mcuxpressoide_11.9.1_2170/ide/plugins/com.nxp.mcuxpresso.tools.win32_11.9.1.202402080819/tools/bin/../lib/gcc/arm-none-eabi/12.3.1/../../../../arm-none-eabi/lib/thumb/v6-m/nofp\libcr_c.a(fputs.o)
 .debug_line    0x00008dc8      0x242 c:/nxp/mcuxpressoide_11.9.1_2170/ide/plugins/com.nxp.mcuxpresso.tools.win32_11.9.1.202402080819/tools/bin/../lib/gcc/arm-none-eabi/12.3.1/../../../../arm-none-eabi/lib/thumb/v6-m/nofp\libcr_c.a(fseek.o)
 .debug_line    0x0000900a      0x10c c:/nxp/mcuxpressoide_11.9.1_2170/ide/plugins/com.nxp.mcuxpresso.tools.win32_11.9.1.202402080819/tools/bin/../lib/gcc/arm-none-eabi/12.3.1/../../../../arm-none-eabi/lib/thumb/v6-m/nofp\libcr_c.a(ftell.o)
 .debug_line    0x00009116      0x126 c:/nxp/mcuxpressoide_11.9.1_2170/ide/plugins/com.nxp.mcuxpresso.tools.win32_11.9.1.202402080819/tools/bin/../lib/gcc/arm-none-eabi/12.3.1/../../../../arm-none-eabi/lib/thumb/v6-m/nofp\libcr_c.a(initio.o)
 .debug_line    0x0000923c       0xf7 c:/nxp/mcuxpressoide_11.9.1_2170/ide/plugins/com.nxp.mcuxpresso.tools.win32_11.9.1.202402080819/tools/bin/../lib/gcc/arm-none-eabi/12.3.1/../../../../arm-none-eabi/lib/thumb/v6-m/nofp\libcr_c.a(setvbuf.o)
 .debug_line    0x00009333      0x11b c:/nxp/mcuxpressoide_11.9.1_2170/ide/plugins/com.nxp.mcuxpresso.tools.win32_11.9.1.202402080819/tools/bin/../lib/gcc/arm-none-eabi/12.3.1/../../../../arm-none-eabi/lib/thumb/v6-m/nofp\libcr_c.a(strlen.o)
 .debug_line    0x0000944e       0x5f c:/nxp/mcuxpressoide_11.9.1_2170/ide/plugins/com.nxp.mcuxpresso.tools.win32_11.9.1.202402080819/tools/bin/../lib/gcc/arm-none-eabi/12.3.1/../../../../arm-none-eabi/lib/thumb/v6-m/nofp\libcr_c.a(__init_alloc.o)
 .debug_line    0x000094ad      0x108 c:/nxp/mcuxpressoide_11.9.1_2170/ide/plugins/com.nxp.mcuxpresso.tools.win32_11.9.1.202402080819/tools/bin/../lib/gcc/arm-none-eabi/12.3.1/../../../../arm-none-eabi/lib/thumb/v6-m/nofp\libcr_c.a(_cr_sbrk.o)
 .debug_line    0x000095b5      0x15f c:/nxp/mcuxpressoide_11.9.1_2170/ide/plugins/com.nxp.mcuxpresso.tools.win32_11.9.1.202402080819/tools/bin/../lib/gcc/arm-none-eabi/12.3.1/../../../../arm-none-eabi/lib/thumb/v6-m/nofp\libcr_c.a(_fdopen.o)