../startup/startup_mkl82z7.c:326:6:data_init	8	static
../startup/startup_mkl82z7.c:335:6:bss_init	0	static
../startup/startup_mkl82z7.c:360:6:ResetISR	8	static
../startup/startup_mkl82z7.c:447:14:NMI_Handler	0	static
../startup/startup_mkl82z7.c:451:14:HardFault_Handler	0	static
../startup/startup_mkl82z7.c:455:14:SVC_Handler	0	static
../startup/startup_mkl82z7.c:459:14:PendSV_Handler	0	static
../startup/startup_mkl82z7.c:463:14:SysTick_Handler	0	static
../startup/startup_mkl82z7.c:471:14:IntDefaultHandler	0	static
../startup/startup_mkl82z7.c:481:14:DMA0_DMA4_IRQHandler	8	static
../startup/startup_mkl82z7.c:485:14:DMA1_DMA5_IRQHandler	8	static
../startup/startup_mkl82z7.c:489:14:DMA2_DMA6_IRQHandler	8	static
../startup/startup_mkl82z7.c:493:14:DMA3_DMA7_IRQHandler	8	static
../startup/startup_mkl82z7.c:497:14:DMA_Error_IRQHandler	8	static
../startup/startup_mkl82z7.c:501:14:FLEXIO0_IRQHandler	8	static
../startup/startup_mkl82z7.c:505:14:TPM0_IRQHandler	8	static
../startup/startup_mkl82z7.c:509:14:TPM1_IRQHandler	8	static
../startup/startup_mkl82z7.c:513:14:TPM2_IRQHandler	8	static
../startup/startup_mkl82z7.c:517:14:PIT0_IRQHandler	8	static
../startup/startup_mkl82z7.c:521:14:SPI0_IRQHandler	8	static
../startup/startup_mkl82z7.c:525:14:EMVSIM0_IRQHandler	8	static
../startup/startup_mkl82z7.c:529:14:LPUART0_IRQHandler	8	static
../startup/startup_mkl82z7.c:533:14:LPUART1_IRQHandler	8	static
../startup/startup_mkl82z7.c:537:14:I2C0_IRQHandler	8	static
../startup/startup_mkl82z7.c:541:14:QSPI0_IRQHandler	8	static
../startup/startup_mkl82z7.c:545:14:Reserved32_IRQHandler	8	static
../startup/startup_mkl82z7.c:549:14:PORTA_IRQHandler	8	static
../startup/startup_mkl82z7.c:553:14:PORTB_IRQHandler	8	static
../startup/startup_mkl82z7.c:557:14:PORTC_IRQHandler	8	static
../startup/startup_mkl82z7.c:561:14:PORTD_IRQHandler	8	static
../startup/startup_mkl82z7.c:565:14:PORTE_IRQHandler	8	static
../startup/startup_mkl82z7.c:569:14:LLWU_IRQHandler	8	static
../startup/startup_mkl82z7.c:573:14:LTC0_IRQHandler	8	static
../startup/startup_mkl82z7.c:577:14:USB0_IRQHandler	8	static
../startup/startup_mkl82z7.c:581:14:ADC0_IRQHandler	8	static
../startup/startup_mkl82z7.c:585:14:LPTMR0_IRQHandler	8	static
../startup/startup_mkl82z7.c:589:14:RTC_Seconds_IRQHandler	8	static
../startup/startup_mkl82z7.c:593:14:INTMUX0_0_IRQHandler	8	static
../startup/startup_mkl82z7.c:597:14:INTMUX0_1_IRQHandler	8	static
../startup/startup_mkl82z7.c:601:14:INTMUX0_2_IRQHandler	8	static
../startup/startup_mkl82z7.c:605:14:INTMUX0_3_IRQHandler	8	static
../startup/startup_mkl82z7.c:609:14:LPTMR1_IRQHandler	8	static
../startup/startup_mkl82z7.c:613:14:Reserved49_IRQHandler	8	static
../startup/startup_mkl82z7.c:617:14:Reserved50_IRQHandler	8	static
../startup/startup_mkl82z7.c:621:14:Reserved51_IRQHandler	8	static
../startup/startup_mkl82z7.c:625:14:SPI1_IRQHandler	8	static
../startup/startup_mkl82z7.c:629:14:LPUART2_IRQHandler	8	static
../startup/startup_mkl82z7.c:633:14:EMVSIM1_IRQHandler	8	static
../startup/startup_mkl82z7.c:637:14:I2C1_IRQHandler	8	static
../startup/startup_mkl82z7.c:641:14:TSI0_IRQHandler	8	static
../startup/startup_mkl82z7.c:645:14:PMC_IRQHandler	8	static
../startup/startup_mkl82z7.c:649:14:FTFA_IRQHandler	8	static
../startup/startup_mkl82z7.c:653:14:MCG_IRQHandler	8	static
../startup/startup_mkl82z7.c:657:14:WDOG_EWM_IRQHandler	8	static
../startup/startup_mkl82z7.c:661:14:DAC0_IRQHandler	8	static
../startup/startup_mkl82z7.c:665:14:TRNG0_IRQHandler	8	static
../startup/startup_mkl82z7.c:669:14:Reserved63_IRQHandler	8	static
../startup/startup_mkl82z7.c:673:14:CMP0_IRQHandler	8	static
../startup/startup_mkl82z7.c:677:14:Reserved65_IRQHandler	8	static
../startup/startup_mkl82z7.c:681:14:RTC_Alarm_IRQHandler	8	static
../startup/startup_mkl82z7.c:685:14:Reserved67_IRQHandler	8	static
../startup/startup_mkl82z7.c:689:14:Reserved68_IRQHandler	8	static
../startup/startup_mkl82z7.c:693:14:Reserved69_IRQHandler	8	static
../startup/startup_mkl82z7.c:697:14:Reserved70_IRQHandler	8	static
../startup/startup_mkl82z7.c:701:14:Reserved71_IRQHandler	8	static
../startup/startup_mkl82z7.c:705:14:DMA4_IRQHandler	8	static
../startup/startup_mkl82z7.c:709:14:DMA5_IRQHandler	8	static
../startup/startup_mkl82z7.c:713:14:DMA6_IRQHandler	8	static
../startup/startup_mkl82z7.c:717:14:DMA7_IRQHandler	8	static
